Archive member included to satisfy reference by file (symbol)

../Middlewares/ST/AI/Lib\NetworkRuntime730_CM4_GCC.a(ai_platform.o)
                              ./X-CUBE-AI/App/network.o (ai_buffer_array_item_set_address)
../Middlewares/ST/AI/Lib\NetworkRuntime730_CM4_GCC.a(ai_platform_interface.o)
                              ./X-CUBE-AI/App/network.o (ai_platform_get_weights_map)
../Middlewares/ST/AI/Lib\NetworkRuntime730_CM4_GCC.a(core_mem_manager.o)
                              ../Middlewares/ST/AI/Lib\NetworkRuntime730_CM4_GCC.a(ai_platform_interface.o) (core_mem_alloc)
../Middlewares/ST/AI/Lib\NetworkRuntime730_CM4_GCC.a(core_common.o)
                              ../Middlewares/ST/AI/Lib\NetworkRuntime730_CM4_GCC.a(ai_platform_interface.o) (core_init)
../Middlewares/ST/AI/Lib\NetworkRuntime730_CM4_GCC.a(layers_conv2d_generic_float.o)
                              ./X-CUBE-AI/App/network.o (forward_dense)
../Middlewares/ST/AI/Lib\NetworkRuntime730_CM4_GCC.a(layers_nl_generic_float.o)
                              ./X-CUBE-AI/App/network.o (forward_sigmoid)
../Middlewares/ST/AI/Lib\NetworkRuntime730_CM4_GCC.a(layers.o)
                              ../Middlewares/ST/AI/Lib\NetworkRuntime730_CM4_GCC.a(ai_platform_interface.o) (ai_check_custom_types)
../Middlewares/ST/AI/Lib\NetworkRuntime730_CM4_GCC.a(lite_dense_if32.o)
                              ../Middlewares/ST/AI/Lib\NetworkRuntime730_CM4_GCC.a(layers_conv2d_generic_float.o) (lite_dense_if32of32wf32)
../Middlewares/ST/AI/Lib\NetworkRuntime730_CM4_GCC.a(arm_mat_init_f32.o)
                              ../Middlewares/ST/AI/Lib\NetworkRuntime730_CM4_GCC.a(layers_conv2d_generic_float.o) (st_dsp_arm_mat_init_f32)
../Middlewares/ST/AI/Lib\NetworkRuntime730_CM4_GCC.a(ai_datatypes_internal.o)
                              ../Middlewares/ST/AI/Lib\NetworkRuntime730_CM4_GCC.a(ai_platform_interface.o) (ai_version_get)
../Middlewares/ST/AI/Lib\NetworkRuntime730_CM4_GCC.a(ai_datatypes_format.o)
                              ../Middlewares/ST/AI/Lib\NetworkRuntime730_CM4_GCC.a(ai_platform_interface.o) (ai_array_to_buffer_fmt)
../Middlewares/ST/AI/Lib\NetworkRuntime730_CM4_GCC.a(ai_math_helpers.o)
                              ../Middlewares/ST/AI/Lib\NetworkRuntime730_CM4_GCC.a(layers_nl_generic_float.o) (ai_math_sqrt)
../Middlewares/ST/AI/Lib\NetworkRuntime730_CM4_GCC.a(st_convolve_reference.o)
                              ../Middlewares/ST/AI/Lib\NetworkRuntime730_CM4_GCC.a(ai_math_helpers.o) (align_factor)
../Middlewares/ST/ARM/DSP/Lib\libarm_cortexM4lf_math.a(arm_max_f32.o)
                              ./Core/Src/main.o (arm_max_f32)
../Middlewares/ST/ARM/DSP/Lib\libarm_cortexM4lf_math.a(arm_rfft_fast_init_f32.o)
                              ./Core/Src/main.o (arm_rfft_fast_init_f32)
../Middlewares/ST/ARM/DSP/Lib\libarm_cortexM4lf_math.a(arm_rfft_fast_f32.o)
                              ./Core/Src/main.o (arm_rfft_fast_f32)
../Middlewares/ST/ARM/DSP/Lib\libarm_cortexM4lf_math.a(arm_cfft_f32.o)
                              ./Core/Src/main.o (arm_cfft_f32)
../Middlewares/ST/ARM/DSP/Lib\libarm_cortexM4lf_math.a(arm_cfft_radix4_init_f32.o)
                              ./Core/Src/main.o (arm_cfft_radix4_init_f32)
../Middlewares/ST/ARM/DSP/Lib\libarm_cortexM4lf_math.a(arm_bitreversal2.o)
                              ../Middlewares/ST/ARM/DSP/Lib\libarm_cortexM4lf_math.a(arm_cfft_f32.o) (arm_bitreversal_32)
../Middlewares/ST/ARM/DSP/Lib\libarm_cortexM4lf_math.a(arm_cmplx_mag_f32.o)
                              ./Core/Src/main.o (arm_cmplx_mag_f32)
../Middlewares/ST/ARM/DSP/Lib\libarm_cortexM4lf_math.a(arm_common_tables.o)
                              ../Middlewares/ST/ARM/DSP/Lib\libarm_cortexM4lf_math.a(arm_rfft_fast_init_f32.o) (twiddleCoef_rfft_4096)
../Middlewares/ST/ARM/DSP/Lib\libarm_cortexM4lf_math.a(arm_cfft_radix8_f32.o)
                              ../Middlewares/ST/ARM/DSP/Lib\libarm_cortexM4lf_math.a(arm_cfft_f32.o) (arm_radix8_butterfly_f32)
d:/stm32cubeide_1.10.1/stm32cubeide/plugins/com.st.stm32cube.ide.mcu.externaltools.gnu-tools-for-stm32.10.3-2021.10.win32_1.0.100.202210260954/tools/bin/../lib/gcc/arm-none-eabi/10.3.1/../../../../arm-none-eabi/lib/thumb/v7e-m+fp/hard\libc_nano.a(lib_a-errno.o)
                              ./Core/Src/syscalls.o (__errno)
d:/stm32cubeide_1.10.1/stm32cubeide/plugins/com.st.stm32cube.ide.mcu.externaltools.gnu-tools-for-stm32.10.3-2021.10.win32_1.0.100.202210260954/tools/bin/../lib/gcc/arm-none-eabi/10.3.1/../../../../arm-none-eabi/lib/thumb/v7e-m+fp/hard\libc_nano.a(lib_a-exit.o)
                              d:/stm32cubeide_1.10.1/stm32cubeide/plugins/com.st.stm32cube.ide.mcu.externaltools.gnu-tools-for-stm32.10.3-2021.10.win32_1.0.100.202210260954/tools/bin/../lib/gcc/arm-none-eabi/10.3.1/../../../../arm-none-eabi/lib/thumb/v7e-m+fp/hard/crt0.o (exit)
[...]
Memory Configuration

Name             Origin             Length             Attributes
CCMRAM           0x0000000010000000 0x0000000000010000 xrw
RAM              0x0000000020000000 0x0000000000050000 xrw
FLASH            0x0000000008000000 0x0000000000200000 xr
*default*        0x0000000000000000 0xffffffffffffffff

Linker script and memory map

LOAD d:/stm32cubeide_1.10.1/stm32cubeide/plugins/com.st.stm32cube.ide.mcu.externaltools.gnu-tools-for-stm32.10.3-2021.10.win32_1.0.100.202210260954/tools/bin/../lib/gcc/arm-none-eabi/10.3.1/thumb/v7e-m+fp/hard/crti.o
LOAD d:/stm32cubeide_1.10.1/stm32cubeide/plugins/com.st.stm32cube.ide.mcu.externaltools.gnu-tools-for-stm32.10.3-2021.10.win32_1.0.100.202210260954/tools/bin/../lib/gcc/arm-none-eabi/10.3.1/thumb/v7e-m+fp/hard/crtbegin.o
LOAD d:/stm32cubeide_1.10.1/stm32cubeide/plugins/com.st.stm32cube.ide.mcu.externaltools.gnu-tools-for-stm32.10.3-2021.10.win32_1.0.100.202210260954/tools/bin/../lib/gcc/arm-none-eabi/10.3.1/../../../../arm-none-eabi/lib/thumb/v7e-m+fp/hard/crt0.o
LOAD ./Core/Src/crc.o
LOAD ./Core/Src/dma.o
LOAD ./Core/Src/gpio.o
LOAD ./Core/Src/main.o
LOAD ./Core/Src/spi.o
LOAD ./Core/Src/stm32f4xx_hal_msp.o
LOAD ./Core/Src/stm32f4xx_it.o
LOAD ./Core/Src/syscalls.o
LOAD ./Core/Src/sysmem.o
LOAD ./Core/Src/system_stm32f4xx.o
LOAD ./Core/Src/tim.o
LOAD ./Core/Src/usart.o
LOAD ./Core/Startup/startup_stm32f469aihx.o
LOAD ./Drivers/STM32F4xx_HAL_Driver/Src/stm32f4xx_hal.o
LOAD ./Drivers/STM32F4xx_HAL_Driver/Src/stm32f4xx_hal_cortex.o
LOAD ./Drivers/STM32F4xx_HAL_Driver/Src/stm32f4xx_hal_crc.o
LOAD ./Drivers/STM32F4xx_HAL_Driver/Src/stm32f4xx_hal_dma.o
LOAD ./Drivers/STM32F4xx_HAL_Driver/Src/stm32f4xx_hal_dma_ex.o
LOAD ./Drivers/STM32F4xx_HAL_Driver/Src/stm32f4xx_hal_exti.o
LOAD ./Drivers/STM32F4xx_HAL_Driver/Src/stm32f4xx_hal_flash.o
LOAD ./Drivers/STM32F4xx_HAL_Driver/Src/stm32f4xx_hal_flash_ex.o
LOAD ./Drivers/STM32F4xx_HAL_Driver/Src/stm32f4xx_hal_flash_ramfunc.o
LOAD ./Drivers/STM32F4xx_HAL_Driver/Src/stm32f4xx_hal_gpio.o
LOAD ./Drivers/STM32F4xx_HAL_Driver/Src/stm32f4xx_hal_pwr.o
LOAD ./Drivers/STM32F4xx_HAL_Driver/Src/stm32f4xx_hal_pwr_ex.o
LOAD ./Drivers/STM32F4xx_HAL_Driver/Src/stm32f4xx_hal_rcc.o
LOAD ./Drivers/STM32F4xx_HAL_Driver/Src/stm32f4xx_hal_rcc_ex.o
LOAD ./Drivers/STM32F4xx_HAL_Driver/Src/stm32f4xx_hal_spi.o
LOAD ./Drivers/STM32F4xx_HAL_Driver/Src/stm32f4xx_hal_tim.o
LOAD ./Drivers/STM32F4xx_HAL_Driver/Src/stm32f4xx_hal_tim_ex.o
LOAD ./Drivers/STM32F4xx_HAL_Driver/Src/stm32f4xx_hal_uart.o
LOAD ./X-CUBE-AI/App/network.o
LOAD ./X-CUBE-AI/App/network_data.o
LOAD ./X-CUBE-AI/App/network_data_params.o
START GROUP
LOAD ../Middlewares/ST/AI/Lib\NetworkRuntime730_CM4_GCC.a
LOAD ../Middlewares/ST/STM32_MotionAC_Library/Lib\MotionAC_CM4F_wc32_ot_hard.a
LOAD ../Middlewares/ST/STM32_MotionAW_Library/Lib\MotionAW_CM4F_wc32_ot_hard.a
LOAD ../Middlewares/ST/STM32_MotionEC_Library/Lib\MotionEC_CM4F_wc32_ot_hard.a
LOAD ../Middlewares/ST/STM32_MotionFX_Library/Lib\MotionFX_CM4F_wc32_ot_hard.a
LOAD ../Middlewares/ST/STM32_MotionGC_Library/Lib\MotionGC_CM4F_wc32_ot_hard.a
LOAD ../Middlewares/ST/STM32_MotionID_Library/Lib\MotionID_CM4F_wc32_ot_hard.a
LOAD ../Middlewares/ST/STM32_MotionMC_Library/Lib\MotionMC_CM4F_wc32_ot_hard.a
LOAD ../Middlewares/ST/STM32_MotionPM_Library/Lib\MotionPM_CM4F_wc32_ot_hard.a
LOAD ../Middlewares/ST/STM32_MotionPW_Library/Lib\MotionPW_CM4F_wc32_ot_hard.a
LOAD ../Middlewares/ST/STM32_MotionTL_Library/Lib\MotionTL_CM4F_wc32_ot_hard.a
LOAD ../Middlewares/ST/ARM/DSP/Lib\libarm_cortexM4lf_math.a
END GROUP
START GROUP
LOAD d:/stm32cubeide_1.10.1/stm32cubeide/plugins/com.st.stm32cube.ide.mcu.externaltools.gnu-tools-for-stm32.10.3-2021.10.win32_1.0.100.202210260954/tools/bin/../lib/gcc/arm-none-eabi/10.3.1/../../../../arm-none-eabi/lib/thumb/v7e-m+fp/hard\libc_nano.a
LOAD d:/stm32cubeide_1.10.1/stm32cubeide/plugins/com.st.stm32cube.ide.mcu.externaltools.gnu-tools-for-stm32.10.3-2021.10.win32_1.0.100.202210260954/tools/bin/../lib/gcc/arm-none-eabi/10.3.1/../../../../arm-none-eabi/lib/thumb/v7e-m+fp/hard\libm.a
END GROUP
START GROUP
LOAD d:/stm32cubeide_1.10.1/stm32cubeide/plugins/com.st.stm32cube.ide.mcu.externaltools.gnu-tools-for-stm32.10.3-2021.10.win32_1.0.100.202210260954/tools/bin/../lib/gcc/arm-none-eabi/10.3.1/thumb/v7e-m+fp/hard\libgcc.a
LOAD d:/stm32cubeide_1.10.1/stm32cubeide/plugins/com.st.stm32cube.ide.mcu.externaltools.gnu-tools-for-stm32.10.3-2021.10.win32_1.0.100.202210260954/tools/bin/../lib/gcc/arm-none-eabi/10.3.1/../../../../arm-none-eabi/lib/thumb/v7e-m+fp/hard\libc_nano.a
END GROUP
START GROUP
LOAD d:/stm32cubeide_1.10.1/stm32cubeide/plugins/com.st.stm32cube.ide.mcu.externaltools.gnu-tools-for-stm32.10.3-2021.10.win32_1.0.100.202210260954/tools/bin/../lib/gcc/arm-none-eabi/10.3.1/thumb/v7e-m+fp/hard\libgcc.a
LOAD d:/stm32cubeide_1.10.1/stm32cubeide/plugins/com.st.stm32cube.ide.mcu.externaltools.gnu-tools-for-stm32.10.3-2021.10.win32_1.0.100.202210260954/tools/bin/../lib/gcc/arm-none-eabi/10.3.1/../../../../arm-none-eabi/lib/thumb/v7e-m+fp/hard\libc_nano.a
LOAD d:/stm32cubeide_1.10.1/stm32cubeide/plugins/com.st.stm32cube.ide.mcu.externaltools.gnu-tools-for-stm32.10.3-2021.10.win32_1.0.100.202210260954/tools/bin/../lib/gcc/arm-none-eabi/10.3.1/../../../../arm-none-eabi/lib/thumb/v7e-m+fp/hard\libnosys.a
END GROUP
START GROUP
LOAD d:/stm32cubeide_1.10.1/stm32cubeide/plugins/com.st.stm32cube.ide.mcu.externaltools.gnu-tools-for-stm32.10.3-2021.10.win32_1.0.100.202210260954/tools/bin/../lib/gcc/arm-none-eabi/10.3.1/thumb/v7e-m+fp/hard\libgcc.a
LOAD d:/stm32cubeide_1.10.1/stm32cubeide/plugins/com.st.stm32cube.ide.mcu.externaltools.gnu-tools-for-stm32.10.3-2021.10.win32_1.0.100.202210260954/tools/bin/../lib/gcc/arm-none-eabi/10.3.1/../../../../arm-none-eabi/lib/thumb/v7e-m+fp/hard\libc_nano.a
LOAD d:/stm32cubeide_1.10.1/stm32cubeide/plugins/com.st.stm32cube.ide.mcu.externaltools.gnu-tools-for-stm32.10.3-2021.10.win32_1.0.100.202210260954/tools/bin/../lib/gcc/arm-none-eabi/10.3.1/../../../../arm-none-eabi/lib/thumb/v7e-m+fp/hard\libnosys.a
END GROUP
LOAD d:/stm32cubeide_1.10.1/stm32cubeide/plugins/com.st.stm32cube.ide.mcu.externaltools.gnu-tools-for-stm32.10.3-2021.10.win32_1.0.100.202210260954/tools/bin/../lib/gcc/arm-none-eabi/10.3.1/thumb/v7e-m+fp/hard/crtend.o
LOAD d:/stm32cubeide_1.10.1/stm32cubeide/plugins/com.st.stm32cube.ide.mcu.externaltools.gnu-tools-for-stm32.10.3-2021.10.win32_1.0.100.202210260954/tools/bin/../lib/gcc/arm-none-eabi/10.3.1/thumb/v7e-m+fp/hard/crtn.o
                0x0000000020050000                _estack = (ORIGIN (RAM) + LENGTH (RAM))
                0x0000000000000800                _Min_Heap_Size = 0x800
                0x0000000000000800                _Min_Stack_Size = 0x800

.isr_vector     0x0000000008000000      0x1b4
                0x0000000008000000                . = ALIGN (0x4)
 *(.isr_vector)
 .isr_vector    0x0000000008000000      0x1b4 ./Core/Startup/startup_stm32f469aihx.o
                0x0000000008000000                g_pfnVectors
                0x00000000080001b4                . = ALIGN (0x4)

.text           0x00000000080001c0     0xc68c
                0x00000000080001c0                . = ALIGN (0x4)
 *(.text)
 .text          0x00000000080001c0       0x40 d:/stm32cubeide_1.10.1/stm32cubeide/plugins/com.st.stm32cube.ide.mcu.externaltools.gnu-tools-for-stm32.10.3-2021.10.win32_1.0.100.202210260954/tools/bin/../lib/gcc/arm-none-eabi/10.3.1/thumb/v7e-m+fp/hard/crtbegin.o
 .text          0x0000000008000200       0x10 d:/stm32cubeide_1.10.1/stm32cubeide/plugins/com.st.stm32cube.ide.mcu.externaltools.gnu-tools-for-stm32.10.3-2021.10.win32_1.0.100.202210260954/tools/bin/../lib/gcc/arm-none-eabi/10.3.1/../../../../arm-none-eabi/lib/thumb/v7e-m+fp/hard\libc_nano.a(lib_a-strlen.o)
                0x0000000008000200                strlen
 .text          0x0000000008000210       0xa0 d:/stm32cubeide_1.10.1/stm32cubeide/plugins/com.st.stm32cube.ide.mcu.externaltools.gnu-tools-for-stm32.10.3-2021.10.win32_1.0.100.202210260954/tools/bin/../lib/gcc/arm-none-eabi/10.3.1/../../../../arm-none-eabi/lib/thumb/v7e-m+fp/hard\libc_nano.a(lib_a-memchr.o)
                0x0000000008000210                memchr
 .text          0x00000000080002b0      0x378 d:/stm32cubeide_1.10.1/stm32cubeide/plugins/com.st.stm32cube.ide.mcu.externaltools.gnu-tools-for-stm32.10.3-2021.10.win32_1.0.100.202210260954/tools/bin/../lib/gcc/arm-none-eabi/10.3.1/thumb/v7e-m+fp/hard\libgcc.a(_arm_addsubdf3.o)
                0x00000000080002b0                __aeabi_drsub
                0x00000000080002b8                __aeabi_dsub
                0x00000000080002b8                __subdf3
                0x00000000080002bc                __aeabi_dadd
                0x00000000080002bc                __adddf3
                0x0000000008000534                __floatunsidf
                0x0000000008000534                __aeabi_ui2d
                0x0000000008000554                __floatsidf
                0x0000000008000554                __aeabi_i2d
                0x0000000008000578                __aeabi_f2d
                0x0000000008000578                __extendsfdf2
                0x00000000080005bc                __floatundidf
                0x00000000080005bc                __aeabi_ul2d
                0x00000000080005cc                __floatdidf
                0x00000000080005cc                __aeabi_l2d
 .text          0x0000000008000628      0x424 d:/stm32cubeide_1.10.1/stm32cubeide/plugins/com.st.stm32cube.ide.mcu.externaltools.gnu-tools-for-stm32.10.3-2021.10.win32_1.0.100.202210260954/tools/bin/../lib/gcc/arm-none-eabi/10.3.1/thumb/v7e-m+fp/hard\libgcc.a(_arm_muldivdf3.o)
                0x0000000008000628                __aeabi_dmul
                0x0000000008000628                __muldf3
                0x000000000800087c                __divdf3
                0x000000000800087c                __aeabi_ddiv
 .text          0x0000000008000a4c      0x110 d:/stm32cubeide_1.10.1/stm32cubeide/plugins/com.st.stm32cube.ide.mcu.externaltools.gnu-tools-for-stm32.10.3-2021.10.win32_1.0.100.202210260954/tools/bin/../lib/gcc/arm-none-eabi/10.3.1/thumb/v7e-m+fp/hard\libgcc.a(_arm_cmpdf2.o)
                0x0000000008000a4c                __gtdf2
                0x0000000008000a4c                __gedf2
                0x0000000008000a54                __ltdf2
                0x0000000008000a54                __ledf2
                0x0000000008000a5c                __nedf2
                0x0000000008000a5c                __eqdf2
                0x0000000008000a5c                __cmpdf2
                0x0000000008000ad8                __aeabi_cdrcmple
                0x0000000008000ae8                __aeabi_cdcmpeq
                0x0000000008000ae8                __aeabi_cdcmple
                0x0000000008000af8                __aeabi_dcmpeq
                0x0000000008000b0c                __aeabi_dcmplt
                0x0000000008000b20                __aeabi_dcmple
                0x0000000008000b34                __aeabi_dcmpge
                0x0000000008000b48                __aeabi_dcmpgt
 .text          0x0000000008000b5c       0x2c d:/stm32cubeide_1.10.1/stm32cubeide/plugins/com.st.stm32cube.ide.mcu.externaltools.gnu-tools-for-stm32.10.3-2021.10.win32_1.0.100.202210260954/tools/bin/../lib/gcc/arm-none-eabi/10.3.1/thumb/v7e-m+fp/hard\libgcc.a(_arm_unorddf2.o)
                0x0000000008000b5c                __unorddf2
                0x0000000008000b5c                __aeabi_dcmpun
 .text          0x0000000008000b88       0x50 d:/stm32cubeide_1.10.1/stm32cubeide/plugins/com.st.stm32cube.ide.mcu.externaltools.gnu-tools-for-stm32.10.3-2021.10.win32_1.0.100.202210260954/tools/bin/../lib/gcc/arm-none-eabi/10.3.1/thumb/v7e-m+fp/hard\libgcc.a(_arm_fixdfsi.o)
                0x0000000008000b88                __aeabi_d2iz
                0x0000000008000b88                __fixdfsi
 .text          0x0000000008000bd8       0x30 d:/stm32cubeide_1.10.1/stm32cubeide/plugins/com.st.stm32cube.ide.mcu.externaltools.gnu-tools-for-stm32.10.3-2021.10.win32_1.0.100.202210260954/tools/bin/../lib/gcc/arm-none-eabi/10.3.1/thumb/v7e-m+fp/hard\libgcc.a(_aeabi_uldivmod.o)
                0x0000000008000bd8                __aeabi_uldivmod
 .text          0x0000000008000c08      0x2d0 d:/stm32cubeide_1.10.1/stm32cubeide/plugins/com.st.stm32cube.ide.mcu.externaltools.gnu-tools-for-stm32.10.3-2021.10.win32_1.0.100.202210260954/tools/bin/../lib/gcc/arm-none-eabi/10.3.1/thumb/v7e-m+fp/hard\libgcc.a(_udivmoddi4.o)
                0x0000000008000c08                __udivmoddi4
 .text          0x0000000008000ed8        0x4 d:/stm32cubeide_1.10.1/stm32cubeide/plugins/com.st.stm32cube.ide.mcu.externaltools.gnu-tools-for-stm32.10.3-2021.10.win32_1.0.100.202210260954/tools/bin/../lib/gcc/arm-none-eabi/10.3.1/thumb/v7e-m+fp/hard\libgcc.a(_dvmd_tls.o)
                0x0000000008000ed8                __aeabi_idiv0
                0x0000000008000ed8                __aeabi_ldiv0
 *(.text*)
 .text.MX_CRC_Init
                0x0000000008000edc       0x28 ./Core/Src/crc.o
                0x0000000008000edc                MX_CRC_Init
 .text.HAL_CRC_MspInit
                0x0000000008000f04       0x44 ./Core/Src/crc.o
                0x0000000008000f04                HAL_CRC_MspInit
 .text.MX_DMA_Init
                0x0000000008000f48       0x40 ./Core/Src/dma.o
                0x0000000008000f48                MX_DMA_Init
 .text.MX_GPIO_Init
                0x0000000008000f88      0x15c ./Core/Src/gpio.o
                0x0000000008000f88                MX_GPIO_Init
 .text.uprintf  0x00000000080010e4       0x28 ./Core/Src/main.o
                0x00000000080010e4                uprintf
 .text.main     0x000000000800110c      0xdc4 ./Core/Src/main.o
                0x000000000800110c                main
 .text.SystemClock_Config
                0x0000000008001ed0       0xe4 ./Core/Src/main.o
                0x0000000008001ed0                SystemClock_Config
 .text.Error_Handler
                0x0000000008001fb4        0xa ./Core/Src/main.o
                0x0000000008001fb4                Error_Handler
 *fill*         0x0000000008001fbe        0x2 
 .text.MX_SPI1_Init
                0x0000000008001fc0       0x6c ./Core/Src/spi.o
                0x0000000008001fc0                MX_SPI1_Init
 .text.HAL_SPI_MspInit
                0x000000000800202c       0x90 ./Core/Src/spi.o
                0x000000000800202c                HAL_SPI_MspInit
 .text.HAL_MspInit
                0x00000000080020bc       0x50 ./Core/Src/stm32f4xx_hal_msp.o
                0x00000000080020bc                HAL_MspInit
 .text.NMI_Handler
                0x000000000800210c        0x6 ./Core/Src/stm32f4xx_it.o
                0x000000000800210c                NMI_Handler
 .text.HardFault_Handler
                0x0000000008002112        0x6 ./Core/Src/stm32f4xx_it.o
                0x0000000008002112                HardFault_Handler
 .text.MemManage_Handler
                0x0000000008002118        0x6 ./Core/Src/stm32f4xx_it.o
                0x0000000008002118                MemManage_Handler
 .text.BusFault_Handler
                0x000000000800211e        0x6 ./Core/Src/stm32f4xx_it.o
                0x000000000800211e                BusFault_Handler
 .text.UsageFault_Handler
                0x0000000008002124        0x6 ./Core/Src/stm32f4xx_it.o
                0x0000000008002124                UsageFault_Handler
 .text.SVC_Handler
                0x000000000800212a        0xe ./Core/Src/stm32f4xx_it.o
                0x000000000800212a                SVC_Handler
 .text.DebugMon_Handler
                0x0000000008002138        0xe ./Core/Src/stm32f4xx_it.o
                0x0000000008002138                DebugMon_Handler
 .text.PendSV_Handler
                0x0000000008002146        0xe ./Core/Src/stm32f4xx_it.o
                0x0000000008002146                PendSV_Handler
 .text.SysTick_Handler
                0x0000000008002154        0xc ./Core/Src/stm32f4xx_it.o
                0x0000000008002154                SysTick_Handler
 .text.EXTI3_IRQHandler
                0x0000000008002160        0xe ./Core/Src/stm32f4xx_it.o
                0x0000000008002160                EXTI3_IRQHandler
 .text.EXTI4_IRQHandler
                0x000000000800216e        0xe ./Core/Src/stm32f4xx_it.o
                0x000000000800216e                EXTI4_IRQHandler
 .text.DMA1_Stream5_IRQHandler
                0x000000000800217c       0x14 ./Core/Src/stm32f4xx_it.o
                0x000000000800217c                DMA1_Stream5_IRQHandler
 .text.TIM2_IRQHandler
                0x0000000008002190       0x14 ./Core/Src/stm32f4xx_it.o
                0x0000000008002190                TIM2_IRQHandler
 .text.USART2_IRQHandler
                0x00000000080021a4       0x14 ./Core/Src/stm32f4xx_it.o
                0x00000000080021a4                USART2_IRQHandler
 .text._getpid  0x00000000080021b8       0x10 ./Core/Src/syscalls.o
                0x00000000080021b8                _getpid
 .text._kill    0x00000000080021c8       0x20 ./Core/Src/syscalls.o
                0x00000000080021c8                _kill
 .text._exit    0x00000000080021e8       0x14 ./Core/Src/syscalls.o
                0x00000000080021e8                _exit
 .text._read    0x00000000080021fc       0x3a ./Core/Src/syscalls.o
                0x00000000080021fc                _read
 .text._write   0x0000000008002236       0x38 ./Core/Src/syscalls.o
                0x0000000008002236                _write
 .text._close   0x000000000800226e       0x18 ./Core/Src/syscalls.o
                0x000000000800226e                _close
 .text._fstat   0x0000000008002286       0x20 ./Core/Src/syscalls.o
                0x0000000008002286                _fstat
 .text._isatty  0x00000000080022a6       0x16 ./Core/Src/syscalls.o
                0x00000000080022a6                _isatty
 .text._lseek   0x00000000080022bc       0x1a ./Core/Src/syscalls.o
                0x00000000080022bc                _lseek
 *fill*         0x00000000080022d6        0x2 
 .text._sbrk    0x00000000080022d8       0x6c ./Core/Src/sysmem.o
                0x00000000080022d8                _sbrk
 .text.SystemInit
                0x0000000008002344       0x24 ./Core/Src/system_stm32f4xx.o
                0x0000000008002344                SystemInit
 .text.MX_TIM2_Init
                0x0000000008002368       0x9c ./Core/Src/tim.o
                0x0000000008002368                MX_TIM2_Init
 .text.HAL_TIM_Base_MspInit
                0x0000000008002404       0x4c ./Core/Src/tim.o
                0x0000000008002404                HAL_TIM_Base_MspInit
 .text.MX_UART5_Init
                0x0000000008002450       0x54 ./Core/Src/usart.o
                0x0000000008002450                MX_UART5_Init
 .text.MX_USART2_UART_Init
                0x00000000080024a4       0x54 ./Core/Src/usart.o
                0x00000000080024a4                MX_USART2_UART_Init
 .text.HAL_UART_MspInit
                0x00000000080024f8      0x1b0 ./Core/Src/usart.o
                0x00000000080024f8                HAL_UART_MspInit
 .text.Reset_Handler
                0x00000000080026a8       0x50 ./Core/Startup/startup_stm32f469aihx.o
                0x00000000080026a8                Reset_Handler
 .text.Default_Handler
                0x00000000080026f8        0x2 ./Core/Startup/startup_stm32f469aihx.o
                0x00000000080026f8                RTC_Alarm_IRQHandler
                0x00000000080026f8                HASH_RNG_IRQHandler
                0x00000000080026f8                EXTI2_IRQHandler
                0x00000000080026f8                TIM8_CC_IRQHandler
                0x00000000080026f8                UART8_IRQHandler
                0x00000000080026f8                SPI4_IRQHandler
                0x00000000080026f8                TIM1_CC_IRQHandler
                0x00000000080026f8                DMA2_Stream5_IRQHandler
                0x00000000080026f8                PVD_IRQHandler
                0x00000000080026f8                SDIO_IRQHandler
                0x00000000080026f8                TAMP_STAMP_IRQHandler
                0x00000000080026f8                CAN2_RX1_IRQHandler
                0x00000000080026f8                TIM8_TRG_COM_TIM14_IRQHandler
                0x00000000080026f8                TIM1_UP_TIM10_IRQHandler
                0x00000000080026f8                TIM8_UP_TIM13_IRQHandler
                0x00000000080026f8                I2C3_ER_IRQHandler
                0x00000000080026f8                EXTI0_IRQHandler
                0x00000000080026f8                I2C2_EV_IRQHandler
                0x00000000080026f8                DMA1_Stream2_IRQHandler
                0x00000000080026f8                CAN1_RX0_IRQHandler
                0x00000000080026f8                FPU_IRQHandler
                0x00000000080026f8                OTG_HS_WKUP_IRQHandler
                0x00000000080026f8                LTDC_ER_IRQHandler
                0x00000000080026f8                CAN2_SCE_IRQHandler
                0x00000000080026f8                DMA2_Stream2_IRQHandler
                0x00000000080026f8                SPI1_IRQHandler
                0x00000000080026f8                TIM6_DAC_IRQHandler
                0x00000000080026f8                TIM1_BRK_TIM9_IRQHandler
                0x00000000080026f8                DCMI_IRQHandler
                0x00000000080026f8                CAN2_RX0_IRQHandler
                0x00000000080026f8                DMA2_Stream3_IRQHandler
                0x00000000080026f8                USART6_IRQHandler
                0x00000000080026f8                USART3_IRQHandler
                0x00000000080026f8                CAN1_RX1_IRQHandler
                0x00000000080026f8                UART5_IRQHandler
                0x00000000080026f8                DMA2_Stream0_IRQHandler
                0x00000000080026f8                TIM4_IRQHandler
                0x00000000080026f8                QUADSPI_IRQHandler
                0x00000000080026f8                I2C1_EV_IRQHandler
                0x00000000080026f8                DMA1_Stream6_IRQHandler
                0x00000000080026f8                DMA1_Stream1_IRQHandler
                0x00000000080026f8                UART4_IRQHandler
                0x00000000080026f8                TIM3_IRQHandler
                0x00000000080026f8                RCC_IRQHandler
                0x00000000080026f8                TIM8_BRK_TIM12_IRQHandler
                0x00000000080026f8                Default_Handler
                0x00000000080026f8                EXTI15_10_IRQHandler
                0x00000000080026f8                ADC_IRQHandler
                0x00000000080026f8                DMA1_Stream7_IRQHandler
                0x00000000080026f8                SPI5_IRQHandler
                0x00000000080026f8                TIM7_IRQHandler
                0x00000000080026f8                CAN2_TX_IRQHandler
                0x00000000080026f8                TIM5_IRQHandler
                0x00000000080026f8                DMA2_Stream7_IRQHandler
                0x00000000080026f8                I2C3_EV_IRQHandler
                0x00000000080026f8                EXTI9_5_IRQHandler
                0x00000000080026f8                RTC_WKUP_IRQHandler
                0x00000000080026f8                LTDC_IRQHandler
                0x00000000080026f8                ETH_WKUP_IRQHandler
                0x00000000080026f8                SPI2_IRQHandler
                0x00000000080026f8                OTG_HS_EP1_IN_IRQHandler
                0x00000000080026f8                DMA1_Stream0_IRQHandler
                0x00000000080026f8                CAN1_TX_IRQHandler
                0x00000000080026f8                DSI_IRQHandler
                0x00000000080026f8                ETH_IRQHandler
                0x00000000080026f8                OTG_HS_EP1_OUT_IRQHandler
                0x00000000080026f8                WWDG_IRQHandler
                0x00000000080026f8                SPI6_IRQHandler
                0x00000000080026f8                OTG_FS_WKUP_IRQHandler
                0x00000000080026f8                TIM1_TRG_COM_TIM11_IRQHandler
                0x00000000080026f8                OTG_HS_IRQHandler
                0x00000000080026f8                DMA2D_IRQHandler
                0x00000000080026f8                EXTI1_IRQHandler
                0x00000000080026f8                UART7_IRQHandler
                0x00000000080026f8                I2C2_ER_IRQHandler
                0x00000000080026f8                DMA2_Stream1_IRQHandler
                0x00000000080026f8                CAN1_SCE_IRQHandler
                0x00000000080026f8                FLASH_IRQHandler
                0x00000000080026f8                DMA2_Stream4_IRQHandler
                0x00000000080026f8                USART1_IRQHandler
                0x00000000080026f8                OTG_FS_IRQHandler
                0x00000000080026f8                SPI3_IRQHandler
                0x00000000080026f8                DMA1_Stream4_IRQHandler
                0x00000000080026f8                I2C1_ER_IRQHandler
                0x00000000080026f8                FMC_IRQHandler
                0x00000000080026f8                DMA2_Stream6_IRQHandler
                0x00000000080026f8                SAI1_IRQHandler
                0x00000000080026f8                DMA1_Stream3_IRQHandler
 *fill*         0x00000000080026fa        0x2 
 .text.HAL_Init
                0x00000000080026fc       0x44 ./Drivers/STM32F4xx_HAL_Driver/Src/stm32f4xx_hal.o
                0x00000000080026fc                HAL_Init
 .text.HAL_InitTick
                0x0000000008002740       0x60 ./Drivers/STM32F4xx_HAL_Driver/Src/stm32f4xx_hal.o
                0x0000000008002740                HAL_InitTick
 .text.HAL_IncTick
                0x00000000080027a0       0x28 ./Drivers/STM32F4xx_HAL_Driver/Src/stm32f4xx_hal.o
                0x00000000080027a0                HAL_IncTick
 .text.HAL_GetTick
                0x00000000080027c8       0x18 ./Drivers/STM32F4xx_HAL_Driver/Src/stm32f4xx_hal.o
                0x00000000080027c8                HAL_GetTick
 .text.__NVIC_SetPriorityGrouping
                0x00000000080027e0       0x48 ./Drivers/STM32F4xx_HAL_Driver/Src/stm32f4xx_hal_cortex.o
 .text.__NVIC_GetPriorityGrouping
                0x0000000008002828       0x1c ./Drivers/STM32F4xx_HAL_Driver/Src/stm32f4xx_hal_cortex.o
 .text.__NVIC_EnableIRQ
                0x0000000008002844       0x3c ./Drivers/STM32F4xx_HAL_Driver/Src/stm32f4xx_hal_cortex.o
 .text.__NVIC_SetPriority
                0x0000000008002880       0x54 ./Drivers/STM32F4xx_HAL_Driver/Src/stm32f4xx_hal_cortex.o
 .text.NVIC_EncodePriority
                0x00000000080028d4       0x66 ./Drivers/STM32F4xx_HAL_Driver/Src/stm32f4xx_hal_cortex.o
 *fill*         0x000000000800293a        0x2 
 .text.SysTick_Config
                0x000000000800293c       0x44 ./Drivers/STM32F4xx_HAL_Driver/Src/stm32f4xx_hal_cortex.o
 .text.HAL_NVIC_SetPriorityGrouping
                0x0000000008002980       0x16 ./Drivers/STM32F4xx_HAL_Driver/Src/stm32f4xx_hal_cortex.o
                0x0000000008002980                HAL_NVIC_SetPriorityGrouping
 .text.HAL_NVIC_SetPriority
                0x0000000008002996       0x38 ./Drivers/STM32F4xx_HAL_Driver/Src/stm32f4xx_hal_cortex.o
                0x0000000008002996                HAL_NVIC_SetPriority
 .text.HAL_NVIC_EnableIRQ
                0x00000000080029ce       0x1c ./Drivers/STM32F4xx_HAL_Driver/Src/stm32f4xx_hal_cortex.o
                0x00000000080029ce                HAL_NVIC_EnableIRQ
 .text.HAL_SYSTICK_Config
                0x00000000080029ea       0x18 ./Drivers/STM32F4xx_HAL_Driver/Src/stm32f4xx_hal_cortex.o
                0x00000000080029ea                HAL_SYSTICK_Config
 .text.HAL_CRC_Init
                0x0000000008002a02       0x38 ./Drivers/STM32F4xx_HAL_Driver/Src/stm32f4xx_hal_crc.o
                0x0000000008002a02                HAL_CRC_Init
 *fill*         0x0000000008002a3a        0x2 
 .text.HAL_DMA_Init
                0x0000000008002a3c      0x15c ./Drivers/STM32F4xx_HAL_Driver/Src/stm32f4xx_hal_dma.o
                0x0000000008002a3c                HAL_DMA_Init
 .text.HAL_DMA_Abort
                0x0000000008002b98       0xe0 ./Drivers/STM32F4xx_HAL_Driver/Src/stm32f4xx_hal_dma.o
                0x0000000008002b98                HAL_DMA_Abort
 .text.HAL_DMA_Abort_IT
                0x0000000008002c78       0x44 ./Drivers/STM32F4xx_HAL_Driver/Src/stm32f4xx_hal_dma.o
                0x0000000008002c78                HAL_DMA_Abort_IT
 .text.HAL_DMA_IRQHandler
                0x0000000008002cbc      0x314 ./Drivers/STM32F4xx_HAL_Driver/Src/stm32f4xx_hal_dma.o
                0x0000000008002cbc                HAL_DMA_IRQHandler
 .text.DMA_CalcBaseAndBitshift
                0x0000000008002fd0       0x6c ./Drivers/STM32F4xx_HAL_Driver/Src/stm32f4xx_hal_dma.o
 .text.DMA_CheckFifoParam
                0x000000000800303c       0xf8 ./Drivers/STM32F4xx_HAL_Driver/Src/stm32f4xx_hal_dma.o
 .text.HAL_GPIO_Init
                0x0000000008003134      0x358 ./Drivers/STM32F4xx_HAL_Driver/Src/stm32f4xx_hal_gpio.o
                0x0000000008003134                HAL_GPIO_Init
 .text.HAL_GPIO_WritePin
                0x000000000800348c       0x32 ./Drivers/STM32F4xx_HAL_Driver/Src/stm32f4xx_hal_gpio.o
                0x000000000800348c                HAL_GPIO_WritePin
 *fill*         0x00000000080034be        0x2 
 .text.HAL_GPIO_EXTI_IRQHandler
                0x00000000080034c0       0x30 ./Drivers/STM32F4xx_HAL_Driver/Src/stm32f4xx_hal_gpio.o
                0x00000000080034c0                HAL_GPIO_EXTI_IRQHandler
 .text.HAL_GPIO_EXTI_Callback
                0x00000000080034f0       0x16 ./Drivers/STM32F4xx_HAL_Driver/Src/stm32f4xx_hal_gpio.o
                0x00000000080034f0                HAL_GPIO_EXTI_Callback
 *fill*         0x0000000008003506        0x2 
 .text.HAL_PWREx_EnableOverDrive
                0x0000000008003508       0xa0 ./Drivers/STM32F4xx_HAL_Driver/Src/stm32f4xx_hal_pwr_ex.o
                0x0000000008003508                HAL_PWREx_EnableOverDrive
 .text.HAL_RCC_ClockConfig
                0x00000000080035a8      0x1cc ./Drivers/STM32F4xx_HAL_Driver/Src/stm32f4xx_hal_rcc.o
                0x00000000080035a8                HAL_RCC_ClockConfig
 .text.HAL_RCC_GetSysClockFreq
                0x0000000008003774      0x18c ./Drivers/STM32F4xx_HAL_Driver/Src/stm32f4xx_hal_rcc.o
                0x0000000008003774                HAL_RCC_GetSysClockFreq
 .text.HAL_RCC_GetHCLKFreq
                0x0000000008003900       0x18 ./Drivers/STM32F4xx_HAL_Driver/Src/stm32f4xx_hal_rcc.o
                0x0000000008003900                HAL_RCC_GetHCLKFreq
 .text.HAL_RCC_GetPCLK1Freq
                0x0000000008003918       0x28 ./Drivers/STM32F4xx_HAL_Driver/Src/stm32f4xx_hal_rcc.o
                0x0000000008003918                HAL_RCC_GetPCLK1Freq
 .text.HAL_RCC_GetPCLK2Freq
                0x0000000008003940       0x28 ./Drivers/STM32F4xx_HAL_Driver/Src/stm32f4xx_hal_rcc.o
                0x0000000008003940                HAL_RCC_GetPCLK2Freq
 .text.HAL_RCC_OscConfig
                0x0000000008003968      0x508 ./Drivers/STM32F4xx_HAL_Driver/Src/stm32f4xx_hal_rcc_ex.o
                0x0000000008003968                HAL_RCC_OscConfig
 .text.HAL_SPI_Init
                0x0000000008003e70      0x112 ./Drivers/STM32F4xx_HAL_Driver/Src/stm32f4xx_hal_spi.o
                0x0000000008003e70                HAL_SPI_Init
 .text.HAL_SPI_Transmit
                0x0000000008003f82      0x278 ./Drivers/STM32F4xx_HAL_Driver/Src/stm32f4xx_hal_spi.o
                0x0000000008003f82                HAL_SPI_Transmit
 .text.HAL_SPI_Receive
                0x00000000080041fa      0x222 ./Drivers/STM32F4xx_HAL_Driver/Src/stm32f4xx_hal_spi.o
                0x00000000080041fa                HAL_SPI_Receive
 .text.HAL_SPI_TransmitReceive
                0x000000000800441c      0x344 ./Drivers/STM32F4xx_HAL_Driver/Src/stm32f4xx_hal_spi.o
                0x000000000800441c                HAL_SPI_TransmitReceive
 .text.SPI_WaitFlagStateUntilTimeout
                0x0000000008004760      0x110 ./Drivers/STM32F4xx_HAL_Driver/Src/stm32f4xx_hal_spi.o
 .text.SPI_EndRxTransaction
                0x0000000008004870       0xca ./Drivers/STM32F4xx_HAL_Driver/Src/stm32f4xx_hal_spi.o
 *fill*         0x000000000800493a        0x2 
 .text.SPI_EndRxTxTransaction
                0x000000000800493c       0x84 ./Drivers/STM32F4xx_HAL_Driver/Src/stm32f4xx_hal_spi.o
 .text.HAL_TIM_Base_Init
                0x00000000080049c0       0x9e ./Drivers/STM32F4xx_HAL_Driver/Src/stm32f4xx_hal_tim.o
                0x00000000080049c0                HAL_TIM_Base_Init
 *fill*         0x0000000008004a5e        0x2 
 .text.HAL_TIM_Base_Start
                0x0000000008004a60       0xd0 ./Drivers/STM32F4xx_HAL_Driver/Src/stm32f4xx_hal_tim.o
                0x0000000008004a60                HAL_TIM_Base_Start
 .text.HAL_TIM_Base_Stop
                0x0000000008004b30       0x4e ./Drivers/STM32F4xx_HAL_Driver/Src/stm32f4xx_hal_tim.o
                0x0000000008004b30                HAL_TIM_Base_Stop
 .text.HAL_TIM_IRQHandler
                0x0000000008004b7e      0x210 ./Drivers/STM32F4xx_HAL_Driver/Src/stm32f4xx_hal_tim.o
                0x0000000008004b7e                HAL_TIM_IRQHandler
 .text.HAL_TIM_ConfigClockSource
                0x0000000008004d8e      0x18e ./Drivers/STM32F4xx_HAL_Driver/Src/stm32f4xx_hal_tim.o
                0x0000000008004d8e                HAL_TIM_ConfigClockSource
 .text.HAL_TIM_PeriodElapsedCallback
                0x0000000008004f1c       0x14 ./Drivers/STM32F4xx_HAL_Driver/Src/stm32f4xx_hal_tim.o
                0x0000000008004f1c                HAL_TIM_PeriodElapsedCallback
 .text.HAL_TIM_OC_DelayElapsedCallback
                0x0000000008004f30       0x14 ./Drivers/STM32F4xx_HAL_Driver/Src/stm32f4xx_hal_tim.o
                0x0000000008004f30                HAL_TIM_OC_DelayElapsedCallback
 .text.HAL_TIM_IC_CaptureCallback
                0x0000000008004f44       0x14 ./Drivers/STM32F4xx_HAL_Driver/Src/stm32f4xx_hal_tim.o
                0x0000000008004f44                HAL_TIM_IC_CaptureCallback
 .text.HAL_TIM_PWM_PulseFinishedCallback
                0x0000000008004f58       0x14 ./Drivers/STM32F4xx_HAL_Driver/Src/stm32f4xx_hal_tim.o
                0x0000000008004f58                HAL_TIM_PWM_PulseFinishedCallback
 .text.HAL_TIM_TriggerCallback
                0x0000000008004f6c       0x14 ./Drivers/STM32F4xx_HAL_Driver/Src/stm32f4xx_hal_tim.o
                0x0000000008004f6c                HAL_TIM_TriggerCallback
 .text.TIM_Base_SetConfig
                0x0000000008004f80      0x140 ./Drivers/STM32F4xx_HAL_Driver/Src/stm32f4xx_hal_tim.o
                0x0000000008004f80                TIM_Base_SetConfig
 .text.TIM_TI1_ConfigInputStage
                0x00000000080050c0       0x5e ./Drivers/STM32F4xx_HAL_Driver/Src/stm32f4xx_hal_tim.o
 .text.TIM_TI2_ConfigInputStage
                0x000000000800511e       0x60 ./Drivers/STM32F4xx_HAL_Driver/Src/stm32f4xx_hal_tim.o
 .text.TIM_ITRx_SetConfig
                0x000000000800517e       0x36 ./Drivers/STM32F4xx_HAL_Driver/Src/stm32f4xx_hal_tim.o
 .text.TIM_ETR_SetConfig
                0x00000000080051b4       0x40 ./Drivers/STM32F4xx_HAL_Driver/Src/stm32f4xx_hal_tim.o
                0x00000000080051b4                TIM_ETR_SetConfig
 .text.HAL_TIMEx_MasterConfigSynchronization
                0x00000000080051f4       0xf8 ./Drivers/STM32F4xx_HAL_Driver/Src/stm32f4xx_hal_tim_ex.o
                0x00000000080051f4                HAL_TIMEx_MasterConfigSynchronization
 .text.HAL_TIMEx_CommutCallback
                0x00000000080052ec       0x14 ./Drivers/STM32F4xx_HAL_Driver/Src/stm32f4xx_hal_tim_ex.o
                0x00000000080052ec                HAL_TIMEx_CommutCallback
 .text.HAL_TIMEx_BreakCallback
                0x0000000008005300       0x14 ./Drivers/STM32F4xx_HAL_Driver/Src/stm32f4xx_hal_tim_ex.o
                0x0000000008005300                HAL_TIMEx_BreakCallback
 .text.HAL_UART_Init
                0x0000000008005314       0x9a ./Drivers/STM32F4xx_HAL_Driver/Src/stm32f4xx_hal_uart.o
                0x0000000008005314                HAL_UART_Init
 .text.HAL_UART_Transmit
                0x00000000080053ae      0x124 ./Drivers/STM32F4xx_HAL_Driver/Src/stm32f4xx_hal_uart.o
                0x00000000080053ae                HAL_UART_Transmit
 *fill*         0x00000000080054d2        0x2 
 .text.HAL_UART_IRQHandler
                0x00000000080054d4      0x51c ./Drivers/STM32F4xx_HAL_Driver/Src/stm32f4xx_hal_uart.o
                0x00000000080054d4                HAL_UART_IRQHandler
 .text.HAL_UART_TxCpltCallback
                0x00000000080059f0       0x14 ./Drivers/STM32F4xx_HAL_Driver/Src/stm32f4xx_hal_uart.o
                0x00000000080059f0                HAL_UART_TxCpltCallback
 .text.HAL_UART_RxCpltCallback
                0x0000000008005a04       0x14 ./Drivers/STM32F4xx_HAL_Driver/Src/stm32f4xx_hal_uart.o
                0x0000000008005a04                HAL_UART_RxCpltCallback
 .text.HAL_UART_ErrorCallback
                0x0000000008005a18       0x14 ./Drivers/STM32F4xx_HAL_Driver/Src/stm32f4xx_hal_uart.o
                0x0000000008005a18                HAL_UART_ErrorCallback
 .text.HAL_UARTEx_RxEventCallback
                0x0000000008005a2c       0x18 ./Drivers/STM32F4xx_HAL_Driver/Src/stm32f4xx_hal_uart.o
                0x0000000008005a2c                HAL_UARTEx_RxEventCallback
 .text.UART_WaitOnFlagUntilTimeout
                0x0000000008005a44       0xdc ./Drivers/STM32F4xx_HAL_Driver/Src/stm32f4xx_hal_uart.o
 .text.UART_EndRxTransfer
                0x0000000008005b20       0xc6 ./Drivers/STM32F4xx_HAL_Driver/Src/stm32f4xx_hal_uart.o
 .text.UART_DMAAbortOnError
                0x0000000008005be6       0x28 ./Drivers/STM32F4xx_HAL_Driver/Src/stm32f4xx_hal_uart.o
 .text.UART_Transmit_IT
                0x0000000008005c0e       0xa0 ./Drivers/STM32F4xx_HAL_Driver/Src/stm32f4xx_hal_uart.o
 .text.UART_EndTransmit_IT
                0x0000000008005cae       0x30 ./Drivers/STM32F4xx_HAL_Driver/Src/stm32f4xx_hal_uart.o
 .text.UART_Receive_IT
                0x0000000008005cde      0x176 ./Drivers/STM32F4xx_HAL_Driver/Src/stm32f4xx_hal_uart.o
 .text.UART_SetConfig
                0x0000000008005e54      0x4e8 ./Drivers/STM32F4xx_HAL_Driver/Src/stm32f4xx_hal_uart.o
 .text.network_configure_activations
                0x000000000800633c       0xa8 ./X-CUBE-AI/App/network.o
 .text.network_configure_weights
                0x00000000080063e4       0xcc ./X-CUBE-AI/App/network.o
 .text.ai_network_create
                0x00000000080064b0       0x2c ./X-CUBE-AI/App/network.o
                0x00000000080064b0                ai_network_create
 .text.ai_network_inputs_get
                0x00000000080064dc       0x34 ./X-CUBE-AI/App/network.o
                0x00000000080064dc                ai_network_inputs_get
 .text.ai_network_outputs_get
                0x0000000008006510       0x34 ./X-CUBE-AI/App/network.o
                0x0000000008006510                ai_network_outputs_get
 .text.ai_network_init
                0x0000000008006544       0x78 ./X-CUBE-AI/App/network.o
                0x0000000008006544                ai_network_init
 .text.ai_network_run
                0x00000000080065bc       0x20 ./X-CUBE-AI/App/network.o
                0x00000000080065bc                ai_network_run
 .text.ai_network_data_activations_buffer_get
                0x00000000080065dc       0x68 ./X-CUBE-AI/App/network_data.o
                0x00000000080065dc                ai_network_data_activations_buffer_get
 .text.ai_network_data_weights_buffer_get
                0x0000000008006644       0x68 ./X-CUBE-AI/App/network_data.o
                0x0000000008006644                ai_network_data_weights_buffer_get
 .text.ai_network_data_weights_get
                0x00000000080066ac       0x14 ./X-CUBE-AI/App/network_data.o
                0x00000000080066ac                ai_network_data_weights_get
 .text.ai_buffer_get_size
                0x00000000080066c0       0x68 ../Middlewares/ST/AI/Lib\NetworkRuntime730_CM4_GCC.a(ai_platform.o)
                0x00000000080066c0                ai_buffer_get_size
 .text.ai_buffer_array_sane
                0x0000000008006728       0x14 ../Middlewares/ST/AI/Lib\NetworkRuntime730_CM4_GCC.a(ai_platform.o)
                0x0000000008006728                ai_buffer_array_sane
 .text._ai_platform_acquire_crc
                0x000000000800673c        0x4 ../Middlewares/ST/AI/Lib\NetworkRuntime730_CM4_GCC.a(ai_platform_interface.o)
                0x000000000800673c                _ai_platform_acquire_crc
 .text._ai_platform_release_crc
                0x0000000008006740        0x4 ../Middlewares/ST/AI/Lib\NetworkRuntime730_CM4_GCC.a(ai_platform_interface.o)
                0x0000000008006740                _ai_platform_release_crc
 .text.ai_platform_get_weights_map
                0x0000000008006744       0xa8 ../Middlewares/ST/AI/Lib\NetworkRuntime730_CM4_GCC.a(ai_platform_interface.o)
                0x0000000008006744                ai_platform_get_weights_map
 .text.ai_platform_get_activations_map
                0x00000000080067ec       0xa8 ../Middlewares/ST/AI/Lib\NetworkRuntime730_CM4_GCC.a(ai_platform_interface.o)
                0x00000000080067ec                ai_platform_get_activations_map
 .text.ai_platform_network_set_error
                0x0000000008006894        0xc ../Middlewares/ST/AI/Lib\NetworkRuntime730_CM4_GCC.a(ai_platform_interface.o)
                0x0000000008006894                ai_platform_network_set_error
 .text.ai_platform_inputs_get
                0x00000000080068a0      0x1ac ../Middlewares/ST/AI/Lib\NetworkRuntime730_CM4_GCC.a(ai_platform_interface.o)
                0x00000000080068a0                ai_platform_inputs_get
 .text.ai_platform_outputs_get
                0x0000000008006a4c      0x1a0 ../Middlewares/ST/AI/Lib\NetworkRuntime730_CM4_GCC.a(ai_platform_interface.o)
                0x0000000008006a4c                ai_platform_outputs_get
 .text.ai_platform_network_create
                0x0000000008006bec      0x1ac ../Middlewares/ST/AI/Lib\NetworkRuntime730_CM4_GCC.a(ai_platform_interface.o)
                0x0000000008006bec                ai_platform_network_create
 .text.ai_platform_network_init
                0x0000000008006d98      0x1dc ../Middlewares/ST/AI/Lib\NetworkRuntime730_CM4_GCC.a(ai_platform_interface.o)
                0x0000000008006d98                ai_platform_network_init
 .text.ai_platform_network_post_init
                0x0000000008006f74      0x110 ../Middlewares/ST/AI/Lib\NetworkRuntime730_CM4_GCC.a(ai_platform_interface.o)
                0x0000000008006f74                ai_platform_network_post_init
 .text.ai_platform_network_process
                0x0000000008007084      0x50c ../Middlewares/ST/AI/Lib\NetworkRuntime730_CM4_GCC.a(ai_platform_interface.o)
                0x0000000008007084                ai_platform_network_process
 .text.core_init
                0x0000000008007590        0x4 ../Middlewares/ST/AI/Lib\NetworkRuntime730_CM4_GCC.a(core_common.o)
                0x0000000008007590                core_init
 .text.core_set_error
                0x0000000008007594       0x18 ../Middlewares/ST/AI/Lib\NetworkRuntime730_CM4_GCC.a(core_common.o)
                0x0000000008007594                core_set_error
 .text.forward_dense
                0x00000000080075ac      0x54c ../Middlewares/ST/AI/Lib\NetworkRuntime730_CM4_GCC.a(layers_conv2d_generic_float.o)
                0x00000000080075ac                forward_dense
 .text.forward_sigmoid
                0x0000000008007af8       0x94 ../Middlewares/ST/AI/Lib\NetworkRuntime730_CM4_GCC.a(layers_nl_generic_float.o)
                0x0000000008007af8                forward_sigmoid
 .text.forward_relu
                0x0000000008007b8c      0x268 ../Middlewares/ST/AI/Lib\NetworkRuntime730_CM4_GCC.a(layers_nl_generic_float.o)
                0x0000000008007b8c                forward_relu
 .text.ai_check_custom_types
                0x0000000008007df4       0x54 ../Middlewares/ST/AI/Lib\NetworkRuntime730_CM4_GCC.a(layers.o)
                0x0000000008007df4                ai_check_custom_types
 .text.ai_layers_init_all
                0x0000000008007e48       0x1c ../Middlewares/ST/AI/Lib\NetworkRuntime730_CM4_GCC.a(layers.o)
                0x0000000008007e48                ai_layers_init_all
 .text.ai_layers_post_init_all
                0x0000000008007e64       0x28 ../Middlewares/ST/AI/Lib\NetworkRuntime730_CM4_GCC.a(layers.o)
                0x0000000008007e64                ai_layers_post_init_all
 .text.ai_layers_forward_all
                0x0000000008007e8c       0x94 ../Middlewares/ST/AI/Lib\NetworkRuntime730_CM4_GCC.a(layers.o)
                0x0000000008007e8c                ai_layers_forward_all
 .text.lite_dense_if32of32wf32
                0x0000000008007f20      0x248 ../Middlewares/ST/AI/Lib\NetworkRuntime730_CM4_GCC.a(lite_dense_if32.o)
                0x0000000008007f20                lite_dense_if32of32wf32
 .text.ai_version_get
                0x0000000008008168        0xc ../Middlewares/ST/AI/Lib\NetworkRuntime730_CM4_GCC.a(ai_datatypes_internal.o)
                0x0000000008008168                ai_version_get
 .text.get_tensor_byte_size
                0x0000000008008174       0x30 ../Middlewares/ST/AI/Lib\NetworkRuntime730_CM4_GCC.a(ai_datatypes_internal.o)
                0x0000000008008174                get_tensor_byte_size
 .text.ai_array_to_buffer_fmt
                0x00000000080081a4       0xd8 ../Middlewares/ST/AI/Lib\NetworkRuntime730_CM4_GCC.a(ai_datatypes_format.o)
                0x00000000080081a4                ai_array_to_buffer_fmt
 .text.ai_array_get_byte_size
                0x000000000800827c       0x50 ../Middlewares/ST/AI/Lib\NetworkRuntime730_CM4_GCC.a(ai_datatypes_format.o)
                0x000000000800827c                ai_array_get_byte_size
 .text.ai_array_get_data_byte_size
                0x00000000080082cc       0x24 ../Middlewares/ST/AI/Lib\NetworkRuntime730_CM4_GCC.a(ai_datatypes_format.o)
                0x00000000080082cc                ai_array_get_data_byte_size
 .text.arm_max_f32
                0x00000000080082f0       0xd8 ../Middlewares/ST/ARM/DSP/Lib\libarm_cortexM4lf_math.a(arm_max_f32.o)
                0x00000000080082f0                arm_max_f32
 .text.arm_rfft_32_fast_init_f32
                0x00000000080083c8       0x34 ../Middlewares/ST/ARM/DSP/Lib\libarm_cortexM4lf_math.a(arm_rfft_fast_init_f32.o)
                0x00000000080083c8                arm_rfft_32_fast_init_f32
 .text.arm_rfft_64_fast_init_f32
                0x00000000080083fc       0x34 ../Middlewares/ST/ARM/DSP/Lib\libarm_cortexM4lf_math.a(arm_rfft_fast_init_f32.o)
                0x00000000080083fc                arm_rfft_64_fast_init_f32
 .text.arm_rfft_256_fast_init_f32
                0x0000000008008430       0x38 ../Middlewares/ST/ARM/DSP/Lib\libarm_cortexM4lf_math.a(arm_rfft_fast_init_f32.o)
                0x0000000008008430                arm_rfft_256_fast_init_f32
 .text.arm_rfft_512_fast_init_f32
                0x0000000008008468       0x3c ../Middlewares/ST/ARM/DSP/Lib\libarm_cortexM4lf_math.a(arm_rfft_fast_init_f32.o)
                0x0000000008008468                arm_rfft_512_fast_init_f32
 .text.arm_rfft_1024_fast_init_f32
                0x00000000080084a4       0x3c ../Middlewares/ST/ARM/DSP/Lib\libarm_cortexM4lf_math.a(arm_rfft_fast_init_f32.o)
                0x00000000080084a4                arm_rfft_1024_fast_init_f32
 .text.arm_rfft_2048_fast_init_f32
                0x00000000080084e0       0x3c ../Middlewares/ST/ARM/DSP/Lib\libarm_cortexM4lf_math.a(arm_rfft_fast_init_f32.o)
                0x00000000080084e0                arm_rfft_2048_fast_init_f32
 .text.arm_rfft_4096_fast_init_f32
                0x000000000800851c       0x3c ../Middlewares/ST/ARM/DSP/Lib\libarm_cortexM4lf_math.a(arm_rfft_fast_init_f32.o)
                0x000000000800851c                arm_rfft_4096_fast_init_f32
 .text.arm_rfft_fast_init_f32
                0x0000000008008558       0x68 ../Middlewares/ST/ARM/DSP/Lib\libarm_cortexM4lf_math.a(arm_rfft_fast_init_f32.o)
                0x0000000008008558                arm_rfft_fast_init_f32
 .text.stage_rfft_f32
                0x00000000080085c0       0xb4 ../Middlewares/ST/ARM/DSP/Lib\libarm_cortexM4lf_math.a(arm_rfft_fast_f32.o)
                0x00000000080085c0                stage_rfft_f32
 .text.merge_rfft_f32
                0x0000000008008674       0xac ../Middlewares/ST/ARM/DSP/Lib\libarm_cortexM4lf_math.a(arm_rfft_fast_f32.o)
                0x0000000008008674                merge_rfft_f32
 .text.arm_rfft_fast_f32
                0x0000000008008720       0x40 ../Middlewares/ST/ARM/DSP/Lib\libarm_cortexM4lf_math.a(arm_rfft_fast_f32.o)
                0x0000000008008720                arm_rfft_fast_f32
 .text.arm_cfft_radix8by2_f32
                0x0000000008008760      0x1a0 ../Middlewares/ST/ARM/DSP/Lib\libarm_cortexM4lf_math.a(arm_cfft_f32.o)
                0x0000000008008760                arm_cfft_radix8by2_f32
 .text.arm_cfft_radix8by4_f32
                0x0000000008008900      0x4ac ../Middlewares/ST/ARM/DSP/Lib\libarm_cortexM4lf_math.a(arm_cfft_f32.o)
                0x0000000008008900                arm_cfft_radix8by4_f32
 .text.arm_cfft_f32
                0x0000000008008dac       0xf0 ../Middlewares/ST/ARM/DSP/Lib\libarm_cortexM4lf_math.a(arm_cfft_f32.o)
                0x0000000008008dac                arm_cfft_f32
 .text.arm_cfft_radix4_init_f32
                0x0000000008008e9c       0xbc ../Middlewares/ST/ARM/DSP/Lib\libarm_cortexM4lf_math.a(arm_cfft_radix4_init_f32.o)
                0x0000000008008e9c                arm_cfft_radix4_init_f32
 .text.arm_bitreversal_32
                0x0000000008008f58       0x40 ../Middlewares/ST/ARM/DSP/Lib\libarm_cortexM4lf_math.a(arm_bitreversal2.o)
                0x0000000008008f58                arm_bitreversal_32
 .text.arm_cmplx_mag_f32
                0x0000000008008f98      0x248 ../Middlewares/ST/ARM/DSP/Lib\libarm_cortexM4lf_math.a(arm_cmplx_mag_f32.o)
                0x0000000008008f98                arm_cmplx_mag_f32
 .text.arm_radix8_butterfly_f32
                0x00000000080091e0      0x580 ../Middlewares/ST/ARM/DSP/Lib\libarm_cortexM4lf_math.a(arm_cfft_radix8_f32.o)
                0x00000000080091e0                arm_radix8_butterfly_f32
 .text.__errno  0x0000000008009760        0xc d:/stm32cubeide_1.10.1/stm32cubeide/plugins/com.st.stm32cube.ide.mcu.externaltools.gnu-tools-for-stm32.10.3-2021.10.win32_1.0.100.202210260954/tools/bin/../lib/gcc/arm-none-eabi/10.3.1/../../../../arm-none-eabi/lib/thumb/v7e-m+fp/hard\libc_nano.a(lib_a-errno.o)
                0x0000000008009760                __errno
 .text.__libc_init_array
                0x000000000800976c       0x48 d:/stm32cubeide_1.10.1/stm32cubeide/plugins/com.st.stm32cube.ide.mcu.externaltools.gnu-tools-for-stm32.10.3-2021.10.win32_1.0.100.202210260954/tools/bin/../lib/gcc/arm-none-eabi/10.3.1/../../../../arm-none-eabi/lib/thumb/v7e-m+fp/hard\libc_nano.a(lib_a-init.o)
                0x000000000800976c                __libc_init_array
 .text.malloc   0x00000000080097b4       0x10 d:/stm32cubeide_1.10.1/stm32cubeide/plugins/com.st.stm32cube.ide.mcu.externaltools.gnu-tools-for-stm32.10.3-2021.10.win32_1.0.100.202210260954/tools/bin/../lib/gcc/arm-none-eabi/10.3.1/../../../../arm-none-eabi/lib/thumb/v7e-m+fp/hard\libc_nano.a(lib_a-malloc.o)
                0x00000000080097b4                malloc
 .text.memcpy   0x00000000080097c4       0x1c d:/stm32cubeide_1.10.1/stm32cubeide/plugins/com.st.stm32cube.ide.mcu.externaltools.gnu-tools-for-stm32.10.3-2021.10.win32_1.0.100.202210260954/tools/bin/../lib/gcc/arm-none-eabi/10.3.1/../../../../arm-none-eabi/lib/thumb/v7e-m+fp/hard\libc_nano.a(lib_a-memcpy-stub.o)
                0x00000000080097c4                memcpy
 .text.memset   0x00000000080097e0       0x10 d:/stm32cubeide_1.10.1/stm32cubeide/plugins/com.st.stm32cube.ide.mcu.externaltools.gnu-tools-for-stm32.10.3-2021.10.win32_1.0.100.202210260954/tools/bin/../lib/gcc/arm-none-eabi/10.3.1/../../../../arm-none-eabi/lib/thumb/v7e-m+fp/hard\libc_nano.a(lib_a-memset.o)
                0x00000000080097e0                memset
 .text._free_r  0x00000000080097f0       0x98 d:/stm32cubeide_1.10.1/stm32cubeide/plugins/com.st.stm32cube.ide.mcu.externaltools.gnu-tools-for-stm32.10.3-2021.10.win32_1.0.100.202210260954/tools/bin/../lib/gcc/arm-none-eabi/10.3.1/../../../../arm-none-eabi/lib/thumb/v7e-m+fp/hard\libc_nano.a(lib_a-nano-freer.o)
                0x00000000080097f0                _free_r
 .text.sbrk_aligned
                0x0000000008009888       0x40 d:/stm32cubeide_1.10.1/stm32cubeide/plugins/com.st.stm32cube.ide.mcu.externaltools.gnu-tools-for-stm32.10.3-2021.10.win32_1.0.100.202210260954/tools/bin/../lib/gcc/arm-none-eabi/10.3.1/../../../../arm-none-eabi/lib/thumb/v7e-m+fp/hard\libc_nano.a(lib_a-nano-mallocr.o)
 .text._malloc_r
                0x00000000080098c8       0xe8 d:/stm32cubeide_1.10.1/stm32cubeide/plugins/com.st.stm32cube.ide.mcu.externaltools.gnu-tools-for-stm32.10.3-2021.10.win32_1.0.100.202210260954/tools/bin/../lib/gcc/arm-none-eabi/10.3.1/../../../../arm-none-eabi/lib/thumb/v7e-m+fp/hard\libc_nano.a(lib_a-nano-mallocr.o)
                0x00000000080098c8                _malloc_r
 .text.__cvt    0x00000000080099b0       0xc4 d:/stm32cubeide_1.10.1/stm32cubeide/plugins/com.st.stm32cube.ide.mcu.externaltools.gnu-tools-for-stm32.10.3-2021.10.win32_1.0.100.202210260954/tools/bin/../lib/gcc/arm-none-eabi/10.3.1/../../../../arm-none-eabi/lib/thumb/v7e-m+fp/hard\libc_nano.a(lib_a-nano-vfprintf_float.o)
                0x00000000080099b0                __cvt
 .text.__exponent
                0x0000000008009a74       0x7c d:/stm32cubeide_1.10.1/stm32cubeide/plugins/com.st.stm32cube.ide.mcu.externaltools.gnu-tools-for-stm32.10.3-2021.10.win32_1.0.100.202210260954/tools/bin/../lib/gcc/arm-none-eabi/10.3.1/../../../../arm-none-eabi/lib/thumb/v7e-m+fp/hard\libc_nano.a(lib_a-nano-vfprintf_float.o)
                0x0000000008009a74                __exponent
 .text._printf_float
                0x0000000008009af0      0x46c d:/stm32cubeide_1.10.1/stm32cubeide/plugins/com.st.stm32cube.ide.mcu.externaltools.gnu-tools-for-stm32.10.3-2021.10.win32_1.0.100.202210260954/tools/bin/../lib/gcc/arm-none-eabi/10.3.1/../../../../arm-none-eabi/lib/thumb/v7e-m+fp/hard\libc_nano.a(lib_a-nano-vfprintf_float.o)
                0x0000000008009af0                _printf_float
 .text._printf_common
                0x0000000008009f5c       0xda d:/stm32cubeide_1.10.1/stm32cubeide/plugins/com.st.stm32cube.ide.mcu.externaltools.gnu-tools-for-stm32.10.3-2021.10.win32_1.0.100.202210260954/tools/bin/../lib/gcc/arm-none-eabi/10.3.1/../../../../arm-none-eabi/lib/thumb/v7e-m+fp/hard\libc_nano.a(lib_a-nano-vfprintf_i.o)
                0x0000000008009f5c                _printf_common
 *fill*         0x000000000800a036        0x2 
 .text._printf_i
                0x000000000800a038      0x24c d:/stm32cubeide_1.10.1/stm32cubeide/plugins/com.st.stm32cube.ide.mcu.externaltools.gnu-tools-for-stm32.10.3-2021.10.win32_1.0.100.202210260954/tools/bin/../lib/gcc/arm-none-eabi/10.3.1/../../../../arm-none-eabi/lib/thumb/v7e-m+fp/hard\libc_nano.a(lib_a-nano-vfprintf_i.o)
                0x000000000800a038                _printf_i
 .text._sbrk_r  0x000000000800a284       0x20 d:/stm32cubeide_1.10.1/stm32cubeide/plugins/com.st.stm32cube.ide.mcu.externaltools.gnu-tools-for-stm32.10.3-2021.10.win32_1.0.100.202210260954/tools/bin/../lib/gcc/arm-none-eabi/10.3.1/../../../../arm-none-eabi/lib/thumb/v7e-m+fp/hard\libc_nano.a(lib_a-sbrkr.o)
                0x000000000800a284                _sbrk_r
 .text.sprintf  0x000000000800a2a4       0x40 d:/stm32cubeide_1.10.1/stm32cubeide/plugins/com.st.stm32cube.ide.mcu.externaltools.gnu-tools-for-stm32.10.3-2021.10.win32_1.0.100.202210260954/tools/bin/../lib/gcc/arm-none-eabi/10.3.1/../../../../arm-none-eabi/lib/thumb/v7e-m+fp/hard\libc_nano.a(lib_a-sprintf.o)
                0x000000000800a2a4                siprintf
                0x000000000800a2a4                sprintf
 .text.quorem   0x000000000800a2e4      0x116 d:/stm32cubeide_1.10.1/stm32cubeide/plugins/com.st.stm32cube.ide.mcu.externaltools.gnu-tools-for-stm32.10.3-2021.10.win32_1.0.100.202210260954/tools/bin/../lib/gcc/arm-none-eabi/10.3.1/../../../../arm-none-eabi/lib/thumb/v7e-m+fp/hard\libc_nano.a(lib_a-dtoa.o)
 *fill*         0x000000000800a3fa        0x6 
 .text._dtoa_r  0x000000000800a400      0xbdc d:/stm32cubeide_1.10.1/stm32cubeide/plugins/com.st.stm32cube.ide.mcu.externaltools.gnu-tools-for-stm32.10.3-2021.10.win32_1.0.100.202210260954/tools/bin/../lib/gcc/arm-none-eabi/10.3.1/../../../../arm-none-eabi/lib/thumb/v7e-m+fp/hard\libc_nano.a(lib_a-dtoa.o)
                0x000000000800a400                _dtoa_r
 .text._localeconv_r
                0x000000000800afdc        0x8 d:/stm32cubeide_1.10.1/stm32cubeide/plugins/com.st.stm32cube.ide.mcu.externaltools.gnu-tools-for-stm32.10.3-2021.10.win32_1.0.100.202210260954/tools/bin/../lib/gcc/arm-none-eabi/10.3.1/../../../../arm-none-eabi/lib/thumb/v7e-m+fp/hard\libc_nano.a(lib_a-localeconv.o)
                0x000000000800afdc                _localeconv_r
 .text.__malloc_lock
                0x000000000800afe4        0xc d:/stm32cubeide_1.10.1/stm32cubeide/plugins/com.st.stm32cube.ide.mcu.externaltools.gnu-tools-for-stm32.10.3-2021.10.win32_1.0.100.202210260954/tools/bin/../lib/gcc/arm-none-eabi/10.3.1/../../../../arm-none-eabi/lib/thumb/v7e-m+fp/hard\libc_nano.a(lib_a-mlock.o)
                0x000000000800afe4                __malloc_lock
 .text.__malloc_unlock
                0x000000000800aff0        0xc d:/stm32cubeide_1.10.1/stm32cubeide/plugins/com.st.stm32cube.ide.mcu.externaltools.gnu-tools-for-stm32.10.3-2021.10.win32_1.0.100.202210260954/tools/bin/../lib/gcc/arm-none-eabi/10.3.1/../../../../arm-none-eabi/lib/thumb/v7e-m+fp/hard\libc_nano.a(lib_a-mlock.o)
                0x000000000800aff0                __malloc_unlock
 .text._Balloc  0x000000000800affc       0x80 d:/stm32cubeide_1.10.1/stm32cubeide/plugins/com.st.stm32cube.ide.mcu.externaltools.gnu-tools-for-stm32.10.3-2021.10.win32_1.0.100.202210260954/tools/bin/../lib/gcc/arm-none-eabi/10.3.1/../../../../arm-none-eabi/lib/thumb/v7e-m+fp/hard\libc_nano.a(lib_a-mprec.o)
                0x000000000800affc                _Balloc
 .text._Bfree   0x000000000800b07c       0x44 d:/stm32cubeide_1.10.1/stm32cubeide/plugins/com.st.stm32cube.ide.mcu.externaltools.gnu-tools-for-stm32.10.3-2021.10.win32_1.0.100.202210260954/tools/bin/../lib/gcc/arm-none-eabi/10.3.1/../../../../arm-none-eabi/lib/thumb/v7e-m+fp/hard\libc_nano.a(lib_a-mprec.o)
                0x000000000800b07c                _Bfree
 .text.__multadd
                0x000000000800b0c0       0x8c d:/stm32cubeide_1.10.1/stm32cubeide/plugins/com.st.stm32cube.ide.mcu.externaltools.gnu-tools-for-stm32.10.3-2021.10.win32_1.0.100.202210260954/tools/bin/../lib/gcc/arm-none-eabi/10.3.1/../../../../arm-none-eabi/lib/thumb/v7e-m+fp/hard\libc_nano.a(lib_a-mprec.o)
                0x000000000800b0c0                __multadd
 .text.__hi0bits
                0x000000000800b14c       0x40 d:/stm32cubeide_1.10.1/stm32cubeide/plugins/com.st.stm32cube.ide.mcu.externaltools.gnu-tools-for-stm32.10.3-2021.10.win32_1.0.100.202210260954/tools/bin/../lib/gcc/arm-none-eabi/10.3.1/../../../../arm-none-eabi/lib/thumb/v7e-m+fp/hard\libc_nano.a(lib_a-mprec.o)
                0x000000000800b14c                __hi0bits
 .text.__lo0bits
                0x000000000800b18c       0x5e d:/stm32cubeide_1.10.1/stm32cubeide/plugins/com.st.stm32cube.ide.mcu.externaltools.gnu-tools-for-stm32.10.3-2021.10.win32_1.0.100.202210260954/tools/bin/../lib/gcc/arm-none-eabi/10.3.1/../../../../arm-none-eabi/lib/thumb/v7e-m+fp/hard\libc_nano.a(lib_a-mprec.o)
                0x000000000800b18c                __lo0bits
 *fill*         0x000000000800b1ea        0x2 
 .text.__i2b    0x000000000800b1ec       0x2c d:/stm32cubeide_1.10.1/stm32cubeide/plugins/com.st.stm32cube.ide.mcu.externaltools.gnu-tools-for-stm32.10.3-2021.10.win32_1.0.100.202210260954/tools/bin/../lib/gcc/arm-none-eabi/10.3.1/../../../../arm-none-eabi/lib/thumb/v7e-m+fp/hard\libc_nano.a(lib_a-mprec.o)
                0x000000000800b1ec                __i2b
 .text.__multiply
                0x000000000800b218      0x154 d:/stm32cubeide_1.10.1/stm32cubeide/plugins/com.st.stm32cube.ide.mcu.externaltools.gnu-tools-for-stm32.10.3-2021.10.win32_1.0.100.202210260954/tools/bin/../lib/gcc/arm-none-eabi/10.3.1/../../../../arm-none-eabi/lib/thumb/v7e-m+fp/hard\libc_nano.a(lib_a-mprec.o)
                0x000000000800b218                __multiply
 .text.__pow5mult
                0x000000000800b36c       0xb4 d:/stm32cubeide_1.10.1/stm32cubeide/plugins/com.st.stm32cube.ide.mcu.externaltools.gnu-tools-for-stm32.10.3-2021.10.win32_1.0.100.202210260954/tools/bin/../lib/gcc/arm-none-eabi/10.3.1/../../../../arm-none-eabi/lib/thumb/v7e-m+fp/hard\libc_nano.a(lib_a-mprec.o)
                0x000000000800b36c                __pow5mult
 .text.__lshift
                0x000000000800b420       0xe0 d:/stm32cubeide_1.10.1/stm32cubeide/plugins/com.st.stm32cube.ide.mcu.externaltools.gnu-tools-for-stm32.10.3-2021.10.win32_1.0.100.202210260954/tools/bin/../lib/gcc/arm-none-eabi/10.3.1/../../../../arm-none-eabi/lib/thumb/v7e-m+fp/hard\libc_nano.a(lib_a-mprec.o)
                0x000000000800b420                __lshift
 .text.__mcmp   0x000000000800b500       0x38 d:/stm32cubeide_1.10.1/stm32cubeide/plugins/com.st.stm32cube.ide.mcu.externaltools.gnu-tools-for-stm32.10.3-2021.10.win32_1.0.100.202210260954/tools/bin/../lib/gcc/arm-none-eabi/10.3.1/../../../../arm-none-eabi/lib/thumb/v7e-m+fp/hard\libc_nano.a(lib_a-mprec.o)
                0x000000000800b500                __mcmp
 .text.__mdiff  0x000000000800b538      0x114 d:/stm32cubeide_1.10.1/stm32cubeide/plugins/com.st.stm32cube.ide.mcu.externaltools.gnu-tools-for-stm32.10.3-2021.10.win32_1.0.100.202210260954/tools/bin/../lib/gcc/arm-none-eabi/10.3.1/../../../../arm-none-eabi/lib/thumb/v7e-m+fp/hard\libc_nano.a(lib_a-mprec.o)
                0x000000000800b538                __mdiff
 .text.__d2b    0x000000000800b64c       0xb8 d:/stm32cubeide_1.10.1/stm32cubeide/plugins/com.st.stm32cube.ide.mcu.externaltools.gnu-tools-for-stm32.10.3-2021.10.win32_1.0.100.202210260954/tools/bin/../lib/gcc/arm-none-eabi/10.3.1/../../../../arm-none-eabi/lib/thumb/v7e-m+fp/hard\libc_nano.a(lib_a-mprec.o)
                0x000000000800b64c                __d2b
 .text._calloc_r
                0x000000000800b704       0x2c d:/stm32cubeide_1.10.1/stm32cubeide/plugins/com.st.stm32cube.ide.mcu.externaltools.gnu-tools-for-stm32.10.3-2021.10.win32_1.0.100.202210260954/tools/bin/../lib/gcc/arm-none-eabi/10.3.1/../../../../arm-none-eabi/lib/thumb/v7e-m+fp/hard\libc_nano.a(lib_a-nano-callocr.o)
                0x000000000800b704                _calloc_r
 .text._realloc_r
                0x000000000800b730       0x5e d:/stm32cubeide_1.10.1/stm32cubeide/plugins/com.st.stm32cube.ide.mcu.externaltools.gnu-tools-for-stm32.10.3-2021.10.win32_1.0.100.202210260954/tools/bin/../lib/gcc/arm-none-eabi/10.3.1/../../../../arm-none-eabi/lib/thumb/v7e-m+fp/hard\libc_nano.a(lib_a-nano-reallocr.o)
                0x000000000800b730                _realloc_r
 .text.__ssputs_r
                0x000000000800b78e       0xb6 d:/stm32cubeide_1.10.1/stm32cubeide/plugins/com.st.stm32cube.ide.mcu.externaltools.gnu-tools-for-stm32.10.3-2021.10.win32_1.0.100.202210260954/tools/bin/../lib/gcc/arm-none-eabi/10.3.1/../../../../arm-none-eabi/lib/thumb/v7e-m+fp/hard\libc_nano.a(lib_a-nano-svfprintf.o)
                0x000000000800b78e                __ssputs_r
 .text._svfprintf_r
                0x000000000800b844      0x200 d:/stm32cubeide_1.10.1/stm32cubeide/plugins/com.st.stm32cube.ide.mcu.externaltools.gnu-tools-for-stm32.10.3-2021.10.win32_1.0.100.202210260954/tools/bin/../lib/gcc/arm-none-eabi/10.3.1/../../../../arm-none-eabi/lib/thumb/v7e-m+fp/hard\libc_nano.a(lib_a-nano-svfprintf.o)
                0x000000000800b844                _svfiprintf_r
                0x000000000800b844                _svfprintf_r
 .text.__assert_func
                0x000000000800ba44       0x3c d:/stm32cubeide_1.10.1/stm32cubeide/plugins/com.st.stm32cube.ide.mcu.externaltools.gnu-tools-for-stm32.10.3-2021.10.win32_1.0.100.202210260954/tools/bin/../lib/gcc/arm-none-eabi/10.3.1/../../../../arm-none-eabi/lib/thumb/v7e-m+fp/hard\libc_nano.a(lib_a-assert.o)
                0x000000000800ba44                __assert_func
 .text.fprintf  0x000000000800ba80       0x24 d:/stm32cubeide_1.10.1/stm32cubeide/plugins/com.st.stm32cube.ide.mcu.externaltools.gnu-tools-for-stm32.10.3-2021.10.win32_1.0.100.202210260954/tools/bin/../lib/gcc/arm-none-eabi/10.3.1/../../../../arm-none-eabi/lib/thumb/v7e-m+fp/hard\libc_nano.a(lib_a-fprintf.o)
                0x000000000800ba80                fiprintf
                0x000000000800ba80                fprintf
 .text.__retarget_lock_init_recursive
                0x000000000800baa4        0x2 d:/stm32cubeide_1.10.1/stm32cubeide/plugins/com.st.stm32cube.ide.mcu.externaltools.gnu-tools-for-stm32.10.3-2021.10.win32_1.0.100.202210260954/tools/bin/../lib/gcc/arm-none-eabi/10.3.1/../../../../arm-none-eabi/lib/thumb/v7e-m+fp/hard\libc_nano.a(lib_a-lock.o)
                0x000000000800baa4                __retarget_lock_init_recursive
 .text.__retarget_lock_acquire_recursive
                0x000000000800baa6        0x2 d:/stm32cubeide_1.10.1/stm32cubeide/plugins/com.st.stm32cube.ide.mcu.externaltools.gnu-tools-for-stm32.10.3-2021.10.win32_1.0.100.202210260954/tools/bin/../lib/gcc/arm-none-eabi/10.3.1/../../../../arm-none-eabi/lib/thumb/v7e-m+fp/hard\libc_nano.a(lib_a-lock.o)
                0x000000000800baa6                __retarget_lock_acquire_recursive
 .text.__retarget_lock_release_recursive
                0x000000000800baa8        0x2 d:/stm32cubeide_1.10.1/stm32cubeide/plugins/com.st.stm32cube.ide.mcu.externaltools.gnu-tools-for-stm32.10.3-2021.10.win32_1.0.100.202210260954/tools/bin/../lib/gcc/arm-none-eabi/10.3.1/../../../../arm-none-eabi/lib/thumb/v7e-m+fp/hard\libc_nano.a(lib_a-lock.o)
                0x000000000800baa8                __retarget_lock_release_recursive
 .text.__ascii_mbtowc
                0x000000000800baaa       0x24 d:/stm32cubeide_1.10.1/stm32cubeide/plugins/com.st.stm32cube.ide.mcu.externaltools.gnu-tools-for-stm32.10.3-2021.10.win32_1.0.100.202210260954/tools/bin/../lib/gcc/arm-none-eabi/10.3.1/../../../../arm-none-eabi/lib/thumb/v7e-m+fp/hard\libc_nano.a(lib_a-mbtowc_r.o)
                0x000000000800baaa                __ascii_mbtowc
 .text.memmove  0x000000000800bace       0x34 d:/stm32cubeide_1.10.1/stm32cubeide/plugins/com.st.stm32cube.ide.mcu.externaltools.gnu-tools-for-stm32.10.3-2021.10.win32_1.0.100.202210260954/tools/bin/../lib/gcc/arm-none-eabi/10.3.1/../../../../arm-none-eabi/lib/thumb/v7e-m+fp/hard\libc_nano.a(lib_a-memmove.o)
                0x000000000800bace                memmove
 .text._malloc_usable_size_r
                0x000000000800bb02       0x10 d:/stm32cubeide_1.10.1/stm32cubeide/plugins/com.st.stm32cube.ide.mcu.externaltools.gnu-tools-for-stm32.10.3-2021.10.win32_1.0.100.202210260954/tools/bin/../lib/gcc/arm-none-eabi/10.3.1/../../../../arm-none-eabi/lib/thumb/v7e-m+fp/hard\libc_nano.a(lib_a-nano-msizer.o)
                0x000000000800bb02                _malloc_usable_size_r
 .text.__sfputc_r
                0x000000000800bb12       0x2e d:/stm32cubeide_1.10.1/stm32cubeide/plugins/com.st.stm32cube.ide.mcu.externaltools.gnu-tools-for-stm32.10.3-2021.10.win32_1.0.100.202210260954/tools/bin/../lib/gcc/arm-none-eabi/10.3.1/../../../../arm-none-eabi/lib/thumb/v7e-m+fp/hard\libc_nano.a(lib_a-nano-vfprintf.o)
 .text.__sfputs_r
                0x000000000800bb40       0x24 d:/stm32cubeide_1.10.1/stm32cubeide/plugins/com.st.stm32cube.ide.mcu.externaltools.gnu-tools-for-stm32.10.3-2021.10.win32_1.0.100.202210260954/tools/bin/../lib/gcc/arm-none-eabi/10.3.1/../../../../arm-none-eabi/lib/thumb/v7e-m+fp/hard\libc_nano.a(lib_a-nano-vfprintf.o)
                0x000000000800bb40                __sfputs_r
 .text._vfprintf_r
                0x000000000800bb64      0x260 d:/stm32cubeide_1.10.1/stm32cubeide/plugins/com.st.stm32cube.ide.mcu.externaltools.gnu-tools-for-stm32.10.3-2021.10.win32_1.0.100.202210260954/tools/bin/../lib/gcc/arm-none-eabi/10.3.1/../../../../arm-none-eabi/lib/thumb/v7e-m+fp/hard\libc_nano.a(lib_a-nano-vfprintf.o)
                0x000000000800bb64                _vfprintf_r
                0x000000000800bb64                _vfiprintf_r
 .text.__swbuf_r
                0x000000000800bdc4       0xa4 d:/stm32cubeide_1.10.1/stm32cubeide/plugins/com.st.stm32cube.ide.mcu.externaltools.gnu-tools-for-stm32.10.3-2021.10.win32_1.0.100.202210260954/tools/bin/../lib/gcc/arm-none-eabi/10.3.1/../../../../arm-none-eabi/lib/thumb/v7e-m+fp/hard\libc_nano.a(lib_a-wbuf.o)
                0x000000000800bdc4                __swbuf_r
 .text.__ascii_wctomb
                0x000000000800be68       0x1a d:/stm32cubeide_1.10.1/stm32cubeide/plugins/com.st.stm32cube.ide.mcu.externaltools.gnu-tools-for-stm32.10.3-2021.10.win32_1.0.100.202210260954/tools/bin/../lib/gcc/arm-none-eabi/10.3.1/../../../../arm-none-eabi/lib/thumb/v7e-m+fp/hard\libc_nano.a(lib_a-wctomb_r.o)
                0x000000000800be68                __ascii_wctomb
 *fill*         0x000000000800be82        0x2 
 .text.__swsetup_r
                0x000000000800be84       0xdc d:/stm32cubeide_1.10.1/stm32cubeide/plugins/com.st.stm32cube.ide.mcu.externaltools.gnu-tools-for-stm32.10.3-2021.10.win32_1.0.100.202210260954/tools/bin/../lib/gcc/arm-none-eabi/10.3.1/../../../../arm-none-eabi/lib/thumb/v7e-m+fp/hard\libc_nano.a(lib_a-wsetup.o)
                0x000000000800be84                __swsetup_r
 .text.abort    0x000000000800bf60        0xe d:/stm32cubeide_1.10.1/stm32cubeide/plugins/com.st.stm32cube.ide.mcu.externaltools.gnu-tools-for-stm32.10.3-2021.10.win32_1.0.100.202210260954/tools/bin/../lib/gcc/arm-none-eabi/10.3.1/../../../../arm-none-eabi/lib/thumb/v7e-m+fp/hard\libc_nano.a(lib_a-abort.o)
                0x000000000800bf60                abort
 *fill*         0x000000000800bf6e        0x2 
 .text.__sflush_r
                0x000000000800bf70      0x10c d:/stm32cubeide_1.10.1/stm32cubeide/plugins/com.st.stm32cube.ide.mcu.externaltools.gnu-tools-for-stm32.10.3-2021.10.win32_1.0.100.202210260954/tools/bin/../lib/gcc/arm-none-eabi/10.3.1/../../../../arm-none-eabi/lib/thumb/v7e-m+fp/hard\libc_nano.a(lib_a-fflush.o)
                0x000000000800bf70                __sflush_r
 .text._fflush_r
                0x000000000800c07c       0x78 d:/stm32cubeide_1.10.1/stm32cubeide/plugins/com.st.stm32cube.ide.mcu.externaltools.gnu-tools-for-stm32.10.3-2021.10.win32_1.0.100.202210260954/tools/bin/../lib/gcc/arm-none-eabi/10.3.1/../../../../arm-none-eabi/lib/thumb/v7e-m+fp/hard\libc_nano.a(lib_a-fflush.o)
                0x000000000800c07c                _fflush_r
 .text.std      0x000000000800c0f4       0x48 d:/stm32cubeide_1.10.1/stm32cubeide/plugins/com.st.stm32cube.ide.mcu.externaltools.gnu-tools-for-stm32.10.3-2021.10.win32_1.0.100.202210260954/tools/bin/../lib/gcc/arm-none-eabi/10.3.1/../../../../arm-none-eabi/lib/thumb/v7e-m+fp/hard\libc_nano.a(lib_a-findfp.o)
 .text._cleanup_r
                0x000000000800c13c        0xc d:/stm32cubeide_1.10.1/stm32cubeide/plugins/com.st.stm32cube.ide.mcu.externaltools.gnu-tools-for-stm32.10.3-2021.10.win32_1.0.100.202210260954/tools/bin/../lib/gcc/arm-none-eabi/10.3.1/../../../../arm-none-eabi/lib/thumb/v7e-m+fp/hard\libc_nano.a(lib_a-findfp.o)
                0x000000000800c13c                _cleanup_r
 .text.__sfmoreglue
                0x000000000800c148       0x2c d:/stm32cubeide_1.10.1/stm32cubeide/plugins/com.st.stm32cube.ide.mcu.externaltools.gnu-tools-for-stm32.10.3-2021.10.win32_1.0.100.202210260954/tools/bin/../lib/gcc/arm-none-eabi/10.3.1/../../../../arm-none-eabi/lib/thumb/v7e-m+fp/hard\libc_nano.a(lib_a-findfp.o)
                0x000000000800c148                __sfmoreglue
 .text.__sfp_lock_acquire
                0x000000000800c174        0xc d:/stm32cubeide_1.10.1/stm32cubeide/plugins/com.st.stm32cube.ide.mcu.externaltools.gnu-tools-for-stm32.10.3-2021.10.win32_1.0.100.202210260954/tools/bin/../lib/gcc/arm-none-eabi/10.3.1/../../../../arm-none-eabi/lib/thumb/v7e-m+fp/hard\libc_nano.a(lib_a-findfp.o)
                0x000000000800c174                __sfp_lock_acquire
 .text.__sfp_lock_release
                0x000000000800c180        0xc d:/stm32cubeide_1.10.1/stm32cubeide/plugins/com.st.stm32cube.ide.mcu.externaltools.gnu-tools-for-stm32.10.3-2021.10.win32_1.0.100.202210260954/tools/bin/../lib/gcc/arm-none-eabi/10.3.1/../../../../arm-none-eabi/lib/thumb/v7e-m+fp/hard\libc_nano.a(lib_a-findfp.o)
                0x000000000800c180                __sfp_lock_release
 .text.__sinit_lock_acquire
                0x000000000800c18c        0xc d:/stm32cubeide_1.10.1/stm32cubeide/plugins/com.st.stm32cube.ide.mcu.externaltools.gnu-tools-for-stm32.10.3-2021.10.win32_1.0.100.202210260954/tools/bin/../lib/gcc/arm-none-eabi/10.3.1/../../../../arm-none-eabi/lib/thumb/v7e-m+fp/hard\libc_nano.a(lib_a-findfp.o)
                0x000000000800c18c                __sinit_lock_acquire
 .text.__sinit_lock_release
                0x000000000800c198        0xc d:/stm32cubeide_1.10.1/stm32cubeide/plugins/com.st.stm32cube.ide.mcu.externaltools.gnu-tools-for-stm32.10.3-2021.10.win32_1.0.100.202210260954/tools/bin/../lib/gcc/arm-none-eabi/10.3.1/../../../../arm-none-eabi/lib/thumb/v7e-m+fp/hard\libc_nano.a(lib_a-findfp.o)
                0x000000000800c198                __sinit_lock_release
 .text.__sinit  0x000000000800c1a4       0x70 d:/stm32cubeide_1.10.1/stm32cubeide/plugins/com.st.stm32cube.ide.mcu.externaltools.gnu-tools-for-stm32.10.3-2021.10.win32_1.0.100.202210260954/tools/bin/../lib/gcc/arm-none-eabi/10.3.1/../../../../arm-none-eabi/lib/thumb/v7e-m+fp/hard\libc_nano.a(lib_a-findfp.o)
                0x000000000800c1a4                __sinit
 .text.__sfp    0x000000000800c214       0x8c d:/stm32cubeide_1.10.1/stm32cubeide/plugins/com.st.stm32cube.ide.mcu.externaltools.gnu-tools-for-stm32.10.3-2021.10.win32_1.0.100.202210260954/tools/bin/../lib/gcc/arm-none-eabi/10.3.1/../../../../arm-none-eabi/lib/thumb/v7e-m+fp/hard\libc_nano.a(lib_a-findfp.o)
                0x000000000800c214                __sfp
 .text._fwalk_reent
                0x000000000800c2a0       0x3e d:/stm32cubeide_1.10.1/stm32cubeide/plugins/com.st.stm32cube.ide.mcu.externaltools.gnu-tools-for-stm32.10.3-2021.10.win32_1.0.100.202210260954/tools/bin/../lib/gcc/arm-none-eabi/10.3.1/../../../../arm-none-eabi/lib/thumb/v7e-m+fp/hard\libc_nano.a(lib_a-fwalk.o)
                0x000000000800c2a0                _fwalk_reent
 .text.__swhatbuf_r
                0x000000000800c2de       0x4a d:/stm32cubeide_1.10.1/stm32cubeide/plugins/com.st.stm32cube.ide.mcu.externaltools.gnu-tools-for-stm32.10.3-2021.10.win32_1.0.100.202210260954/tools/bin/../lib/gcc/arm-none-eabi/10.3.1/../../../../arm-none-eabi/lib/thumb/v7e-m+fp/hard\libc_nano.a(lib_a-makebuf.o)
                0x000000000800c2de                __swhatbuf_r
 .text.__smakebuf_r
                0x000000000800c328       0x80 d:/stm32cubeide_1.10.1/stm32cubeide/plugins/com.st.stm32cube.ide.mcu.externaltools.gnu-tools-for-stm32.10.3-2021.10.win32_1.0.100.202210260954/tools/bin/../lib/gcc/arm-none-eabi/10.3.1/../../../../arm-none-eabi/lib/thumb/v7e-m+fp/hard\libc_nano.a(lib_a-makebuf.o)
                0x000000000800c328                __smakebuf_r
 .text._raise_r
                0x000000000800c3a8       0x50 d:/stm32cubeide_1.10.1/stm32cubeide/plugins/com.st.stm32cube.ide.mcu.externaltools.gnu-tools-for-stm32.10.3-2021.10.win32_1.0.100.202210260954/tools/bin/../lib/gcc/arm-none-eabi/10.3.1/../../../../arm-none-eabi/lib/thumb/v7e-m+fp/hard\libc_nano.a(lib_a-signal.o)
                0x000000000800c3a8                _raise_r
 .text.raise    0x000000000800c3f8       0x10 d:/stm32cubeide_1.10.1/stm32cubeide/plugins/com.st.stm32cube.ide.mcu.externaltools.gnu-tools-for-stm32.10.3-2021.10.win32_1.0.100.202210260954/tools/bin/../lib/gcc/arm-none-eabi/10.3.1/../../../../arm-none-eabi/lib/thumb/v7e-m+fp/hard\libc_nano.a(lib_a-signal.o)
                0x000000000800c3f8                raise
 .text._kill_r  0x000000000800c408       0x24 d:/stm32cubeide_1.10.1/stm32cubeide/plugins/com.st.stm32cube.ide.mcu.externaltools.gnu-tools-for-stm32.10.3-2021.10.win32_1.0.100.202210260954/tools/bin/../lib/gcc/arm-none-eabi/10.3.1/../../../../arm-none-eabi/lib/thumb/v7e-m+fp/hard\libc_nano.a(lib_a-signalr.o)
                0x000000000800c408                _kill_r
 .text._getpid_r
                0x000000000800c42c        0x4 d:/stm32cubeide_1.10.1/stm32cubeide/plugins/com.st.stm32cube.ide.mcu.externaltools.gnu-tools-for-stm32.10.3-2021.10.win32_1.0.100.202210260954/tools/bin/../lib/gcc/arm-none-eabi/10.3.1/../../../../arm-none-eabi/lib/thumb/v7e-m+fp/hard\libc_nano.a(lib_a-signalr.o)
                0x000000000800c42c                _getpid_r
 .text.__sread  0x000000000800c430       0x22 d:/stm32cubeide_1.10.1/stm32cubeide/plugins/com.st.stm32cube.ide.mcu.externaltools.gnu-tools-for-stm32.10.3-2021.10.win32_1.0.100.202210260954/tools/bin/../lib/gcc/arm-none-eabi/10.3.1/../../../../arm-none-eabi/lib/thumb/v7e-m+fp/hard\libc_nano.a(lib_a-stdio.o)
                0x000000000800c430                __sread
 .text.__swrite
                0x000000000800c452       0x38 d:/stm32cubeide_1.10.1/stm32cubeide/plugins/com.st.stm32cube.ide.mcu.externaltools.gnu-tools-for-stm32.10.3-2021.10.win32_1.0.100.202210260954/tools/bin/../lib/gcc/arm-none-eabi/10.3.1/../../../../arm-none-eabi/lib/thumb/v7e-m+fp/hard\libc_nano.a(lib_a-stdio.o)
                0x000000000800c452                __swrite
 .text.__sseek  0x000000000800c48a       0x24 d:/stm32cubeide_1.10.1/stm32cubeide/plugins/com.st.stm32cube.ide.mcu.externaltools.gnu-tools-for-stm32.10.3-2021.10.win32_1.0.100.202210260954/tools/bin/../lib/gcc/arm-none-eabi/10.3.1/../../../../arm-none-eabi/lib/thumb/v7e-m+fp/hard\libc_nano.a(lib_a-stdio.o)
                0x000000000800c48a                __sseek
 .text.__sclose
                0x000000000800c4ae        0x8 d:/stm32cubeide_1.10.1/stm32cubeide/plugins/com.st.stm32cube.ide.mcu.externaltools.gnu-tools-for-stm32.10.3-2021.10.win32_1.0.100.202210260954/tools/bin/../lib/gcc/arm-none-eabi/10.3.1/../../../../arm-none-eabi/lib/thumb/v7e-m+fp/hard\libc_nano.a(lib_a-stdio.o)
                0x000000000800c4ae                __sclose
 *fill*         0x000000000800c4b6        0x2 
 .text._write_r
                0x000000000800c4b8       0x24 d:/stm32cubeide_1.10.1/stm32cubeide/plugins/com.st.stm32cube.ide.mcu.externaltools.gnu-tools-for-stm32.10.3-2021.10.win32_1.0.100.202210260954/tools/bin/../lib/gcc/arm-none-eabi/10.3.1/../../../../arm-none-eabi/lib/thumb/v7e-m+fp/hard\libc_nano.a(lib_a-writer.o)
                0x000000000800c4b8                _write_r
 .text._close_r
                0x000000000800c4dc       0x20 d:/stm32cubeide_1.10.1/stm32cubeide/plugins/com.st.stm32cube.ide.mcu.externaltools.gnu-tools-for-stm32.10.3-2021.10.win32_1.0.100.202210260954/tools/bin/../lib/gcc/arm-none-eabi/10.3.1/../../../../arm-none-eabi/lib/thumb/v7e-m+fp/hard\libc_nano.a(lib_a-closer.o)
                0x000000000800c4dc                _close_r
 .text._fstat_r
                0x000000000800c4fc       0x24 d:/stm32cubeide_1.10.1/stm32cubeide/plugins/com.st.stm32cube.ide.mcu.externaltools.gnu-tools-for-stm32.10.3-2021.10.win32_1.0.100.202210260954/tools/bin/../lib/gcc/arm-none-eabi/10.3.1/../../../../arm-none-eabi/lib/thumb/v7e-m+fp/hard\libc_nano.a(lib_a-fstatr.o)
                0x000000000800c4fc                _fstat_r
 .text._isatty_r
                0x000000000800c520       0x20 d:/stm32cubeide_1.10.1/stm32cubeide/plugins/com.st.stm32cube.ide.mcu.externaltools.gnu-tools-for-stm32.10.3-2021.10.win32_1.0.100.202210260954/tools/bin/../lib/gcc/arm-none-eabi/10.3.1/../../../../arm-none-eabi/lib/thumb/v7e-m+fp/hard\libc_nano.a(lib_a-isattyr.o)
                0x000000000800c520                _isatty_r
 .text._lseek_r
                0x000000000800c540       0x24 d:/stm32cubeide_1.10.1/stm32cubeide/plugins/com.st.stm32cube.ide.mcu.externaltools.gnu-tools-for-stm32.10.3-2021.10.win32_1.0.100.202210260954/tools/bin/../lib/gcc/arm-none-eabi/10.3.1/../../../../arm-none-eabi/lib/thumb/v7e-m+fp/hard\libc_nano.a(lib_a-lseekr.o)
                0x000000000800c540                _lseek_r
 .text._read_r  0x000000000800c564       0x24 d:/stm32cubeide_1.10.1/stm32cubeide/plugins/com.st.stm32cube.ide.mcu.externaltools.gnu-tools-for-stm32.10.3-2021.10.win32_1.0.100.202210260954/tools/bin/../lib/gcc/arm-none-eabi/10.3.1/../../../../arm-none-eabi/lib/thumb/v7e-m+fp/hard\libc_nano.a(lib_a-readr.o)
                0x000000000800c564                _read_r
 .text.expf     0x000000000800c588       0x6c d:/stm32cubeide_1.10.1/stm32cubeide/plugins/com.st.stm32cube.ide.mcu.externaltools.gnu-tools-for-stm32.10.3-2021.10.win32_1.0.100.202210260954/tools/bin/../lib/gcc/arm-none-eabi/10.3.1/../../../../arm-none-eabi/lib/thumb/v7e-m+fp/hard\libm.a(lib_a-wf_exp.o)
                0x000000000800c588                expf
 .text.sqrtf    0x000000000800c5f4       0x3c d:/stm32cubeide_1.10.1/stm32cubeide/plugins/com.st.stm32cube.ide.mcu.externaltools.gnu-tools-for-stm32.10.3-2021.10.win32_1.0.100.202210260954/tools/bin/../lib/gcc/arm-none-eabi/10.3.1/../../../../arm-none-eabi/lib/thumb/v7e-m+fp/hard\libm.a(lib_a-wf_sqrt.o)
                0x000000000800c5f4                sqrtf
 .text.__ieee754_expf
                0x000000000800c630      0x19c d:/stm32cubeide_1.10.1/stm32cubeide/plugins/com.st.stm32cube.ide.mcu.externaltools.gnu-tools-for-stm32.10.3-2021.10.win32_1.0.100.202210260954/tools/bin/../lib/gcc/arm-none-eabi/10.3.1/../../../../arm-none-eabi/lib/thumb/v7e-m+fp/hard\libm.a(lib_a-ef_exp.o)
                0x000000000800c630                __ieee754_expf
 .text.__ieee754_sqrtf
                0x000000000800c7cc        0x6 d:/stm32cubeide_1.10.1/stm32cubeide/plugins/com.st.stm32cube.ide.mcu.externaltools.gnu-tools-for-stm32.10.3-2021.10.win32_1.0.100.202210260954/tools/bin/../lib/gcc/arm-none-eabi/10.3.1/../../../../arm-none-eabi/lib/thumb/v7e-m+fp/hard\libm.a(lib_a-ef_sqrt.o)
                0x000000000800c7cc                __ieee754_sqrtf
 .text.with_errnof
                0x000000000800c7d2       0x16 d:/stm32cubeide_1.10.1/stm32cubeide/plugins/com.st.stm32cube.ide.mcu.externaltools.gnu-tools-for-stm32.10.3-2021.10.win32_1.0.100.202210260954/tools/bin/../lib/gcc/arm-none-eabi/10.3.1/../../../../arm-none-eabi/lib/thumb/v7e-m+fp/hard\libm.a(lib_a-math_errf.o)
 .text.xflowf   0x000000000800c7e8       0x16 d:/stm32cubeide_1.10.1/stm32cubeide/plugins/com.st.stm32cube.ide.mcu.externaltools.gnu-tools-for-stm32.10.3-2021.10.win32_1.0.100.202210260954/tools/bin/../lib/gcc/arm-none-eabi/10.3.1/../../../../arm-none-eabi/lib/thumb/v7e-m+fp/hard\libm.a(lib_a-math_errf.o)
 *fill*         0x000000000800c7fe        0x2 
 .text.__math_uflowf
                0x000000000800c800        0xc d:/stm32cubeide_1.10.1/stm32cubeide/plugins/com.st.stm32cube.ide.mcu.externaltools.gnu-tools-for-stm32.10.3-2021.10.win32_1.0.100.202210260954/tools/bin/../lib/gcc/arm-none-eabi/10.3.1/../../../../arm-none-eabi/lib/thumb/v7e-m+fp/hard\libm.a(lib_a-math_errf.o)
                0x000000000800c800                __math_uflowf
 .text.__math_oflowf
                0x000000000800c80c        0xc d:/stm32cubeide_1.10.1/stm32cubeide/plugins/com.st.stm32cube.ide.mcu.externaltools.gnu-tools-for-stm32.10.3-2021.10.win32_1.0.100.202210260954/tools/bin/../lib/gcc/arm-none-eabi/10.3.1/../../../../arm-none-eabi/lib/thumb/v7e-m+fp/hard\libm.a(lib_a-math_errf.o)
                0x000000000800c80c                __math_oflowf
 .text.finitef  0x000000000800c818       0x1a d:/stm32cubeide_1.10.1/stm32cubeide/plugins/com.st.stm32cube.ide.mcu.externaltools.gnu-tools-for-stm32.10.3-2021.10.win32_1.0.100.202210260954/tools/bin/../lib/gcc/arm-none-eabi/10.3.1/../../../../arm-none-eabi/lib/thumb/v7e-m+fp/hard\libm.a(lib_a-sf_finite.o)
                0x000000000800c818                finitef
 *(.glue_7)
 .glue_7        0x000000000800c832        0x0 linker stubs
 *(.glue_7t)
 .glue_7t       0x000000000800c832        0x0 linker stubs
 *(.eh_frame)
 *fill*         0x000000000800c832        0x2 
 .eh_frame      0x000000000800c834        0x0 d:/stm32cubeide_1.10.1/stm32cubeide/plugins/com.st.stm32cube.ide.mcu.externaltools.gnu-tools-for-stm32.10.3-2021.10.win32_1.0.100.202210260954/tools/bin/../lib/gcc/arm-none-eabi/10.3.1/thumb/v7e-m+fp/hard/crtbegin.o
 *(.init)
 .init          0x000000000800c834        0x4 d:/stm32cubeide_1.10.1/stm32cubeide/plugins/com.st.stm32cube.ide.mcu.externaltools.gnu-tools-for-stm32.10.3-2021.10.win32_1.0.100.202210260954/tools/bin/../lib/gcc/arm-none-eabi/10.3.1/thumb/v7e-m+fp/hard/crti.o
                0x000000000800c834                _init
 .init          0x000000000800c838        0x8 d:/stm32cubeide_1.10.1/stm32cubeide/plugins/com.st.stm32cube.ide.mcu.externaltools.gnu-tools-for-stm32.10.3-2021.10.win32_1.0.100.202210260954/tools/bin/../lib/gcc/arm-none-eabi/10.3.1/thumb/v7e-m+fp/hard/crtn.o
 *(.fini)
 .fini          0x000000000800c840        0x4 d:/stm32cubeide_1.10.1/stm32cubeide/plugins/com.st.stm32cube.ide.mcu.externaltools.gnu-tools-for-stm32.10.3-2021.10.win32_1.0.100.202210260954/tools/bin/../lib/gcc/arm-none-eabi/10.3.1/thumb/v7e-m+fp/hard/crti.o
                0x000000000800c840                _fini
 .fini          0x000000000800c844        0x8 d:/stm32cubeide_1.10.1/stm32cubeide/plugins/com.st.stm32cube.ide.mcu.externaltools.gnu-tools-for-stm32.10.3-2021.10.win32_1.0.100.202210260954/tools/bin/../lib/gcc/arm-none-eabi/10.3.1/thumb/v7e-m+fp/hard/crtn.o
                0x000000000800c84c                . = ALIGN (0x4)
                0x000000000800c84c                _etext = .

.vfp11_veneer   0x000000000800c84c        0x0
 .vfp11_veneer  0x000000000800c84c        0x0 linker stubs

.v4_bx          0x000000000800c84c        0x0
 .v4_bx         0x000000000800c84c        0x0 linker stubs

.iplt           0x000000000800c84c        0x0
 .iplt          0x000000000800c84c        0x0 d:/stm32cubeide_1.10.1/stm32cubeide/plugins/com.st.stm32cube.ide.mcu.externaltools.gnu-tools-for-stm32.10.3-2021.10.win32_1.0.100.202210260954/tools/bin/../lib/gcc/arm-none-eabi/10.3.1/thumb/v7e-m+fp/hard/crtbegin.o

.rodata         0x000000000800c860    0x1be04
                0x000000000800c860                . = ALIGN (0x4)
 *(.rodata)
 .rodata        0x000000000800c860       0x5d ./Core/Src/main.o
 *fill*         0x000000000800c8bd        0x3 
 .rodata        0x000000000800c8c0       0x30 ./X-CUBE-AI/App/network_data.o
 *(.rodata*)
 .rodata.AHBPrescTable
                0x000000000800c8f0       0x10 ./Core/Src/system_stm32f4xx.o
                0x000000000800c8f0                AHBPrescTable
 .rodata.APBPrescTable
                0x000000000800c900        0x8 ./Core/Src/system_stm32f4xx.o
                0x000000000800c900                APBPrescTable
 .rodata.flagBitshiftOffset.0
                0x000000000800c908        0x8 ./Drivers/STM32F4xx_HAL_Driver/Src/stm32f4xx_hal_dma.o
 .rodata.dense_1_chain
                0x000000000800c910        0x8 ./X-CUBE-AI/App/network.o
 .rodata.dense_1_dense_chain
                0x000000000800c918        0x8 ./X-CUBE-AI/App/network.o
 .rodata.dense_chain
                0x000000000800c920        0x8 ./X-CUBE-AI/App/network.o
 .rodata.dense_dense_chain
                0x000000000800c928        0x8 ./X-CUBE-AI/App/network.o
 *fill*         0x000000000800c930       0x10 
 .rodata.s_network_weights_array_u64
                0x000000000800c940      0x148 ./X-CUBE-AI/App/network_data_params.o
                0x000000000800c940                s_network_weights_array_u64
 .rodata.armBitRevIndexTable1024
                0x000000000800ca88      0xe10 ../Middlewares/ST/ARM/DSP/Lib\libarm_cortexM4lf_math.a(arm_common_tables.o)
                0x000000000800ca88                armBitRevIndexTable1024
 .rodata.armBitRevIndexTable128
                0x000000000800d898      0x1a0 ../Middlewares/ST/ARM/DSP/Lib\libarm_cortexM4lf_math.a(arm_common_tables.o)
                0x000000000800d898                armBitRevIndexTable128
 .rodata.armBitRevIndexTable16
                0x000000000800da38       0x28 ../Middlewares/ST/ARM/DSP/Lib\libarm_cortexM4lf_math.a(arm_common_tables.o)
                0x000000000800da38                armBitRevIndexTable16
 .rodata.armBitRevIndexTable2048
                0x000000000800da60     0x1dc0 ../Middlewares/ST/ARM/DSP/Lib\libarm_cortexM4lf_math.a(arm_common_tables.o)
                0x000000000800da60                armBitRevIndexTable2048
 .rodata.armBitRevIndexTable256
                0x000000000800f820      0x370 ../Middlewares/ST/ARM/DSP/Lib\libarm_cortexM4lf_math.a(arm_common_tables.o)
                0x000000000800f820                armBitRevIndexTable256
 .rodata.armBitRevIndexTable32
                0x000000000800fb90       0x60 ../Middlewares/ST/ARM/DSP/Lib\libarm_cortexM4lf_math.a(arm_common_tables.o)
                0x000000000800fb90                armBitRevIndexTable32
 .rodata.armBitRevIndexTable512
                0x000000000800fbf0      0x380 ../Middlewares/ST/ARM/DSP/Lib\libarm_cortexM4lf_math.a(arm_common_tables.o)
                0x000000000800fbf0                armBitRevIndexTable512
 .rodata.armBitRevTable
                0x000000000800ff70      0x800 ../Middlewares/ST/ARM/DSP/Lib\libarm_cortexM4lf_math.a(arm_common_tables.o)
                0x000000000800ff70                armBitRevTable
 .rodata.twiddleCoef_1024
                0x0000000008010770     0x2000 ../Middlewares/ST/ARM/DSP/Lib\libarm_cortexM4lf_math.a(arm_common_tables.o)
                0x0000000008010770                twiddleCoef_1024
 .rodata.twiddleCoef_128
                0x0000000008012770      0x400 ../Middlewares/ST/ARM/DSP/Lib\libarm_cortexM4lf_math.a(arm_common_tables.o)
                0x0000000008012770                twiddleCoef_128
 .rodata.twiddleCoef_16
                0x0000000008012b70       0x80 ../Middlewares/ST/ARM/DSP/Lib\libarm_cortexM4lf_math.a(arm_common_tables.o)
                0x0000000008012b70                twiddleCoef_16
 .rodata.twiddleCoef_2048
                0x0000000008012bf0     0x4000 ../Middlewares/ST/ARM/DSP/Lib\libarm_cortexM4lf_math.a(arm_common_tables.o)
                0x0000000008012bf0                twiddleCoef_2048
 .rodata.twiddleCoef_256
                0x0000000008016bf0      0x800 ../Middlewares/ST/ARM/DSP/Lib\libarm_cortexM4lf_math.a(arm_common_tables.o)
                0x0000000008016bf0                twiddleCoef_256
 .rodata.twiddleCoef_32
                0x00000000080173f0      0x100 ../Middlewares/ST/ARM/DSP/Lib\libarm_cortexM4lf_math.a(arm_common_tables.o)
                0x00000000080173f0                twiddleCoef_32
 .rodata.twiddleCoef_4096
                0x00000000080174f0     0x8000 ../Middlewares/ST/ARM/DSP/Lib\libarm_cortexM4lf_math.a(arm_common_tables.o)
                0x00000000080174f0                twiddleCoef_4096
 .rodata.twiddleCoef_512
                0x000000000801f4f0     0x1000 ../Middlewares/ST/ARM/DSP/Lib\libarm_cortexM4lf_math.a(arm_common_tables.o)
                0x000000000801f4f0                twiddleCoef_512
 .rodata.twiddleCoef_rfft_1024
                0x00000000080204f0     0x1000 ../Middlewares/ST/ARM/DSP/Lib\libarm_cortexM4lf_math.a(arm_common_tables.o)
                0x00000000080204f0                twiddleCoef_rfft_1024
 .rodata.twiddleCoef_rfft_2048
                0x00000000080214f0     0x2000 ../Middlewares/ST/ARM/DSP/Lib\libarm_cortexM4lf_math.a(arm_common_tables.o)
                0x00000000080214f0                twiddleCoef_rfft_2048
 .rodata.twiddleCoef_rfft_256
                0x00000000080234f0      0x400 ../Middlewares/ST/ARM/DSP/Lib\libarm_cortexM4lf_math.a(arm_common_tables.o)
                0x00000000080234f0                twiddleCoef_rfft_256
 .rodata.twiddleCoef_rfft_32
                0x00000000080238f0       0x80 ../Middlewares/ST/ARM/DSP/Lib\libarm_cortexM4lf_math.a(arm_common_tables.o)
                0x00000000080238f0                twiddleCoef_rfft_32
 .rodata.twiddleCoef_rfft_4096
                0x0000000008023970     0x4000 ../Middlewares/ST/ARM/DSP/Lib\libarm_cortexM4lf_math.a(arm_common_tables.o)
                0x0000000008023970                twiddleCoef_rfft_4096
 .rodata.twiddleCoef_rfft_512
                0x0000000008027970      0x800 ../Middlewares/ST/ARM/DSP/Lib\libarm_cortexM4lf_math.a(arm_common_tables.o)
                0x0000000008027970                twiddleCoef_rfft_512
 .rodata.twiddleCoef_rfft_64
                0x0000000008028170      0x100 ../Middlewares/ST/ARM/DSP/Lib\libarm_cortexM4lf_math.a(arm_common_tables.o)
                0x0000000008028170                twiddleCoef_rfft_64
 .rodata._global_impure_ptr
                0x0000000008028270        0x4 d:/stm32cubeide_1.10.1/stm32cubeide/plugins/com.st.stm32cube.ide.mcu.externaltools.gnu-tools-for-stm32.10.3-2021.10.win32_1.0.100.202210260954/tools/bin/../lib/gcc/arm-none-eabi/10.3.1/../../../../arm-none-eabi/lib/thumb/v7e-m+fp/hard\libc_nano.a(lib_a-impure.o)
                0x0000000008028270                _global_impure_ptr
 .rodata._printf_float.str1.1
                0x0000000008028274       0x12 d:/stm32cubeide_1.10.1/stm32cubeide/plugins/com.st.stm32cube.ide.mcu.externaltools.gnu-tools-for-stm32.10.3-2021.10.win32_1.0.100.202210260954/tools/bin/../lib/gcc/arm-none-eabi/10.3.1/../../../../arm-none-eabi/lib/thumb/v7e-m+fp/hard\libc_nano.a(lib_a-nano-vfprintf_float.o)
 .rodata._printf_i.str1.1
                0x0000000008028286       0x22 d:/stm32cubeide_1.10.1/stm32cubeide/plugins/com.st.stm32cube.ide.mcu.externaltools.gnu-tools-for-stm32.10.3-2021.10.win32_1.0.100.202210260954/tools/bin/../lib/gcc/arm-none-eabi/10.3.1/../../../../arm-none-eabi/lib/thumb/v7e-m+fp/hard\libc_nano.a(lib_a-nano-vfprintf_i.o)
 .rodata._dtoa_r.str1.1