Archive member included to satisfy reference by file (symbol)

../Middlewares/ST/ARM/DSP/Lib\libarm_cortexM4lf_math.a(arm_max_f32.o)
                              ./Core/Src/main.o (arm_max_f32)
../Middlewares/ST/ARM/DSP/Lib\libarm_cortexM4lf_math.a(arm_cfft_radix4_init_f32.o)
                              ./Core/Src/main.o (arm_cfft_radix4_init_f32)
../Middlewares/ST/ARM/DSP/Lib\libarm_cortexM4lf_math.a(arm_cfft_radix4_f32.o)
                              ./Core/Src/main.o (arm_cfft_radix4_f32)
../Middlewares/ST/ARM/DSP/Lib\libarm_cortexM4lf_math.a(arm_bitreversal.o)
                              ../Middlewares/ST/ARM/DSP/Lib\libarm_cortexM4lf_math.a(arm_cfft_radix4_f32.o) (arm_bitreversal_f32)
../Middlewares/ST/ARM/DSP/Lib\libarm_cortexM4lf_math.a(arm_cmplx_mag_f32.o)
                              ./Core/Src/main.o (arm_cmplx_mag_f32)
../Middlewares/ST/ARM/DSP/Lib\libarm_cortexM4lf_math.a(arm_common_tables.o)
                              ../Middlewares/ST/ARM/DSP/Lib\libarm_cortexM4lf_math.a(arm_cfft_radix4_init_f32.o) (twiddleCoef_4096)
../Middlewares/ST/AI/Lib\NetworkRuntime600_CM4_GCC.a(ai_platform_interface.o)
                              ./X-CUBE-AI/App/network.o (ai_platform_runtime_get_revision)
../Middlewares/ST/AI/Lib\NetworkRuntime600_CM4_GCC.a(core_mem_manager.o)
                              ../Middlewares/ST/AI/Lib\NetworkRuntime600_CM4_GCC.a(ai_platform_interface.o) (core_mem_alloc)
../Middlewares/ST/AI/Lib\NetworkRuntime600_CM4_GCC.a(core_common.o)
                              ../Middlewares/ST/AI/Lib\NetworkRuntime600_CM4_GCC.a(ai_platform_interface.o) (core_init)
../Middlewares/ST/AI/Lib\NetworkRuntime600_CM4_GCC.a(layers_conv2d_generic_float.o)
                              ./X-CUBE-AI/App/network.o (forward_dense)
../Middlewares/ST/AI/Lib\NetworkRuntime600_CM4_GCC.a(layers_nl_generic_float.o)
                              ./X-CUBE-AI/App/network.o (forward_relu)
../Middlewares/ST/AI/Lib\NetworkRuntime600_CM4_GCC.a(layers.o)
                              ../Middlewares/ST/AI/Lib\NetworkRuntime600_CM4_GCC.a(ai_platform_interface.o) (ai_check_custom_types)
../Middlewares/ST/AI/Lib\NetworkRuntime600_CM4_GCC.a(arm_mat_init_f32.o)
                              ../Middlewares/ST/AI/Lib\NetworkRuntime600_CM4_GCC.a(layers_conv2d_generic_float.o) (arm_mat_init_f32)
../Middlewares/ST/AI/Lib\NetworkRuntime600_CM4_GCC.a(ai_datatypes_format.o)
                              ../Middlewares/ST/AI/Lib\NetworkRuntime600_CM4_GCC.a(ai_platform_interface.o) (ai_array_to_buffer_fmt)
../Middlewares/ST/AI/Lib\NetworkRuntime600_CM4_GCC.a(ai_math_helpers.o)
                              ../Middlewares/ST/AI/Lib\NetworkRuntime600_CM4_GCC.a(layers_nl_generic_float.o) (ai_math_sqrt)
d:/stm32cubeide_1.10.1/stm32cubeide/plugins/com.st.stm32cube.ide.mcu.externaltools.gnu-tools-for-stm32.10.3-2021.10.win32_1.0.100.202210260954/tools/bin/../lib/gcc/arm-none-eabi/10.3.1/../../../../arm-none-eabi/lib/thumb/v7e-m+fp/hard\libc_nano.a(lib_a-errno.o)
                              ./Core/Src/syscalls.o (__errno)
d:/stm32cubeide_1.10.1/stm32cubeide/plugins/com.st.stm32cube.ide.mcu.externaltools.gnu-tools-for-stm32.10.3-2021.10.win32_1.0.100.202210260954/tools/bin/../lib/gcc/arm-none-eabi/10.3.1/../../../../arm-none-eabi/lib/thumb/v7e-m+fp/hard\libc_nano.a(lib_a-exit.o)
                              d:/stm32cubeide_1.10.1/stm32cubeide/plugins/com.st.stm32cube.ide.mcu.externaltools.gnu-tools-for-stm32.10.3-2021.10.win32_1.0.100.202210260954/tools/bin/../lib/gcc/arm-none-eabi/10.3.1/../../../../arm-none-eabi/lib/thumb/v7e-m+fp/hard/crt0.o (exit)
d:/stm32cubeide_1.10.1/stm32cubeide/plugins/com.st.stm32cube.ide.mcu.externaltools.gnu-tools-for-stm32.10.3-2021.10.win32_1.0.100.202210260954/tools/bin/../lib/gcc/arm-none-eabi/10.3.1/../../../../arm-none-eabi/lib/thumb/v7e-m+fp/hard\libc_nano.a(lib_a-impure.o)
                              d:/stm32cubeide_1.10.1/stm32cubeide/plugins/com.st.stm32cube.ide.mcu.externaltools.gnu-tools-for-stm32.10.3-2021.10.win32_1.0.100.202210260954/tools/bin/../lib/gcc/arm-none-eabi/10.3.1/../../../../arm-none-eabi/lib/thumb/v7e-m+fp/hard\libc_nano.a(lib_a-exit.o) (_global_impure_ptr)
d:/stm32cubeide_1.10.1/stm32cubeide/plugins/com.st.stm32cube.ide.mcu.externaltools.gnu-tools-for-stm32.10.3-2021.10.win32_1.0.100.202210260954/tools/bin/../lib/gcc/arm-none-eabi/10.3.1/../../../../arm-none-eabi/lib/thumb/v7e-m+fp/hard\libc_nano.a(lib_a-init.o)
                              d:/stm32cubeide_1.10.1/stm32cubeide/plugins/com.st.stm32cube.ide.mcu.externaltools.gnu-tools-for-stm32.10.3-2021.10.win32_1.0.100.202210260954/tools/bin/../lib/gcc/arm-none-eabi/10.3.1/../../../../arm-none-eabi/lib/thumb/v7e-m+fp/hard/crt0.o (__libc_init_array)
d:/stm32cubeide_1.10.1/stm32cubeide/plugins/com.st.stm32cube.ide.mcu.externaltools.gnu-tools-for-stm32.10.3-2021.10.win32_1.0.100.202210260954/tools/bin/../lib/gcc/arm-none-eabi/10.3.1/../../../../arm-none-eabi/lib/thumb/v7e-m+fp/hard\libc_nano.a(lib_a-malloc.o)
[...]
Memory Configuration

Name             Origin             Length             Attributes
CCMRAM           0x0000000010000000 0x0000000000010000 xrw
RAM              0x0000000020000000 0x0000000000050000 xrw
FLASH            0x0000000008000000 0x0000000000200000 xr
*default*        0x0000000000000000 0xffffffffffffffff

Linker script and memory map

LOAD d:/stm32cubeide_1.10.1/stm32cubeide/plugins/com.st.stm32cube.ide.mcu.externaltools.gnu-tools-for-stm32.10.3-2021.10.win32_1.0.100.202210260954/tools/bin/../lib/gcc/arm-none-eabi/10.3.1/thumb/v7e-m+fp/hard/crti.o
LOAD d:/stm32cubeide_1.10.1/stm32cubeide/plugins/com.st.stm32cube.ide.mcu.externaltools.gnu-tools-for-stm32.10.3-2021.10.win32_1.0.100.202210260954/tools/bin/../lib/gcc/arm-none-eabi/10.3.1/thumb/v7e-m+fp/hard/crtbegin.o
LOAD d:/stm32cubeide_1.10.1/stm32cubeide/plugins/com.st.stm32cube.ide.mcu.externaltools.gnu-tools-for-stm32.10.3-2021.10.win32_1.0.100.202210260954/tools/bin/../lib/gcc/arm-none-eabi/10.3.1/../../../../arm-none-eabi/lib/thumb/v7e-m+fp/hard/crt0.o
LOAD ./Core/Src/crc.o
LOAD ./Core/Src/dma.o
LOAD ./Core/Src/gpio.o
LOAD ./Core/Src/main.o
LOAD ./Core/Src/spi.o
LOAD ./Core/Src/stm32f4xx_hal_msp.o
LOAD ./Core/Src/stm32f4xx_it.o
LOAD ./Core/Src/syscalls.o
LOAD ./Core/Src/sysmem.o
LOAD ./Core/Src/system_stm32f4xx.o
LOAD ./Core/Src/tim.o
LOAD ./Core/Src/usart.o
LOAD ./Core/Startup/startup_stm32f469aihx.o
LOAD ./Drivers/STM32F4xx_HAL_Driver/Src/stm32f4xx_hal.o
LOAD ./Drivers/STM32F4xx_HAL_Driver/Src/stm32f4xx_hal_cortex.o
LOAD ./Drivers/STM32F4xx_HAL_Driver/Src/stm32f4xx_hal_crc.o
LOAD ./Drivers/STM32F4xx_HAL_Driver/Src/stm32f4xx_hal_dma.o
LOAD ./Drivers/STM32F4xx_HAL_Driver/Src/stm32f4xx_hal_dma_ex.o
LOAD ./Drivers/STM32F4xx_HAL_Driver/Src/stm32f4xx_hal_exti.o
LOAD ./Drivers/STM32F4xx_HAL_Driver/Src/stm32f4xx_hal_flash.o
LOAD ./Drivers/STM32F4xx_HAL_Driver/Src/stm32f4xx_hal_flash_ex.o
LOAD ./Drivers/STM32F4xx_HAL_Driver/Src/stm32f4xx_hal_flash_ramfunc.o
LOAD ./Drivers/STM32F4xx_HAL_Driver/Src/stm32f4xx_hal_gpio.o
LOAD ./Drivers/STM32F4xx_HAL_Driver/Src/stm32f4xx_hal_pwr.o
LOAD ./Drivers/STM32F4xx_HAL_Driver/Src/stm32f4xx_hal_pwr_ex.o
LOAD ./Drivers/STM32F4xx_HAL_Driver/Src/stm32f4xx_hal_rcc.o
LOAD ./Drivers/STM32F4xx_HAL_Driver/Src/stm32f4xx_hal_rcc_ex.o
LOAD ./Drivers/STM32F4xx_HAL_Driver/Src/stm32f4xx_hal_spi.o
LOAD ./Drivers/STM32F4xx_HAL_Driver/Src/stm32f4xx_hal_tim.o
LOAD ./Drivers/STM32F4xx_HAL_Driver/Src/stm32f4xx_hal_tim_ex.o
LOAD ./Drivers/STM32F4xx_HAL_Driver/Src/stm32f4xx_hal_uart.o
LOAD ./X-CUBE-AI/App/network.o
LOAD ./X-CUBE-AI/App/network_data.o
START GROUP
LOAD ../Middlewares/ST/STM32_MotionAC_Library/Lib\MotionAC_CM4F_wc32_ot_hard.a
LOAD ../Middlewares/ST/STM32_MotionAW_Library/Lib\MotionAW_CM4F_wc32_ot_hard.a
LOAD ../Middlewares/ST/STM32_MotionEC_Library/Lib\MotionEC_CM4F_wc32_ot_hard.a
LOAD ../Middlewares/ST/STM32_MotionFX_Library/Lib\MotionFX_CM4F_wc32_ot_hard.a
LOAD ../Middlewares/ST/STM32_MotionGC_Library/Lib\MotionGC_CM4F_wc32_ot_hard.a
LOAD ../Middlewares/ST/STM32_MotionID_Library/Lib\MotionID_CM4F_wc32_ot_hard.a
LOAD ../Middlewares/ST/STM32_MotionMC_Library/Lib\MotionMC_CM4F_wc32_ot_hard.a
LOAD ../Middlewares/ST/STM32_MotionPM_Library/Lib\MotionPM_CM4F_wc32_ot_hard.a
LOAD ../Middlewares/ST/STM32_MotionPW_Library/Lib\MotionPW_CM4F_wc32_ot_hard.a
LOAD ../Middlewares/ST/STM32_MotionTL_Library/Lib\MotionTL_CM4F_wc32_ot_hard.a
LOAD ../Middlewares/ST/ARM/DSP/Lib\libarm_cortexM4lf_math.a
LOAD ../Middlewares/ST/AI/Lib\NetworkRuntime600_CM4_GCC.a
END GROUP
START GROUP
LOAD d:/stm32cubeide_1.10.1/stm32cubeide/plugins/com.st.stm32cube.ide.mcu.externaltools.gnu-tools-for-stm32.10.3-2021.10.win32_1.0.100.202210260954/tools/bin/../lib/gcc/arm-none-eabi/10.3.1/../../../../arm-none-eabi/lib/thumb/v7e-m+fp/hard\libc_nano.a
LOAD d:/stm32cubeide_1.10.1/stm32cubeide/plugins/com.st.stm32cube.ide.mcu.externaltools.gnu-tools-for-stm32.10.3-2021.10.win32_1.0.100.202210260954/tools/bin/../lib/gcc/arm-none-eabi/10.3.1/../../../../arm-none-eabi/lib/thumb/v7e-m+fp/hard\libm.a
END GROUP
START GROUP
LOAD d:/stm32cubeide_1.10.1/stm32cubeide/plugins/com.st.stm32cube.ide.mcu.externaltools.gnu-tools-for-stm32.10.3-2021.10.win32_1.0.100.202210260954/tools/bin/../lib/gcc/arm-none-eabi/10.3.1/thumb/v7e-m+fp/hard\libgcc.a
LOAD d:/stm32cubeide_1.10.1/stm32cubeide/plugins/com.st.stm32cube.ide.mcu.externaltools.gnu-tools-for-stm32.10.3-2021.10.win32_1.0.100.202210260954/tools/bin/../lib/gcc/arm-none-eabi/10.3.1/../../../../arm-none-eabi/lib/thumb/v7e-m+fp/hard\libc_nano.a
END GROUP
START GROUP
LOAD d:/stm32cubeide_1.10.1/stm32cubeide/plugins/com.st.stm32cube.ide.mcu.externaltools.gnu-tools-for-stm32.10.3-2021.10.win32_1.0.100.202210260954/tools/bin/../lib/gcc/arm-none-eabi/10.3.1/thumb/v7e-m+fp/hard\libgcc.a
LOAD d:/stm32cubeide_1.10.1/stm32cubeide/plugins/com.st.stm32cube.ide.mcu.externaltools.gnu-tools-for-stm32.10.3-2021.10.win32_1.0.100.202210260954/tools/bin/../lib/gcc/arm-none-eabi/10.3.1/../../../../arm-none-eabi/lib/thumb/v7e-m+fp/hard\libc_nano.a
LOAD d:/stm32cubeide_1.10.1/stm32cubeide/plugins/com.st.stm32cube.ide.mcu.externaltools.gnu-tools-for-stm32.10.3-2021.10.win32_1.0.100.202210260954/tools/bin/../lib/gcc/arm-none-eabi/10.3.1/../../../../arm-none-eabi/lib/thumb/v7e-m+fp/hard\libnosys.a
END GROUP
START GROUP
LOAD d:/stm32cubeide_1.10.1/stm32cubeide/plugins/com.st.stm32cube.ide.mcu.externaltools.gnu-tools-for-stm32.10.3-2021.10.win32_1.0.100.202210260954/tools/bin/../lib/gcc/arm-none-eabi/10.3.1/thumb/v7e-m+fp/hard\libgcc.a
LOAD d:/stm32cubeide_1.10.1/stm32cubeide/plugins/com.st.stm32cube.ide.mcu.externaltools.gnu-tools-for-stm32.10.3-2021.10.win32_1.0.100.202210260954/tools/bin/../lib/gcc/arm-none-eabi/10.3.1/../../../../arm-none-eabi/lib/thumb/v7e-m+fp/hard\libc_nano.a
LOAD d:/stm32cubeide_1.10.1/stm32cubeide/plugins/com.st.stm32cube.ide.mcu.externaltools.gnu-tools-for-stm32.10.3-2021.10.win32_1.0.100.202210260954/tools/bin/../lib/gcc/arm-none-eabi/10.3.1/../../../../arm-none-eabi/lib/thumb/v7e-m+fp/hard\libnosys.a
END GROUP
LOAD d:/stm32cubeide_1.10.1/stm32cubeide/plugins/com.st.stm32cube.ide.mcu.externaltools.gnu-tools-for-stm32.10.3-2021.10.win32_1.0.100.202210260954/tools/bin/../lib/gcc/arm-none-eabi/10.3.1/thumb/v7e-m+fp/hard/crtend.o
LOAD d:/stm32cubeide_1.10.1/stm32cubeide/plugins/com.st.stm32cube.ide.mcu.externaltools.gnu-tools-for-stm32.10.3-2021.10.win32_1.0.100.202210260954/tools/bin/../lib/gcc/arm-none-eabi/10.3.1/thumb/v7e-m+fp/hard/crtn.o
                0x0000000020050000                _estack = (ORIGIN (RAM) + LENGTH (RAM))
                0x0000000000000200                _Min_Heap_Size = 0x200
                0x0000000000001000                _Min_Stack_Size = 0x1000

.isr_vector     0x0000000008000000      0x1b4
                0x0000000008000000                . = ALIGN (0x4)
 *(.isr_vector)
 .isr_vector    0x0000000008000000      0x1b4 ./Core/Startup/startup_stm32f469aihx.o
                0x0000000008000000                g_pfnVectors
                0x00000000080001b4                . = ALIGN (0x4)

.text           0x00000000080001c0     0xb7c4
                0x00000000080001c0                . = ALIGN (0x4)
 *(.text)
 .text          0x00000000080001c0       0x40 d:/stm32cubeide_1.10.1/stm32cubeide/plugins/com.st.stm32cube.ide.mcu.externaltools.gnu-tools-for-stm32.10.3-2021.10.win32_1.0.100.202210260954/tools/bin/../lib/gcc/arm-none-eabi/10.3.1/thumb/v7e-m+fp/hard/crtbegin.o
 .text          0x0000000008000200       0x10 d:/stm32cubeide_1.10.1/stm32cubeide/plugins/com.st.stm32cube.ide.mcu.externaltools.gnu-tools-for-stm32.10.3-2021.10.win32_1.0.100.202210260954/tools/bin/../lib/gcc/arm-none-eabi/10.3.1/../../../../arm-none-eabi/lib/thumb/v7e-m+fp/hard\libc_nano.a(lib_a-strlen.o)
                0x0000000008000200                strlen
 .text          0x0000000008000210       0xa0 d:/stm32cubeide_1.10.1/stm32cubeide/plugins/com.st.stm32cube.ide.mcu.externaltools.gnu-tools-for-stm32.10.3-2021.10.win32_1.0.100.202210260954/tools/bin/../lib/gcc/arm-none-eabi/10.3.1/../../../../arm-none-eabi/lib/thumb/v7e-m+fp/hard\libc_nano.a(lib_a-memchr.o)
                0x0000000008000210                memchr
 .text          0x00000000080002b0      0x378 d:/stm32cubeide_1.10.1/stm32cubeide/plugins/com.st.stm32cube.ide.mcu.externaltools.gnu-tools-for-stm32.10.3-2021.10.win32_1.0.100.202210260954/tools/bin/../lib/gcc/arm-none-eabi/10.3.1/thumb/v7e-m+fp/hard\libgcc.a(_arm_addsubdf3.o)
                0x00000000080002b0                __aeabi_drsub
                0x00000000080002b8                __aeabi_dsub
                0x00000000080002b8                __subdf3
                0x00000000080002bc                __aeabi_dadd
                0x00000000080002bc                __adddf3
                0x0000000008000534                __floatunsidf
                0x0000000008000534                __aeabi_ui2d
                0x0000000008000554                __floatsidf
                0x0000000008000554                __aeabi_i2d
                0x0000000008000578                __aeabi_f2d
                0x0000000008000578                __extendsfdf2
                0x00000000080005bc                __floatundidf
                0x00000000080005bc                __aeabi_ul2d
                0x00000000080005cc                __floatdidf
                0x00000000080005cc                __aeabi_l2d
 .text          0x0000000008000628      0x424 d:/stm32cubeide_1.10.1/stm32cubeide/plugins/com.st.stm32cube.ide.mcu.externaltools.gnu-tools-for-stm32.10.3-2021.10.win32_1.0.100.202210260954/tools/bin/../lib/gcc/arm-none-eabi/10.3.1/thumb/v7e-m+fp/hard\libgcc.a(_arm_muldivdf3.o)
                0x0000000008000628                __aeabi_dmul
                0x0000000008000628                __muldf3
                0x000000000800087c                __divdf3
                0x000000000800087c                __aeabi_ddiv
 .text          0x0000000008000a4c      0x110 d:/stm32cubeide_1.10.1/stm32cubeide/plugins/com.st.stm32cube.ide.mcu.externaltools.gnu-tools-for-stm32.10.3-2021.10.win32_1.0.100.202210260954/tools/bin/../lib/gcc/arm-none-eabi/10.3.1/thumb/v7e-m+fp/hard\libgcc.a(_arm_cmpdf2.o)
                0x0000000008000a4c                __gtdf2
                0x0000000008000a4c                __gedf2
                0x0000000008000a54                __ltdf2
                0x0000000008000a54                __ledf2
                0x0000000008000a5c                __nedf2
                0x0000000008000a5c                __eqdf2
                0x0000000008000a5c                __cmpdf2
                0x0000000008000ad8                __aeabi_cdrcmple
                0x0000000008000ae8                __aeabi_cdcmpeq
                0x0000000008000ae8                __aeabi_cdcmple
                0x0000000008000af8                __aeabi_dcmpeq
                0x0000000008000b0c                __aeabi_dcmplt
                0x0000000008000b20                __aeabi_dcmple
                0x0000000008000b34                __aeabi_dcmpge
                0x0000000008000b48                __aeabi_dcmpgt
 .text          0x0000000008000b5c       0x2c d:/stm32cubeide_1.10.1/stm32cubeide/plugins/com.st.stm32cube.ide.mcu.externaltools.gnu-tools-for-stm32.10.3-2021.10.win32_1.0.100.202210260954/tools/bin/../lib/gcc/arm-none-eabi/10.3.1/thumb/v7e-m+fp/hard\libgcc.a(_arm_unorddf2.o)
                0x0000000008000b5c                __unorddf2
                0x0000000008000b5c                __aeabi_dcmpun
 .text          0x0000000008000b88       0x50 d:/stm32cubeide_1.10.1/stm32cubeide/plugins/com.st.stm32cube.ide.mcu.externaltools.gnu-tools-for-stm32.10.3-2021.10.win32_1.0.100.202210260954/tools/bin/../lib/gcc/arm-none-eabi/10.3.1/thumb/v7e-m+fp/hard\libgcc.a(_arm_fixdfsi.o)
                0x0000000008000b88                __aeabi_d2iz
                0x0000000008000b88                __fixdfsi
 .text          0x0000000008000bd8       0x30 d:/stm32cubeide_1.10.1/stm32cubeide/plugins/com.st.stm32cube.ide.mcu.externaltools.gnu-tools-for-stm32.10.3-2021.10.win32_1.0.100.202210260954/tools/bin/../lib/gcc/arm-none-eabi/10.3.1/thumb/v7e-m+fp/hard\libgcc.a(_aeabi_uldivmod.o)
                0x0000000008000bd8                __aeabi_uldivmod
 .text          0x0000000008000c08      0x2d0 d:/stm32cubeide_1.10.1/stm32cubeide/plugins/com.st.stm32cube.ide.mcu.externaltools.gnu-tools-for-stm32.10.3-2021.10.win32_1.0.100.202210260954/tools/bin/../lib/gcc/arm-none-eabi/10.3.1/thumb/v7e-m+fp/hard\libgcc.a(_udivmoddi4.o)
                0x0000000008000c08                __udivmoddi4
 .text          0x0000000008000ed8        0x4 d:/stm32cubeide_1.10.1/stm32cubeide/plugins/com.st.stm32cube.ide.mcu.externaltools.gnu-tools-for-stm32.10.3-2021.10.win32_1.0.100.202210260954/tools/bin/../lib/gcc/arm-none-eabi/10.3.1/thumb/v7e-m+fp/hard\libgcc.a(_dvmd_tls.o)
                0x0000000008000ed8                __aeabi_idiv0
                0x0000000008000ed8                __aeabi_ldiv0
 *(.text*)
 .text.MX_CRC_Init
                0x0000000008000edc       0x28 ./Core/Src/crc.o
                0x0000000008000edc                MX_CRC_Init
 .text.HAL_CRC_MspInit
                0x0000000008000f04       0x44 ./Core/Src/crc.o
                0x0000000008000f04                HAL_CRC_MspInit
 .text.MX_DMA_Init
                0x0000000008000f48       0x40 ./Core/Src/dma.o
                0x0000000008000f48                MX_DMA_Init
 .text.MX_GPIO_Init
                0x0000000008000f88      0x15c ./Core/Src/gpio.o
                0x0000000008000f88                MX_GPIO_Init
 .text.uprintf  0x00000000080010e4       0x28 ./Core/Src/main.o
                0x00000000080010e4                uprintf
 .text.main     0x000000000800110c     0x1110 ./Core/Src/main.o
                0x000000000800110c                main
 .text.SystemClock_Config
                0x000000000800221c       0xe4 ./Core/Src/main.o
                0x000000000800221c                SystemClock_Config
 .text.Error_Handler
                0x0000000008002300        0xa ./Core/Src/main.o
                0x0000000008002300                Error_Handler
 *fill*         0x000000000800230a        0x2 
 .text.MX_SPI1_Init
                0x000000000800230c       0x6c ./Core/Src/spi.o
                0x000000000800230c                MX_SPI1_Init
 .text.HAL_SPI_MspInit
                0x0000000008002378       0x90 ./Core/Src/spi.o
                0x0000000008002378                HAL_SPI_MspInit
 .text.HAL_MspInit
                0x0000000008002408       0x50 ./Core/Src/stm32f4xx_hal_msp.o
                0x0000000008002408                HAL_MspInit
 .text.NMI_Handler
                0x0000000008002458        0x6 ./Core/Src/stm32f4xx_it.o
                0x0000000008002458                NMI_Handler
 .text.HardFault_Handler
                0x000000000800245e        0x6 ./Core/Src/stm32f4xx_it.o
                0x000000000800245e                HardFault_Handler
 .text.MemManage_Handler
                0x0000000008002464        0x6 ./Core/Src/stm32f4xx_it.o
                0x0000000008002464                MemManage_Handler
 .text.BusFault_Handler
                0x000000000800246a        0x6 ./Core/Src/stm32f4xx_it.o
                0x000000000800246a                BusFault_Handler
 .text.UsageFault_Handler
                0x0000000008002470        0x6 ./Core/Src/stm32f4xx_it.o
                0x0000000008002470                UsageFault_Handler
 .text.SVC_Handler
                0x0000000008002476        0xe ./Core/Src/stm32f4xx_it.o
                0x0000000008002476                SVC_Handler
 .text.DebugMon_Handler
                0x0000000008002484        0xe ./Core/Src/stm32f4xx_it.o
                0x0000000008002484                DebugMon_Handler
 .text.PendSV_Handler
                0x0000000008002492        0xe ./Core/Src/stm32f4xx_it.o
                0x0000000008002492                PendSV_Handler
 .text.SysTick_Handler
                0x00000000080024a0        0xc ./Core/Src/stm32f4xx_it.o
                0x00000000080024a0                SysTick_Handler
 .text.EXTI3_IRQHandler
                0x00000000080024ac        0xe ./Core/Src/stm32f4xx_it.o
                0x00000000080024ac                EXTI3_IRQHandler
 .text.EXTI4_IRQHandler
                0x00000000080024ba        0xe ./Core/Src/stm32f4xx_it.o
                0x00000000080024ba                EXTI4_IRQHandler
 .text.DMA1_Stream5_IRQHandler
                0x00000000080024c8       0x14 ./Core/Src/stm32f4xx_it.o
                0x00000000080024c8                DMA1_Stream5_IRQHandler
 .text.TIM2_IRQHandler
                0x00000000080024dc       0x14 ./Core/Src/stm32f4xx_it.o
                0x00000000080024dc                TIM2_IRQHandler
 .text.USART2_IRQHandler
                0x00000000080024f0       0x14 ./Core/Src/stm32f4xx_it.o
                0x00000000080024f0                USART2_IRQHandler
 .text._getpid  0x0000000008002504       0x10 ./Core/Src/syscalls.o
                0x0000000008002504                _getpid
 .text._kill    0x0000000008002514       0x20 ./Core/Src/syscalls.o
                0x0000000008002514                _kill
 .text._exit    0x0000000008002534       0x14 ./Core/Src/syscalls.o
                0x0000000008002534                _exit
 .text._read    0x0000000008002548       0x3a ./Core/Src/syscalls.o
                0x0000000008002548                _read
 .text._write   0x0000000008002582       0x38 ./Core/Src/syscalls.o
                0x0000000008002582                _write
 .text._close   0x00000000080025ba       0x18 ./Core/Src/syscalls.o
                0x00000000080025ba                _close
 .text._fstat   0x00000000080025d2       0x20 ./Core/Src/syscalls.o
                0x00000000080025d2                _fstat
 .text._isatty  0x00000000080025f2       0x16 ./Core/Src/syscalls.o
                0x00000000080025f2                _isatty
 .text._lseek   0x0000000008002608       0x1a ./Core/Src/syscalls.o
                0x0000000008002608                _lseek
 *fill*         0x0000000008002622        0x2 
 .text._sbrk    0x0000000008002624       0x6c ./Core/Src/sysmem.o
                0x0000000008002624                _sbrk
 .text.SystemInit
                0x0000000008002690       0x24 ./Core/Src/system_stm32f4xx.o
                0x0000000008002690                SystemInit
 .text.MX_TIM2_Init
                0x00000000080026b4       0x9c ./Core/Src/tim.o
                0x00000000080026b4                MX_TIM2_Init
 .text.HAL_TIM_Base_MspInit
                0x0000000008002750       0x4c ./Core/Src/tim.o
                0x0000000008002750                HAL_TIM_Base_MspInit
 .text.MX_UART5_Init
                0x000000000800279c       0x54 ./Core/Src/usart.o
                0x000000000800279c                MX_UART5_Init
 .text.MX_USART2_UART_Init
                0x00000000080027f0       0x54 ./Core/Src/usart.o
                0x00000000080027f0                MX_USART2_UART_Init
 .text.HAL_UART_MspInit
                0x0000000008002844      0x1b0 ./Core/Src/usart.o
                0x0000000008002844                HAL_UART_MspInit
 .text.Reset_Handler
                0x00000000080029f4       0x50 ./Core/Startup/startup_stm32f469aihx.o
                0x00000000080029f4                Reset_Handler
 .text.Default_Handler
                0x0000000008002a44        0x2 ./Core/Startup/startup_stm32f469aihx.o
                0x0000000008002a44                RTC_Alarm_IRQHandler
                0x0000000008002a44                HASH_RNG_IRQHandler
                0x0000000008002a44                EXTI2_IRQHandler
                0x0000000008002a44                TIM8_CC_IRQHandler
                0x0000000008002a44                UART8_IRQHandler
                0x0000000008002a44                SPI4_IRQHandler
                0x0000000008002a44                TIM1_CC_IRQHandler
                0x0000000008002a44                DMA2_Stream5_IRQHandler
                0x0000000008002a44                PVD_IRQHandler
                0x0000000008002a44                SDIO_IRQHandler
                0x0000000008002a44                TAMP_STAMP_IRQHandler
                0x0000000008002a44                CAN2_RX1_IRQHandler
                0x0000000008002a44                TIM8_TRG_COM_TIM14_IRQHandler
                0x0000000008002a44                TIM1_UP_TIM10_IRQHandler
                0x0000000008002a44                TIM8_UP_TIM13_IRQHandler
                0x0000000008002a44                I2C3_ER_IRQHandler
                0x0000000008002a44                EXTI0_IRQHandler
                0x0000000008002a44                I2C2_EV_IRQHandler
                0x0000000008002a44                DMA1_Stream2_IRQHandler
                0x0000000008002a44                CAN1_RX0_IRQHandler
                0x0000000008002a44                FPU_IRQHandler
                0x0000000008002a44                OTG_HS_WKUP_IRQHandler
                0x0000000008002a44                LTDC_ER_IRQHandler
                0x0000000008002a44                CAN2_SCE_IRQHandler
                0x0000000008002a44                DMA2_Stream2_IRQHandler
                0x0000000008002a44                SPI1_IRQHandler
                0x0000000008002a44                TIM6_DAC_IRQHandler
                0x0000000008002a44                TIM1_BRK_TIM9_IRQHandler
                0x0000000008002a44                DCMI_IRQHandler
                0x0000000008002a44                CAN2_RX0_IRQHandler
                0x0000000008002a44                DMA2_Stream3_IRQHandler
                0x0000000008002a44                USART6_IRQHandler
                0x0000000008002a44                USART3_IRQHandler
                0x0000000008002a44                CAN1_RX1_IRQHandler
                0x0000000008002a44                UART5_IRQHandler
                0x0000000008002a44                DMA2_Stream0_IRQHandler
                0x0000000008002a44                TIM4_IRQHandler
                0x0000000008002a44                QUADSPI_IRQHandler
                0x0000000008002a44                I2C1_EV_IRQHandler
                0x0000000008002a44                DMA1_Stream6_IRQHandler
                0x0000000008002a44                DMA1_Stream1_IRQHandler
                0x0000000008002a44                UART4_IRQHandler
                0x0000000008002a44                TIM3_IRQHandler
                0x0000000008002a44                RCC_IRQHandler
                0x0000000008002a44                TIM8_BRK_TIM12_IRQHandler
                0x0000000008002a44                Default_Handler
                0x0000000008002a44                EXTI15_10_IRQHandler
                0x0000000008002a44                ADC_IRQHandler
                0x0000000008002a44                DMA1_Stream7_IRQHandler
                0x0000000008002a44                SPI5_IRQHandler
                0x0000000008002a44                TIM7_IRQHandler
                0x0000000008002a44                CAN2_TX_IRQHandler
                0x0000000008002a44                TIM5_IRQHandler
                0x0000000008002a44                DMA2_Stream7_IRQHandler
                0x0000000008002a44                I2C3_EV_IRQHandler
                0x0000000008002a44                EXTI9_5_IRQHandler
                0x0000000008002a44                RTC_WKUP_IRQHandler
                0x0000000008002a44                LTDC_IRQHandler
                0x0000000008002a44                ETH_WKUP_IRQHandler
                0x0000000008002a44                SPI2_IRQHandler
                0x0000000008002a44                OTG_HS_EP1_IN_IRQHandler
                0x0000000008002a44                DMA1_Stream0_IRQHandler
                0x0000000008002a44                CAN1_TX_IRQHandler
                0x0000000008002a44                DSI_IRQHandler
                0x0000000008002a44                ETH_IRQHandler
                0x0000000008002a44                OTG_HS_EP1_OUT_IRQHandler
                0x0000000008002a44                WWDG_IRQHandler
                0x0000000008002a44                SPI6_IRQHandler
                0x0000000008002a44                OTG_FS_WKUP_IRQHandler
                0x0000000008002a44                TIM1_TRG_COM_TIM11_IRQHandler
                0x0000000008002a44                OTG_HS_IRQHandler
                0x0000000008002a44                DMA2D_IRQHandler
                0x0000000008002a44                EXTI1_IRQHandler
                0x0000000008002a44                UART7_IRQHandler
                0x0000000008002a44                I2C2_ER_IRQHandler
                0x0000000008002a44                DMA2_Stream1_IRQHandler
                0x0000000008002a44                CAN1_SCE_IRQHandler
                0x0000000008002a44                FLASH_IRQHandler
                0x0000000008002a44                DMA2_Stream4_IRQHandler
                0x0000000008002a44                USART1_IRQHandler
                0x0000000008002a44                OTG_FS_IRQHandler
                0x0000000008002a44                SPI3_IRQHandler
                0x0000000008002a44                DMA1_Stream4_IRQHandler
                0x0000000008002a44                I2C1_ER_IRQHandler
                0x0000000008002a44                FMC_IRQHandler
                0x0000000008002a44                DMA2_Stream6_IRQHandler
                0x0000000008002a44                SAI1_IRQHandler
                0x0000000008002a44                DMA1_Stream3_IRQHandler
 *fill*         0x0000000008002a46        0x2 
 .text.HAL_Init
                0x0000000008002a48       0x44 ./Drivers/STM32F4xx_HAL_Driver/Src/stm32f4xx_hal.o
                0x0000000008002a48                HAL_Init
 .text.HAL_InitTick
                0x0000000008002a8c       0x60 ./Drivers/STM32F4xx_HAL_Driver/Src/stm32f4xx_hal.o
                0x0000000008002a8c                HAL_InitTick
 .text.HAL_IncTick
                0x0000000008002aec       0x28 ./Drivers/STM32F4xx_HAL_Driver/Src/stm32f4xx_hal.o
                0x0000000008002aec                HAL_IncTick
 .text.HAL_GetTick
                0x0000000008002b14       0x18 ./Drivers/STM32F4xx_HAL_Driver/Src/stm32f4xx_hal.o
                0x0000000008002b14                HAL_GetTick
 .text.__NVIC_SetPriorityGrouping
                0x0000000008002b2c       0x48 ./Drivers/STM32F4xx_HAL_Driver/Src/stm32f4xx_hal_cortex.o
 .text.__NVIC_GetPriorityGrouping
                0x0000000008002b74       0x1c ./Drivers/STM32F4xx_HAL_Driver/Src/stm32f4xx_hal_cortex.o
 .text.__NVIC_EnableIRQ
                0x0000000008002b90       0x3c ./Drivers/STM32F4xx_HAL_Driver/Src/stm32f4xx_hal_cortex.o
 .text.__NVIC_SetPriority
                0x0000000008002bcc       0x54 ./Drivers/STM32F4xx_HAL_Driver/Src/stm32f4xx_hal_cortex.o
 .text.NVIC_EncodePriority
                0x0000000008002c20       0x66 ./Drivers/STM32F4xx_HAL_Driver/Src/stm32f4xx_hal_cortex.o
 *fill*         0x0000000008002c86        0x2 
 .text.SysTick_Config
                0x0000000008002c88       0x44 ./Drivers/STM32F4xx_HAL_Driver/Src/stm32f4xx_hal_cortex.o
 .text.HAL_NVIC_SetPriorityGrouping
                0x0000000008002ccc       0x16 ./Drivers/STM32F4xx_HAL_Driver/Src/stm32f4xx_hal_cortex.o
                0x0000000008002ccc                HAL_NVIC_SetPriorityGrouping
 .text.HAL_NVIC_SetPriority
                0x0000000008002ce2       0x38 ./Drivers/STM32F4xx_HAL_Driver/Src/stm32f4xx_hal_cortex.o
                0x0000000008002ce2                HAL_NVIC_SetPriority
 .text.HAL_NVIC_EnableIRQ
                0x0000000008002d1a       0x1c ./Drivers/STM32F4xx_HAL_Driver/Src/stm32f4xx_hal_cortex.o
                0x0000000008002d1a                HAL_NVIC_EnableIRQ
 .text.HAL_SYSTICK_Config
                0x0000000008002d36       0x18 ./Drivers/STM32F4xx_HAL_Driver/Src/stm32f4xx_hal_cortex.o
                0x0000000008002d36                HAL_SYSTICK_Config
 .text.HAL_CRC_Init
                0x0000000008002d4e       0x38 ./Drivers/STM32F4xx_HAL_Driver/Src/stm32f4xx_hal_crc.o
                0x0000000008002d4e                HAL_CRC_Init
 *fill*         0x0000000008002d86        0x2 
 .text.HAL_DMA_Init
                0x0000000008002d88      0x15c ./Drivers/STM32F4xx_HAL_Driver/Src/stm32f4xx_hal_dma.o
                0x0000000008002d88                HAL_DMA_Init
 .text.HAL_DMA_Abort
                0x0000000008002ee4       0xe0 ./Drivers/STM32F4xx_HAL_Driver/Src/stm32f4xx_hal_dma.o
                0x0000000008002ee4                HAL_DMA_Abort
 .text.HAL_DMA_Abort_IT
                0x0000000008002fc4       0x44 ./Drivers/STM32F4xx_HAL_Driver/Src/stm32f4xx_hal_dma.o
                0x0000000008002fc4                HAL_DMA_Abort_IT
 .text.HAL_DMA_IRQHandler
                0x0000000008003008      0x314 ./Drivers/STM32F4xx_HAL_Driver/Src/stm32f4xx_hal_dma.o
                0x0000000008003008                HAL_DMA_IRQHandler
 .text.DMA_CalcBaseAndBitshift
                0x000000000800331c       0x6c ./Drivers/STM32F4xx_HAL_Driver/Src/stm32f4xx_hal_dma.o
 .text.DMA_CheckFifoParam
                0x0000000008003388       0xf8 ./Drivers/STM32F4xx_HAL_Driver/Src/stm32f4xx_hal_dma.o
 .text.HAL_GPIO_Init
                0x0000000008003480      0x358 ./Drivers/STM32F4xx_HAL_Driver/Src/stm32f4xx_hal_gpio.o
                0x0000000008003480                HAL_GPIO_Init
 .text.HAL_GPIO_WritePin
                0x00000000080037d8       0x32 ./Drivers/STM32F4xx_HAL_Driver/Src/stm32f4xx_hal_gpio.o
                0x00000000080037d8                HAL_GPIO_WritePin
 *fill*         0x000000000800380a        0x2 
 .text.HAL_GPIO_EXTI_IRQHandler
                0x000000000800380c       0x30 ./Drivers/STM32F4xx_HAL_Driver/Src/stm32f4xx_hal_gpio.o
                0x000000000800380c                HAL_GPIO_EXTI_IRQHandler
 .text.HAL_GPIO_EXTI_Callback
                0x000000000800383c       0x16 ./Drivers/STM32F4xx_HAL_Driver/Src/stm32f4xx_hal_gpio.o
                0x000000000800383c                HAL_GPIO_EXTI_Callback
 *fill*         0x0000000008003852        0x2 
 .text.HAL_PWREx_EnableOverDrive
                0x0000000008003854       0xa0 ./Drivers/STM32F4xx_HAL_Driver/Src/stm32f4xx_hal_pwr_ex.o
                0x0000000008003854                HAL_PWREx_EnableOverDrive
 .text.HAL_RCC_ClockConfig
                0x00000000080038f4      0x1cc ./Drivers/STM32F4xx_HAL_Driver/Src/stm32f4xx_hal_rcc.o
                0x00000000080038f4                HAL_RCC_ClockConfig
 .text.HAL_RCC_GetSysClockFreq
                0x0000000008003ac0      0x18c ./Drivers/STM32F4xx_HAL_Driver/Src/stm32f4xx_hal_rcc.o
                0x0000000008003ac0                HAL_RCC_GetSysClockFreq
 .text.HAL_RCC_GetHCLKFreq
                0x0000000008003c4c       0x18 ./Drivers/STM32F4xx_HAL_Driver/Src/stm32f4xx_hal_rcc.o
                0x0000000008003c4c                HAL_RCC_GetHCLKFreq
 .text.HAL_RCC_GetPCLK1Freq
                0x0000000008003c64       0x28 ./Drivers/STM32F4xx_HAL_Driver/Src/stm32f4xx_hal_rcc.o
                0x0000000008003c64                HAL_RCC_GetPCLK1Freq
 .text.HAL_RCC_GetPCLK2Freq
                0x0000000008003c8c       0x28 ./Drivers/STM32F4xx_HAL_Driver/Src/stm32f4xx_hal_rcc.o
                0x0000000008003c8c                HAL_RCC_GetPCLK2Freq
 .text.HAL_RCC_OscConfig
                0x0000000008003cb4      0x508 ./Drivers/STM32F4xx_HAL_Driver/Src/stm32f4xx_hal_rcc_ex.o
                0x0000000008003cb4                HAL_RCC_OscConfig
 .text.HAL_SPI_Init
                0x00000000080041bc      0x112 ./Drivers/STM32F4xx_HAL_Driver/Src/stm32f4xx_hal_spi.o
                0x00000000080041bc                HAL_SPI_Init
 .text.HAL_SPI_Transmit
                0x00000000080042ce      0x278 ./Drivers/STM32F4xx_HAL_Driver/Src/stm32f4xx_hal_spi.o
                0x00000000080042ce                HAL_SPI_Transmit
 .text.HAL_SPI_Receive
                0x0000000008004546      0x222 ./Drivers/STM32F4xx_HAL_Driver/Src/stm32f4xx_hal_spi.o
                0x0000000008004546                HAL_SPI_Receive
 .text.HAL_SPI_TransmitReceive
                0x0000000008004768      0x344 ./Drivers/STM32F4xx_HAL_Driver/Src/stm32f4xx_hal_spi.o
                0x0000000008004768                HAL_SPI_TransmitReceive
 .text.SPI_WaitFlagStateUntilTimeout
                0x0000000008004aac      0x110 ./Drivers/STM32F4xx_HAL_Driver/Src/stm32f4xx_hal_spi.o
 .text.SPI_EndRxTransaction
                0x0000000008004bbc       0xca ./Drivers/STM32F4xx_HAL_Driver/Src/stm32f4xx_hal_spi.o
 *fill*         0x0000000008004c86        0x2 
 .text.SPI_EndRxTxTransaction
                0x0000000008004c88       0x84 ./Drivers/STM32F4xx_HAL_Driver/Src/stm32f4xx_hal_spi.o
 .text.HAL_TIM_Base_Init
                0x0000000008004d0c       0x9e ./Drivers/STM32F4xx_HAL_Driver/Src/stm32f4xx_hal_tim.o
                0x0000000008004d0c                HAL_TIM_Base_Init
 *fill*         0x0000000008004daa        0x2 
 .text.HAL_TIM_Base_Start
                0x0000000008004dac       0xd0 ./Drivers/STM32F4xx_HAL_Driver/Src/stm32f4xx_hal_tim.o
                0x0000000008004dac                HAL_TIM_Base_Start
 .text.HAL_TIM_Base_Stop
                0x0000000008004e7c       0x4e ./Drivers/STM32F4xx_HAL_Driver/Src/stm32f4xx_hal_tim.o
                0x0000000008004e7c                HAL_TIM_Base_Stop
 .text.HAL_TIM_IRQHandler
                0x0000000008004eca      0x210 ./Drivers/STM32F4xx_HAL_Driver/Src/stm32f4xx_hal_tim.o
                0x0000000008004eca                HAL_TIM_IRQHandler
 .text.HAL_TIM_ConfigClockSource
                0x00000000080050da      0x18e ./Drivers/STM32F4xx_HAL_Driver/Src/stm32f4xx_hal_tim.o
                0x00000000080050da                HAL_TIM_ConfigClockSource
 .text.HAL_TIM_PeriodElapsedCallback
                0x0000000008005268       0x14 ./Drivers/STM32F4xx_HAL_Driver/Src/stm32f4xx_hal_tim.o
                0x0000000008005268                HAL_TIM_PeriodElapsedCallback
 .text.HAL_TIM_OC_DelayElapsedCallback
                0x000000000800527c       0x14 ./Drivers/STM32F4xx_HAL_Driver/Src/stm32f4xx_hal_tim.o
                0x000000000800527c                HAL_TIM_OC_DelayElapsedCallback
 .text.HAL_TIM_IC_CaptureCallback
                0x0000000008005290       0x14 ./Drivers/STM32F4xx_HAL_Driver/Src/stm32f4xx_hal_tim.o
                0x0000000008005290                HAL_TIM_IC_CaptureCallback
 .text.HAL_TIM_PWM_PulseFinishedCallback
                0x00000000080052a4       0x14 ./Drivers/STM32F4xx_HAL_Driver/Src/stm32f4xx_hal_tim.o
                0x00000000080052a4                HAL_TIM_PWM_PulseFinishedCallback
 .text.HAL_TIM_TriggerCallback
                0x00000000080052b8       0x14 ./Drivers/STM32F4xx_HAL_Driver/Src/stm32f4xx_hal_tim.o
                0x00000000080052b8                HAL_TIM_TriggerCallback
 .text.TIM_Base_SetConfig
                0x00000000080052cc      0x140 ./Drivers/STM32F4xx_HAL_Driver/Src/stm32f4xx_hal_tim.o
                0x00000000080052cc                TIM_Base_SetConfig
 .text.TIM_TI1_ConfigInputStage
                0x000000000800540c       0x5e ./Drivers/STM32F4xx_HAL_Driver/Src/stm32f4xx_hal_tim.o
 .text.TIM_TI2_ConfigInputStage
                0x000000000800546a       0x60 ./Drivers/STM32F4xx_HAL_Driver/Src/stm32f4xx_hal_tim.o
 .text.TIM_ITRx_SetConfig
                0x00000000080054ca       0x36 ./Drivers/STM32F4xx_HAL_Driver/Src/stm32f4xx_hal_tim.o
 .text.TIM_ETR_SetConfig
                0x0000000008005500       0x40 ./Drivers/STM32F4xx_HAL_Driver/Src/stm32f4xx_hal_tim.o
                0x0000000008005500                TIM_ETR_SetConfig
 .text.HAL_TIMEx_MasterConfigSynchronization
                0x0000000008005540       0xf8 ./Drivers/STM32F4xx_HAL_Driver/Src/stm32f4xx_hal_tim_ex.o
                0x0000000008005540                HAL_TIMEx_MasterConfigSynchronization
 .text.HAL_TIMEx_CommutCallback
                0x0000000008005638       0x14 ./Drivers/STM32F4xx_HAL_Driver/Src/stm32f4xx_hal_tim_ex.o
                0x0000000008005638                HAL_TIMEx_CommutCallback
 .text.HAL_TIMEx_BreakCallback
                0x000000000800564c       0x14 ./Drivers/STM32F4xx_HAL_Driver/Src/stm32f4xx_hal_tim_ex.o
                0x000000000800564c                HAL_TIMEx_BreakCallback
 .text.HAL_UART_Init
                0x0000000008005660       0x9a ./Drivers/STM32F4xx_HAL_Driver/Src/stm32f4xx_hal_uart.o
                0x0000000008005660                HAL_UART_Init
 .text.HAL_UART_Transmit
                0x00000000080056fa      0x124 ./Drivers/STM32F4xx_HAL_Driver/Src/stm32f4xx_hal_uart.o
                0x00000000080056fa                HAL_UART_Transmit
 *fill*         0x000000000800581e        0x2 
 .text.HAL_UART_IRQHandler
                0x0000000008005820      0x51c ./Drivers/STM32F4xx_HAL_Driver/Src/stm32f4xx_hal_uart.o
                0x0000000008005820                HAL_UART_IRQHandler
 .text.HAL_UART_TxCpltCallback
                0x0000000008005d3c       0x14 ./Drivers/STM32F4xx_HAL_Driver/Src/stm32f4xx_hal_uart.o
                0x0000000008005d3c                HAL_UART_TxCpltCallback
 .text.HAL_UART_RxCpltCallback
                0x0000000008005d50       0x14 ./Drivers/STM32F4xx_HAL_Driver/Src/stm32f4xx_hal_uart.o
                0x0000000008005d50                HAL_UART_RxCpltCallback
 .text.HAL_UART_ErrorCallback
                0x0000000008005d64       0x14 ./Drivers/STM32F4xx_HAL_Driver/Src/stm32f4xx_hal_uart.o
                0x0000000008005d64                HAL_UART_ErrorCallback
 .text.HAL_UARTEx_RxEventCallback
                0x0000000008005d78       0x18 ./Drivers/STM32F4xx_HAL_Driver/Src/stm32f4xx_hal_uart.o
                0x0000000008005d78                HAL_UARTEx_RxEventCallback
 .text.UART_WaitOnFlagUntilTimeout
                0x0000000008005d90       0xdc ./Drivers/STM32F4xx_HAL_Driver/Src/stm32f4xx_hal_uart.o
 .text.UART_EndRxTransfer
                0x0000000008005e6c       0xc6 ./Drivers/STM32F4xx_HAL_Driver/Src/stm32f4xx_hal_uart.o
 .text.UART_DMAAbortOnError
                0x0000000008005f32       0x28 ./Drivers/STM32F4xx_HAL_Driver/Src/stm32f4xx_hal_uart.o
 .text.UART_Transmit_IT
                0x0000000008005f5a       0xa0 ./Drivers/STM32F4xx_HAL_Driver/Src/stm32f4xx_hal_uart.o
 .text.UART_EndTransmit_IT
                0x0000000008005ffa       0x30 ./Drivers/STM32F4xx_HAL_Driver/Src/stm32f4xx_hal_uart.o
 .text.UART_Receive_IT
                0x000000000800602a      0x176 ./Drivers/STM32F4xx_HAL_Driver/Src/stm32f4xx_hal_uart.o
 .text.UART_SetConfig
                0x00000000080061a0      0x4e8 ./Drivers/STM32F4xx_HAL_Driver/Src/stm32f4xx_hal_uart.o
 .text.network_configure_activations
                0x0000000008006688       0x9c ./X-CUBE-AI/App/network.o
 .text.network_configure_weights
                0x0000000008006724       0xf0 ./X-CUBE-AI/App/network.o
 .text.ai_network_create
                0x0000000008006814       0x2c ./X-CUBE-AI/App/network.o
                0x0000000008006814                ai_network_create
 .text.ai_network_init
                0x0000000008006840       0x7e ./X-CUBE-AI/App/network.o
                0x0000000008006840                ai_network_init
 .text.ai_network_run
                0x00000000080068be       0x20 ./X-CUBE-AI/App/network.o
                0x00000000080068be                ai_network_run
 *fill*         0x00000000080068de        0x2 
 .text.ai_network_data_weights_get
                0x00000000080068e0       0x14 ./X-CUBE-AI/App/network_data.o
                0x00000000080068e0                ai_network_data_weights_get
 .text.arm_max_f32
                0x00000000080068f4       0xd8 ../Middlewares/ST/ARM/DSP/Lib\libarm_cortexM4lf_math.a(arm_max_f32.o)
                0x00000000080068f4                arm_max_f32
 .text.arm_cfft_radix4_init_f32
                0x00000000080069cc       0xbc ../Middlewares/ST/ARM/DSP/Lib\libarm_cortexM4lf_math.a(arm_cfft_radix4_init_f32.o)
                0x00000000080069cc                arm_cfft_radix4_init_f32
 .text.arm_radix4_butterfly_f32
                0x0000000008006a88      0x354 ../Middlewares/ST/ARM/DSP/Lib\libarm_cortexM4lf_math.a(arm_cfft_radix4_f32.o)
                0x0000000008006a88                arm_radix4_butterfly_f32
 .text.arm_radix4_butterfly_inverse_f32
                0x0000000008006ddc      0x378 ../Middlewares/ST/ARM/DSP/Lib\libarm_cortexM4lf_math.a(arm_cfft_radix4_f32.o)
                0x0000000008006ddc                arm_radix4_butterfly_inverse_f32
 .text.arm_cfft_radix4_f32
                0x0000000008007154       0x40 ../Middlewares/ST/ARM/DSP/Lib\libarm_cortexM4lf_math.a(arm_cfft_radix4_f32.o)
                0x0000000008007154                arm_cfft_radix4_f32
 .text.arm_bitreversal_f32
                0x0000000008007194       0xe0 ../Middlewares/ST/ARM/DSP/Lib\libarm_cortexM4lf_math.a(arm_bitreversal.o)
                0x0000000008007194                arm_bitreversal_f32
 .text.arm_cmplx_mag_f32
                0x0000000008007274      0x248 ../Middlewares/ST/ARM/DSP/Lib\libarm_cortexM4lf_math.a(arm_cmplx_mag_f32.o)
                0x0000000008007274                arm_cmplx_mag_f32
 .text.unlikely._platform_network_state_setup.isra.1
                0x00000000080074bc       0x3e ../Middlewares/ST/AI/Lib\NetworkRuntime600_CM4_GCC.a(ai_platform_interface.o)
 *fill*         0x00000000080074fa        0x2 
 .text.ai_platform_network_create
                0x00000000080074fc       0xe4 ../Middlewares/ST/AI/Lib\NetworkRuntime600_CM4_GCC.a(ai_platform_interface.o)
                0x00000000080074fc                ai_platform_network_create
 .text.ai_platform_network_init
                0x00000000080075e0       0xe4 ../Middlewares/ST/AI/Lib\NetworkRuntime600_CM4_GCC.a(ai_platform_interface.o)
                0x00000000080075e0                ai_platform_network_init
 .text.ai_platform_network_post_init
                0x00000000080076c4       0x98 ../Middlewares/ST/AI/Lib\NetworkRuntime600_CM4_GCC.a(ai_platform_interface.o)
                0x00000000080076c4                ai_platform_network_post_init
 .text.ai_platform_network_process
                0x000000000800775c      0x414 ../Middlewares/ST/AI/Lib\NetworkRuntime600_CM4_GCC.a(ai_platform_interface.o)
                0x000000000800775c                ai_platform_network_process
 .text.core_init
                0x0000000008007b70        0x4 ../Middlewares/ST/AI/Lib\NetworkRuntime600_CM4_GCC.a(core_common.o)
                0x0000000008007b70                core_init
 .text.core_set_error
                0x0000000008007b74       0x18 ../Middlewares/ST/AI/Lib\NetworkRuntime600_CM4_GCC.a(core_common.o)
                0x0000000008007b74                core_set_error
 .text.ai_dict8_dot_array_f32
                0x0000000008007b8c      0x19c ../Middlewares/ST/AI/Lib\NetworkRuntime600_CM4_GCC.a(layers_conv2d_generic_float.o)
                0x0000000008007b8c                ai_dict8_dot_array_f32
 .text.ai_dict4_dot_array_f32
                0x0000000008007d28      0x17c ../Middlewares/ST/AI/Lib\NetworkRuntime600_CM4_GCC.a(layers_conv2d_generic_float.o)
                0x0000000008007d28                ai_dict4_dot_array_f32
 .text.forward_dense
                0x0000000008007ea4      0x450 ../Middlewares/ST/AI/Lib\NetworkRuntime600_CM4_GCC.a(layers_conv2d_generic_float.o)
                0x0000000008007ea4                forward_dense
 .text.nl_func_sm_array_f32
                0x00000000080082f4      0x100 ../Middlewares/ST/AI/Lib\NetworkRuntime600_CM4_GCC.a(layers_nl_generic_float.o)
                0x00000000080082f4                nl_func_sm_array_f32
 .text.nl_func_relu_generic_array_f32
                0x00000000080083f4       0xfc ../Middlewares/ST/AI/Lib\NetworkRuntime600_CM4_GCC.a(layers_nl_generic_float.o)
                0x00000000080083f4                nl_func_relu_generic_array_f32
 .text.forward_relu
                0x00000000080084f0      0x124 ../Middlewares/ST/AI/Lib\NetworkRuntime600_CM4_GCC.a(layers_nl_generic_float.o)
                0x00000000080084f0                forward_relu
 .text.forward_sm
                0x0000000008008614       0x64 ../Middlewares/ST/AI/Lib\NetworkRuntime600_CM4_GCC.a(layers_nl_generic_float.o)
                0x0000000008008614                forward_sm
 .text.ai_check_custom_types
                0x0000000008008678       0x54 ../Middlewares/ST/AI/Lib\NetworkRuntime600_CM4_GCC.a(layers.o)
                0x0000000008008678                ai_check_custom_types
 .text.ai_layers_init_all
                0x00000000080086cc       0x28 ../Middlewares/ST/AI/Lib\NetworkRuntime600_CM4_GCC.a(layers.o)
                0x00000000080086cc                ai_layers_init_all
 .text.ai_layers_post_init_all
                0x00000000080086f4       0x30 ../Middlewares/ST/AI/Lib\NetworkRuntime600_CM4_GCC.a(layers.o)
                0x00000000080086f4                ai_layers_post_init_all
 .text.ai_layers_forward_all
                0x0000000008008724       0x9c ../Middlewares/ST/AI/Lib\NetworkRuntime600_CM4_GCC.a(layers.o)
                0x0000000008008724                ai_layers_forward_all
 .text.ai_array_to_buffer_fmt
                0x00000000080087c0       0x98 ../Middlewares/ST/AI/Lib\NetworkRuntime600_CM4_GCC.a(ai_datatypes_format.o)
                0x00000000080087c0                ai_array_to_buffer_fmt
 .text.ai_array_get_byte_size
                0x0000000008008858       0x44 ../Middlewares/ST/AI/Lib\NetworkRuntime600_CM4_GCC.a(ai_datatypes_format.o)
                0x0000000008008858                ai_array_get_byte_size
 .text.__errno  0x000000000800889c        0xc d:/stm32cubeide_1.10.1/stm32cubeide/plugins/com.st.stm32cube.ide.mcu.externaltools.gnu-tools-for-stm32.10.3-2021.10.win32_1.0.100.202210260954/tools/bin/../lib/gcc/arm-none-eabi/10.3.1/../../../../arm-none-eabi/lib/thumb/v7e-m+fp/hard\libc_nano.a(lib_a-errno.o)
                0x000000000800889c                __errno
 .text.__libc_init_array
                0x00000000080088a8       0x48 d:/stm32cubeide_1.10.1/stm32cubeide/plugins/com.st.stm32cube.ide.mcu.externaltools.gnu-tools-for-stm32.10.3-2021.10.win32_1.0.100.202210260954/tools/bin/../lib/gcc/arm-none-eabi/10.3.1/../../../../arm-none-eabi/lib/thumb/v7e-m+fp/hard\libc_nano.a(lib_a-init.o)
                0x00000000080088a8                __libc_init_array
 .text.malloc   0x00000000080088f0       0x10 d:/stm32cubeide_1.10.1/stm32cubeide/plugins/com.st.stm32cube.ide.mcu.externaltools.gnu-tools-for-stm32.10.3-2021.10.win32_1.0.100.202210260954/tools/bin/../lib/gcc/arm-none-eabi/10.3.1/../../../../arm-none-eabi/lib/thumb/v7e-m+fp/hard\libc_nano.a(lib_a-malloc.o)
                0x00000000080088f0                malloc
 .text.memcpy   0x0000000008008900       0x1c d:/stm32cubeide_1.10.1/stm32cubeide/plugins/com.st.stm32cube.ide.mcu.externaltools.gnu-tools-for-stm32.10.3-2021.10.win32_1.0.100.202210260954/tools/bin/../lib/gcc/arm-none-eabi/10.3.1/../../../../arm-none-eabi/lib/thumb/v7e-m+fp/hard\libc_nano.a(lib_a-memcpy-stub.o)
                0x0000000008008900                memcpy
 .text.memset   0x000000000800891c       0x10 d:/stm32cubeide_1.10.1/stm32cubeide/plugins/com.st.stm32cube.ide.mcu.externaltools.gnu-tools-for-stm32.10.3-2021.10.win32_1.0.100.202210260954/tools/bin/../lib/gcc/arm-none-eabi/10.3.1/../../../../arm-none-eabi/lib/thumb/v7e-m+fp/hard\libc_nano.a(lib_a-memset.o)
                0x000000000800891c                memset
 .text._free_r  0x000000000800892c       0x98 d:/stm32cubeide_1.10.1/stm32cubeide/plugins/com.st.stm32cube.ide.mcu.externaltools.gnu-tools-for-stm32.10.3-2021.10.win32_1.0.100.202210260954/tools/bin/../lib/gcc/arm-none-eabi/10.3.1/../../../../arm-none-eabi/lib/thumb/v7e-m+fp/hard\libc_nano.a(lib_a-nano-freer.o)
                0x000000000800892c                _free_r
 .text.sbrk_aligned
                0x00000000080089c4       0x40 d:/stm32cubeide_1.10.1/stm32cubeide/plugins/com.st.stm32cube.ide.mcu.externaltools.gnu-tools-for-stm32.10.3-2021.10.win32_1.0.100.202210260954/tools/bin/../lib/gcc/arm-none-eabi/10.3.1/../../../../arm-none-eabi/lib/thumb/v7e-m+fp/hard\libc_nano.a(lib_a-nano-mallocr.o)
 .text._malloc_r
                0x0000000008008a04       0xe8 d:/stm32cubeide_1.10.1/stm32cubeide/plugins/com.st.stm32cube.ide.mcu.externaltools.gnu-tools-for-stm32.10.3-2021.10.win32_1.0.100.202210260954/tools/bin/../lib/gcc/arm-none-eabi/10.3.1/../../../../arm-none-eabi/lib/thumb/v7e-m+fp/hard\libc_nano.a(lib_a-nano-mallocr.o)
                0x0000000008008a04                _malloc_r
 .text.__cvt    0x0000000008008aec       0xc4 d:/stm32cubeide_1.10.1/stm32cubeide/plugins/com.st.stm32cube.ide.mcu.externaltools.gnu-tools-for-stm32.10.3-2021.10.win32_1.0.100.202210260954/tools/bin/../lib/gcc/arm-none-eabi/10.3.1/../../../../arm-none-eabi/lib/thumb/v7e-m+fp/hard\libc_nano.a(lib_a-nano-vfprintf_float.o)
                0x0000000008008aec                __cvt
 .text.__exponent
                0x0000000008008bb0       0x7c d:/stm32cubeide_1.10.1/stm32cubeide/plugins/com.st.stm32cube.ide.mcu.externaltools.gnu-tools-for-stm32.10.3-2021.10.win32_1.0.100.202210260954/tools/bin/../lib/gcc/arm-none-eabi/10.3.1/../../../../arm-none-eabi/lib/thumb/v7e-m+fp/hard\libc_nano.a(lib_a-nano-vfprintf_float.o)
                0x0000000008008bb0                __exponent
 .text._printf_float
                0x0000000008008c2c      0x46c d:/stm32cubeide_1.10.1/stm32cubeide/plugins/com.st.stm32cube.ide.mcu.externaltools.gnu-tools-for-stm32.10.3-2021.10.win32_1.0.100.202210260954/tools/bin/../lib/gcc/arm-none-eabi/10.3.1/../../../../arm-none-eabi/lib/thumb/v7e-m+fp/hard\libc_nano.a(lib_a-nano-vfprintf_float.o)
                0x0000000008008c2c                _printf_float
 .text._printf_common
                0x0000000008009098       0xda d:/stm32cubeide_1.10.1/stm32cubeide/plugins/com.st.stm32cube.ide.mcu.externaltools.gnu-tools-for-stm32.10.3-2021.10.win32_1.0.100.202210260954/tools/bin/../lib/gcc/arm-none-eabi/10.3.1/../../../../arm-none-eabi/lib/thumb/v7e-m+fp/hard\libc_nano.a(lib_a-nano-vfprintf_i.o)
                0x0000000008009098                _printf_common
 *fill*         0x0000000008009172        0x2 
 .text._printf_i
                0x0000000008009174      0x24c d:/stm32cubeide_1.10.1/stm32cubeide/plugins/com.st.stm32cube.ide.mcu.externaltools.gnu-tools-for-stm32.10.3-2021.10.win32_1.0.100.202210260954/tools/bin/../lib/gcc/arm-none-eabi/10.3.1/../../../../arm-none-eabi/lib/thumb/v7e-m+fp/hard\libc_nano.a(lib_a-nano-vfprintf_i.o)
                0x0000000008009174                _printf_i
 .text._sbrk_r  0x00000000080093c0       0x20 d:/stm32cubeide_1.10.1/stm32cubeide/plugins/com.st.stm32cube.ide.mcu.externaltools.gnu-tools-for-stm32.10.3-2021.10.win32_1.0.100.202210260954/tools/bin/../lib/gcc/arm-none-eabi/10.3.1/../../../../arm-none-eabi/lib/thumb/v7e-m+fp/hard\libc_nano.a(lib_a-sbrkr.o)
                0x00000000080093c0                _sbrk_r
 .text.sprintf  0x00000000080093e0       0x40 d:/stm32cubeide_1.10.1/stm32cubeide/plugins/com.st.stm32cube.ide.mcu.externaltools.gnu-tools-for-stm32.10.3-2021.10.win32_1.0.100.202210260954/tools/bin/../lib/gcc/arm-none-eabi/10.3.1/../../../../arm-none-eabi/lib/thumb/v7e-m+fp/hard\libc_nano.a(lib_a-sprintf.o)
                0x00000000080093e0                siprintf
                0x00000000080093e0                sprintf
 .text.quorem   0x0000000008009420      0x116 d:/stm32cubeide_1.10.1/stm32cubeide/plugins/com.st.stm32cube.ide.mcu.externaltools.gnu-tools-for-stm32.10.3-2021.10.win32_1.0.100.202210260954/tools/bin/../lib/gcc/arm-none-eabi/10.3.1/../../../../arm-none-eabi/lib/thumb/v7e-m+fp/hard\libc_nano.a(lib_a-dtoa.o)
 *fill*         0x0000000008009536        0x2 
 .text._dtoa_r  0x0000000008009538      0xbdc d:/stm32cubeide_1.10.1/stm32cubeide/plugins/com.st.stm32cube.ide.mcu.externaltools.gnu-tools-for-stm32.10.3-2021.10.win32_1.0.100.202210260954/tools/bin/../lib/gcc/arm-none-eabi/10.3.1/../../../../arm-none-eabi/lib/thumb/v7e-m+fp/hard\libc_nano.a(lib_a-dtoa.o)
                0x0000000008009538                _dtoa_r
 .text._localeconv_r
                0x000000000800a114        0x8 d:/stm32cubeide_1.10.1/stm32cubeide/plugins/com.st.stm32cube.ide.mcu.externaltools.gnu-tools-for-stm32.10.3-2021.10.win32_1.0.100.202210260954/tools/bin/../lib/gcc/arm-none-eabi/10.3.1/../../../../arm-none-eabi/lib/thumb/v7e-m+fp/hard\libc_nano.a(lib_a-localeconv.o)
                0x000000000800a114                _localeconv_r
 .text.__malloc_lock
                0x000000000800a11c        0xc d:/stm32cubeide_1.10.1/stm32cubeide/plugins/com.st.stm32cube.ide.mcu.externaltools.gnu-tools-for-stm32.10.3-2021.10.win32_1.0.100.202210260954/tools/bin/../lib/gcc/arm-none-eabi/10.3.1/../../../../arm-none-eabi/lib/thumb/v7e-m+fp/hard\libc_nano.a(lib_a-mlock.o)
                0x000000000800a11c                __malloc_lock
 .text.__malloc_unlock
                0x000000000800a128        0xc d:/stm32cubeide_1.10.1/stm32cubeide/plugins/com.st.stm32cube.ide.mcu.externaltools.gnu-tools-for-stm32.10.3-2021.10.win32_1.0.100.202210260954/tools/bin/../lib/gcc/arm-none-eabi/10.3.1/../../../../arm-none-eabi/lib/thumb/v7e-m+fp/hard\libc_nano.a(lib_a-mlock.o)
                0x000000000800a128                __malloc_unlock
 .text._Balloc  0x000000000800a134       0x80 d:/stm32cubeide_1.10.1/stm32cubeide/plugins/com.st.stm32cube.ide.mcu.externaltools.gnu-tools-for-stm32.10.3-2021.10.win32_1.0.100.202210260954/tools/bin/../lib/gcc/arm-none-eabi/10.3.1/../../../../arm-none-eabi/lib/thumb/v7e-m+fp/hard\libc_nano.a(lib_a-mprec.o)
                0x000000000800a134                _Balloc
 .text._Bfree   0x000000000800a1b4       0x44 d:/stm32cubeide_1.10.1/stm32cubeide/plugins/com.st.stm32cube.ide.mcu.externaltools.gnu-tools-for-stm32.10.3-2021.10.win32_1.0.100.202210260954/tools/bin/../lib/gcc/arm-none-eabi/10.3.1/../../../../arm-none-eabi/lib/thumb/v7e-m+fp/hard\libc_nano.a(lib_a-mprec.o)
                0x000000000800a1b4                _Bfree
 .text.__multadd
                0x000000000800a1f8       0x8c d:/stm32cubeide_1.10.1/stm32cubeide/plugins/com.st.stm32cube.ide.mcu.externaltools.gnu-tools-for-stm32.10.3-2021.10.win32_1.0.100.202210260954/tools/bin/../lib/gcc/arm-none-eabi/10.3.1/../../../../arm-none-eabi/lib/thumb/v7e-m+fp/hard\libc_nano.a(lib_a-mprec.o)
                0x000000000800a1f8                __multadd
 .text.__hi0bits
                0x000000000800a284       0x40 d:/stm32cubeide_1.10.1/stm32cubeide/plugins/com.st.stm32cube.ide.mcu.externaltools.gnu-tools-for-stm32.10.3-2021.10.win32_1.0.100.202210260954/tools/bin/../lib/gcc/arm-none-eabi/10.3.1/../../../../arm-none-eabi/lib/thumb/v7e-m+fp/hard\libc_nano.a(lib_a-mprec.o)
                0x000000000800a284                __hi0bits
 .text.__lo0bits
                0x000000000800a2c4       0x5e d:/stm32cubeide_1.10.1/stm32cubeide/plugins/com.st.stm32cube.ide.mcu.externaltools.gnu-tools-for-stm32.10.3-2021.10.win32_1.0.100.202210260954/tools/bin/../lib/gcc/arm-none-eabi/10.3.1/../../../../arm-none-eabi/lib/thumb/v7e-m+fp/hard\libc_nano.a(lib_a-mprec.o)
                0x000000000800a2c4                __lo0bits
 *fill*         0x000000000800a322        0x2 
 .text.__i2b    0x000000000800a324       0x2c d:/stm32cubeide_1.10.1/stm32cubeide/plugins/com.st.stm32cube.ide.mcu.externaltools.gnu-tools-for-stm32.10.3-2021.10.win32_1.0.100.202210260954/tools/bin/../lib/gcc/arm-none-eabi/10.3.1/../../../../arm-none-eabi/lib/thumb/v7e-m+fp/hard\libc_nano.a(lib_a-mprec.o)
                0x000000000800a324                __i2b
 .text.__multiply
                0x000000000800a350      0x154 d:/stm32cubeide_1.10.1/stm32cubeide/plugins/com.st.stm32cube.ide.mcu.externaltools.gnu-tools-for-stm32.10.3-2021.10.win32_1.0.100.202210260954/tools/bin/../lib/gcc/arm-none-eabi/10.3.1/../../../../arm-none-eabi/lib/thumb/v7e-m+fp/hard\libc_nano.a(lib_a-mprec.o)
                0x000000000800a350                __multiply
 .text.__pow5mult
                0x000000000800a4a4       0xb4 d:/stm32cubeide_1.10.1/stm32cubeide/plugins/com.st.stm32cube.ide.mcu.externaltools.gnu-tools-for-stm32.10.3-2021.10.win32_1.0.100.202210260954/tools/bin/../lib/gcc/arm-none-eabi/10.3.1/../../../../arm-none-eabi/lib/thumb/v7e-m+fp/hard\libc_nano.a(lib_a-mprec.o)
                0x000000000800a4a4                __pow5mult
 .text.__lshift
                0x000000000800a558       0xe0 d:/stm32cubeide_1.10.1/stm32cubeide/plugins/com.st.stm32cube.ide.mcu.externaltools.gnu-tools-for-stm32.10.3-2021.10.win32_1.0.100.202210260954/tools/bin/../lib/gcc/arm-none-eabi/10.3.1/../../../../arm-none-eabi/lib/thumb/v7e-m+fp/hard\libc_nano.a(lib_a-mprec.o)
                0x000000000800a558                __lshift
 .text.__mcmp   0x000000000800a638       0x38 d:/stm32cubeide_1.10.1/stm32cubeide/plugins/com.st.stm32cube.ide.mcu.externaltools.gnu-tools-for-stm32.10.3-2021.10.win32_1.0.100.202210260954/tools/bin/../lib/gcc/arm-none-eabi/10.3.1/../../../../arm-none-eabi/lib/thumb/v7e-m+fp/hard\libc_nano.a(lib_a-mprec.o)
                0x000000000800a638                __mcmp
 .text.__mdiff  0x000000000800a670      0x114 d:/stm32cubeide_1.10.1/stm32cubeide/plugins/com.st.stm32cube.ide.mcu.externaltools.gnu-tools-for-stm32.10.3-2021.10.win32_1.0.100.202210260954/tools/bin/../lib/gcc/arm-none-eabi/10.3.1/../../../../arm-none-eabi/lib/thumb/v7e-m+fp/hard\libc_nano.a(lib_a-mprec.o)
                0x000000000800a670                __mdiff
 .text.__d2b    0x000000000800a784       0xb8 d:/stm32cubeide_1.10.1/stm32cubeide/plugins/com.st.stm32cube.ide.mcu.externaltools.gnu-tools-for-stm32.10.3-2021.10.win32_1.0.100.202210260954/tools/bin/../lib/gcc/arm-none-eabi/10.3.1/../../../../arm-none-eabi/lib/thumb/v7e-m+fp/hard\libc_nano.a(lib_a-mprec.o)
                0x000000000800a784                __d2b
 .text._calloc_r
                0x000000000800a83c       0x2c d:/stm32cubeide_1.10.1/stm32cubeide/plugins/com.st.stm32cube.ide.mcu.externaltools.gnu-tools-for-stm32.10.3-2021.10.win32_1.0.100.202210260954/tools/bin/../lib/gcc/arm-none-eabi/10.3.1/../../../../arm-none-eabi/lib/thumb/v7e-m+fp/hard\libc_nano.a(lib_a-nano-callocr.o)
                0x000000000800a83c                _calloc_r
 .text._realloc_r
                0x000000000800a868       0x5e d:/stm32cubeide_1.10.1/stm32cubeide/plugins/com.st.stm32cube.ide.mcu.externaltools.gnu-tools-for-stm32.10.3-2021.10.win32_1.0.100.202210260954/tools/bin/../lib/gcc/arm-none-eabi/10.3.1/../../../../arm-none-eabi/lib/thumb/v7e-m+fp/hard\libc_nano.a(lib_a-nano-reallocr.o)
                0x000000000800a868                _realloc_r
 .text.__ssputs_r
                0x000000000800a8c6       0xb6 d:/stm32cubeide_1.10.1/stm32cubeide/plugins/com.st.stm32cube.ide.mcu.externaltools.gnu-tools-for-stm32.10.3-2021.10.win32_1.0.100.202210260954/tools/bin/../lib/gcc/arm-none-eabi/10.3.1/../../../../arm-none-eabi/lib/thumb/v7e-m+fp/hard\libc_nano.a(lib_a-nano-svfprintf.o)
                0x000000000800a8c6                __ssputs_r
 .text._svfprintf_r
                0x000000000800a97c      0x200 d:/stm32cubeide_1.10.1/stm32cubeide/plugins/com.st.stm32cube.ide.mcu.externaltools.gnu-tools-for-stm32.10.3-2021.10.win32_1.0.100.202210260954/tools/bin/../lib/gcc/arm-none-eabi/10.3.1/../../../../arm-none-eabi/lib/thumb/v7e-m+fp/hard\libc_nano.a(lib_a-nano-svfprintf.o)
                0x000000000800a97c                _svfiprintf_r
                0x000000000800a97c                _svfprintf_r
 .text.__assert_func
                0x000000000800ab7c       0x3c d:/stm32cubeide_1.10.1/stm32cubeide/plugins/com.st.stm32cube.ide.mcu.externaltools.gnu-tools-for-stm32.10.3-2021.10.win32_1.0.100.202210260954/tools/bin/../lib/gcc/arm-none-eabi/10.3.1/../../../../arm-none-eabi/lib/thumb/v7e-m+fp/hard\libc_nano.a(lib_a-assert.o)
                0x000000000800ab7c                __assert_func
 .text.fprintf  0x000000000800abb8       0x24 d:/stm32cubeide_1.10.1/stm32cubeide/plugins/com.st.stm32cube.ide.mcu.externaltools.gnu-tools-for-stm32.10.3-2021.10.win32_1.0.100.202210260954/tools/bin/../lib/gcc/arm-none-eabi/10.3.1/../../../../arm-none-eabi/lib/thumb/v7e-m+fp/hard\libc_nano.a(lib_a-fprintf.o)
                0x000000000800abb8                fiprintf
                0x000000000800abb8                fprintf
 .text.__retarget_lock_init_recursive
                0x000000000800abdc        0x2 d:/stm32cubeide_1.10.1/stm32cubeide/plugins/com.st.stm32cube.ide.mcu.externaltools.gnu-tools-for-stm32.10.3-2021.10.win32_1.0.100.202210260954/tools/bin/../lib/gcc/arm-none-eabi/10.3.1/../../../../arm-none-eabi/lib/thumb/v7e-m+fp/hard\libc_nano.a(lib_a-lock.o)
                0x000000000800abdc                __retarget_lock_init_recursive
 .text.__retarget_lock_acquire_recursive
                0x000000000800abde        0x2 d:/stm32cubeide_1.10.1/stm32cubeide/plugins/com.st.stm32cube.ide.mcu.externaltools.gnu-tools-for-stm32.10.3-2021.10.win32_1.0.100.202210260954/tools/bin/../lib/gcc/arm-none-eabi/10.3.1/../../../../arm-none-eabi/lib/thumb/v7e-m+fp/hard\libc_nano.a(lib_a-lock.o)
                0x000000000800abde                __retarget_lock_acquire_recursive
 .text.__retarget_lock_release_recursive
                0x000000000800abe0        0x2 d:/stm32cubeide_1.10.1/stm32cubeide/plugins/com.st.stm32cube.ide.mcu.externaltools.gnu-tools-for-stm32.10.3-2021.10.win32_1.0.100.202210260954/tools/bin/../lib/gcc/arm-none-eabi/10.3.1/../../../../arm-none-eabi/lib/thumb/v7e-m+fp/hard\libc_nano.a(lib_a-lock.o)
                0x000000000800abe0                __retarget_lock_release_recursive
 .text.__ascii_mbtowc
                0x000000000800abe2       0x24 d:/stm32cubeide_1.10.1/stm32cubeide/plugins/com.st.stm32cube.ide.mcu.externaltools.gnu-tools-for-stm32.10.3-2021.10.win32_1.0.100.202210260954/tools/bin/../lib/gcc/arm-none-eabi/10.3.1/../../../../arm-none-eabi/lib/thumb/v7e-m+fp/hard\libc_nano.a(lib_a-mbtowc_r.o)
                0x000000000800abe2                __ascii_mbtowc
 .text.memmove  0x000000000800ac06       0x34 d:/stm32cubeide_1.10.1/stm32cubeide/plugins/com.st.stm32cube.ide.mcu.externaltools.gnu-tools-for-stm32.10.3-2021.10.win32_1.0.100.202210260954/tools/bin/../lib/gcc/arm-none-eabi/10.3.1/../../../../arm-none-eabi/lib/thumb/v7e-m+fp/hard\libc_nano.a(lib_a-memmove.o)
                0x000000000800ac06                memmove
 .text._malloc_usable_size_r
                0x000000000800ac3a       0x10 d:/stm32cubeide_1.10.1/stm32cubeide/plugins/com.st.stm32cube.ide.mcu.externaltools.gnu-tools-for-stm32.10.3-2021.10.win32_1.0.100.202210260954/tools/bin/../lib/gcc/arm-none-eabi/10.3.1/../../../../arm-none-eabi/lib/thumb/v7e-m+fp/hard\libc_nano.a(lib_a-nano-msizer.o)
                0x000000000800ac3a                _malloc_usable_size_r
 .text.__sfputc_r
                0x000000000800ac4a       0x2e d:/stm32cubeide_1.10.1/stm32cubeide/plugins/com.st.stm32cube.ide.mcu.externaltools.gnu-tools-for-stm32.10.3-2021.10.win32_1.0.100.202210260954/tools/bin/../lib/gcc/arm-none-eabi/10.3.1/../../../../arm-none-eabi/lib/thumb/v7e-m+fp/hard\libc_nano.a(lib_a-nano-vfprintf.o)
 .text.__sfputs_r
                0x000000000800ac78       0x24 d:/stm32cubeide_1.10.1/stm32cubeide/plugins/com.st.stm32cube.ide.mcu.externaltools.gnu-tools-for-stm32.10.3-2021.10.win32_1.0.100.202210260954/tools/bin/../lib/gcc/arm-none-eabi/10.3.1/../../../../arm-none-eabi/lib/thumb/v7e-m+fp/hard\libc_nano.a(lib_a-nano-vfprintf.o)
                0x000000000800ac78                __sfputs_r
 .text._vfprintf_r
                0x000000000800ac9c      0x260 d:/stm32cubeide_1.10.1/stm32cubeide/plugins/com.st.stm32cube.ide.mcu.externaltools.gnu-tools-for-stm32.10.3-2021.10.win32_1.0.100.202210260954/tools/bin/../lib/gcc/arm-none-eabi/10.3.1/../../../../arm-none-eabi/lib/thumb/v7e-m+fp/hard\libc_nano.a(lib_a-nano-vfprintf.o)
                0x000000000800ac9c                _vfprintf_r
                0x000000000800ac9c                _vfiprintf_r
 .text.__swbuf_r
                0x000000000800aefc       0xa4 d:/stm32cubeide_1.10.1/stm32cubeide/plugins/com.st.stm32cube.ide.mcu.externaltools.gnu-tools-for-stm32.10.3-2021.10.win32_1.0.100.202210260954/tools/bin/../lib/gcc/arm-none-eabi/10.3.1/../../../../arm-none-eabi/lib/thumb/v7e-m+fp/hard\libc_nano.a(lib_a-wbuf.o)
                0x000000000800aefc                __swbuf_r
 .text.__ascii_wctomb
                0x000000000800afa0       0x1a d:/stm32cubeide_1.10.1/stm32cubeide/plugins/com.st.stm32cube.ide.mcu.externaltools.gnu-tools-for-stm32.10.3-2021.10.win32_1.0.100.202210260954/tools/bin/../lib/gcc/arm-none-eabi/10.3.1/../../../../arm-none-eabi/lib/thumb/v7e-m+fp/hard\libc_nano.a(lib_a-wctomb_r.o)
                0x000000000800afa0                __ascii_wctomb
 *fill*         0x000000000800afba        0x2 
 .text.__swsetup_r
                0x000000000800afbc       0xdc d:/stm32cubeide_1.10.1/stm32cubeide/plugins/com.st.stm32cube.ide.mcu.externaltools.gnu-tools-for-stm32.10.3-2021.10.win32_1.0.100.202210260954/tools/bin/../lib/gcc/arm-none-eabi/10.3.1/../../../../arm-none-eabi/lib/thumb/v7e-m+fp/hard\libc_nano.a(lib_a-wsetup.o)
                0x000000000800afbc                __swsetup_r
 .text.abort    0x000000000800b098        0xe d:/stm32cubeide_1.10.1/stm32cubeide/plugins/com.st.stm32cube.ide.mcu.externaltools.gnu-tools-for-stm32.10.3-2021.10.win32_1.0.100.202210260954/tools/bin/../lib/gcc/arm-none-eabi/10.3.1/../../../../arm-none-eabi/lib/thumb/v7e-m+fp/hard\libc_nano.a(lib_a-abort.o)
                0x000000000800b098                abort
 *fill*         0x000000000800b0a6        0x2 
 .text.__sflush_r
                0x000000000800b0a8      0x10c d:/stm32cubeide_1.10.1/stm32cubeide/plugins/com.st.stm32cube.ide.mcu.externaltools.gnu-tools-for-stm32.10.3-2021.10.win32_1.0.100.202210260954/tools/bin/../lib/gcc/arm-none-eabi/10.3.1/../../../../arm-none-eabi/lib/thumb/v7e-m+fp/hard\libc_nano.a(lib_a-fflush.o)
                0x000000000800b0a8                __sflush_r
 .text._fflush_r
                0x000000000800b1b4       0x78 d:/stm32cubeide_1.10.1/stm32cubeide/plugins/com.st.stm32cube.ide.mcu.externaltools.gnu-tools-for-stm32.10.3-2021.10.win32_1.0.100.202210260954/tools/bin/../lib/gcc/arm-none-eabi/10.3.1/../../../../arm-none-eabi/lib/thumb/v7e-m+fp/hard\libc_nano.a(lib_a-fflush.o)
                0x000000000800b1b4                _fflush_r
 .text.std      0x000000000800b22c       0x48 d:/stm32cubeide_1.10.1/stm32cubeide/plugins/com.st.stm32cube.ide.mcu.externaltools.gnu-tools-for-stm32.10.3-2021.10.win32_1.0.100.202210260954/tools/bin/../lib/gcc/arm-none-eabi/10.3.1/../../../../arm-none-eabi/lib/thumb/v7e-m+fp/hard\libc_nano.a(lib_a-findfp.o)
 .text._cleanup_r
                0x000000000800b274        0xc d:/stm32cubeide_1.10.1/stm32cubeide/plugins/com.st.stm32cube.ide.mcu.externaltools.gnu-tools-for-stm32.10.3-2021.10.win32_1.0.100.202210260954/tools/bin/../lib/gcc/arm-none-eabi/10.3.1/../../../../arm-none-eabi/lib/thumb/v7e-m+fp/hard\libc_nano.a(lib_a-findfp.o)
                0x000000000800b274                _cleanup_r
 .text.__sfmoreglue
                0x000000000800b280       0x2c d:/stm32cubeide_1.10.1/stm32cubeide/plugins/com.st.stm32cube.ide.mcu.externaltools.gnu-tools-for-stm32.10.3-2021.10.win32_1.0.100.202210260954/tools/bin/../lib/gcc/arm-none-eabi/10.3.1/../../../../arm-none-eabi/lib/thumb/v7e-m+fp/hard\libc_nano.a(lib_a-findfp.o)
                0x000000000800b280                __sfmoreglue
 .text.__sfp_lock_acquire
                0x000000000800b2ac        0xc d:/stm32cubeide_1.10.1/stm32cubeide/plugins/com.st.stm32cube.ide.mcu.externaltools.gnu-tools-for-stm32.10.3-2021.10.win32_1.0.100.202210260954/tools/bin/../lib/gcc/arm-none-eabi/10.3.1/../../../../arm-none-eabi/lib/thumb/v7e-m+fp/hard\libc_nano.a(lib_a-findfp.o)
                0x000000000800b2ac                __sfp_lock_acquire
 .text.__sfp_lock_release
                0x000000000800b2b8        0xc d:/stm32cubeide_1.10.1/stm32cubeide/plugins/com.st.stm32cube.ide.mcu.externaltools.gnu-tools-for-stm32.10.3-2021.10.win32_1.0.100.202210260954/tools/bin/../lib/gcc/arm-none-eabi/10.3.1/../../../../arm-none-eabi/lib/thumb/v7e-m+fp/hard\libc_nano.a(lib_a-findfp.o)
                0x000000000800b2b8                __sfp_lock_release
 .text.__sinit_lock_acquire
                0x000000000800b2c4        0xc d:/stm32cubeide_1.10.1/stm32cubeide/plugins/com.st.stm32cube.ide.mcu.externaltools.gnu-tools-for-stm32.10.3-2021.10.win32_1.0.100.202210260954/tools/bin/../lib/gcc/arm-none-eabi/10.3.1/../../../../arm-none-eabi/lib/thumb/v7e-m+fp/hard\libc_nano.a(lib_a-findfp.o)
                0x000000000800b2c4                __sinit_lock_acquire
 .text.__sinit_lock_release
                0x000000000800b2d0        0xc d:/stm32cubeide_1.10.1/stm32cubeide/plugins/com.st.stm32cube.ide.mcu.externaltools.gnu-tools-for-stm32.10.3-2021.10.win32_1.0.100.202210260954/tools/bin/../lib/gcc/arm-none-eabi/10.3.1/../../../../arm-none-eabi/lib/thumb/v7e-m+fp/hard\libc_nano.a(lib_a-findfp.o)
                0x000000000800b2d0                __sinit_lock_release
 .text.__sinit  0x000000000800b2dc       0x70 d:/stm32cubeide_1.10.1/stm32cubeide/plugins/com.st.stm32cube.ide.mcu.externaltools.gnu-tools-for-stm32.10.3-2021.10.win32_1.0.100.202210260954/tools/bin/../lib/gcc/arm-none-eabi/10.3.1/../../../../arm-none-eabi/lib/thumb/v7e-m+fp/hard\libc_nano.a(lib_a-findfp.o)
                0x000000000800b2dc                __sinit
 .text.__sfp    0x000000000800b34c       0x8c d:/stm32cubeide_1.10.1/stm32cubeide/plugins/com.st.stm32cube.ide.mcu.externaltools.gnu-tools-for-stm32.10.3-2021.10.win32_1.0.100.202210260954/tools/bin/../lib/gcc/arm-none-eabi/10.3.1/../../../../arm-none-eabi/lib/thumb/v7e-m+fp/hard\libc_nano.a(lib_a-findfp.o)
                0x000000000800b34c                __sfp
 .text._fwalk_reent
                0x000000000800b3d8       0x3e d:/stm32cubeide_1.10.1/stm32cubeide/plugins/com.st.stm32cube.ide.mcu.externaltools.gnu-tools-for-stm32.10.3-2021.10.win32_1.0.100.202210260954/tools/bin/../lib/gcc/arm-none-eabi/10.3.1/../../../../arm-none-eabi/lib/thumb/v7e-m+fp/hard\libc_nano.a(lib_a-fwalk.o)
                0x000000000800b3d8                _fwalk_reent
 .text.__swhatbuf_r
                0x000000000800b416       0x4a d:/stm32cubeide_1.10.1/stm32cubeide/plugins/com.st.stm32cube.ide.mcu.externaltools.gnu-tools-for-stm32.10.3-2021.10.win32_1.0.100.202210260954/tools/bin/../lib/gcc/arm-none-eabi/10.3.1/../../../../arm-none-eabi/lib/thumb/v7e-m+fp/hard\libc_nano.a(lib_a-makebuf.o)
                0x000000000800b416                __swhatbuf_r
 .text.__smakebuf_r
                0x000000000800b460       0x80 d:/stm32cubeide_1.10.1/stm32cubeide/plugins/com.st.stm32cube.ide.mcu.externaltools.gnu-tools-for-stm32.10.3-2021.10.win32_1.0.100.202210260954/tools/bin/../lib/gcc/arm-none-eabi/10.3.1/../../../../arm-none-eabi/lib/thumb/v7e-m+fp/hard\libc_nano.a(lib_a-makebuf.o)
                0x000000000800b460                __smakebuf_r
 .text._raise_r
                0x000000000800b4e0       0x50 d:/stm32cubeide_1.10.1/stm32cubeide/plugins/com.st.stm32cube.ide.mcu.externaltools.gnu-tools-for-stm32.10.3-2021.10.win32_1.0.100.202210260954/tools/bin/../lib/gcc/arm-none-eabi/10.3.1/../../../../arm-none-eabi/lib/thumb/v7e-m+fp/hard\libc_nano.a(lib_a-signal.o)
                0x000000000800b4e0                _raise_r
 .text.raise    0x000000000800b530       0x10 d:/stm32cubeide_1.10.1/stm32cubeide/plugins/com.st.stm32cube.ide.mcu.externaltools.gnu-tools-for-stm32.10.3-2021.10.win32_1.0.100.202210260954/tools/bin/../lib/gcc/arm-none-eabi/10.3.1/../../../../arm-none-eabi/lib/thumb/v7e-m+fp/hard\libc_nano.a(lib_a-signal.o)
                0x000000000800b530                raise
 .text._kill_r  0x000000000800b540       0x24 d:/stm32cubeide_1.10.1/stm32cubeide/plugins/com.st.stm32cube.ide.mcu.externaltools.gnu-tools-for-stm32.10.3-2021.10.win32_1.0.100.202210260954/tools/bin/../lib/gcc/arm-none-eabi/10.3.1/../../../../arm-none-eabi/lib/thumb/v7e-m+fp/hard\libc_nano.a(lib_a-signalr.o)
                0x000000000800b540                _kill_r
 .text._getpid_r
                0x000000000800b564        0x4 d:/stm32cubeide_1.10.1/stm32cubeide/plugins/com.st.stm32cube.ide.mcu.externaltools.gnu-tools-for-stm32.10.3-2021.10.win32_1.0.100.202210260954/tools/bin/../lib/gcc/arm-none-eabi/10.3.1/../../../../arm-none-eabi/lib/thumb/v7e-m+fp/hard\libc_nano.a(lib_a-signalr.o)
                0x000000000800b564                _getpid_r
 .text.__sread  0x000000000800b568       0x22 d:/stm32cubeide_1.10.1/stm32cubeide/plugins/com.st.stm32cube.ide.mcu.externaltools.gnu-tools-for-stm32.10.3-2021.10.win32_1.0.100.202210260954/tools/bin/../lib/gcc/arm-none-eabi/10.3.1/../../../../arm-none-eabi/lib/thumb/v7e-m+fp/hard\libc_nano.a(lib_a-stdio.o)
                0x000000000800b568                __sread
 .text.__swrite
                0x000000000800b58a       0x38 d:/stm32cubeide_1.10.1/stm32cubeide/plugins/com.st.stm32cube.ide.mcu.externaltools.gnu-tools-for-stm32.10.3-2021.10.win32_1.0.100.202210260954/tools/bin/../lib/gcc/arm-none-eabi/10.3.1/../../../../arm-none-eabi/lib/thumb/v7e-m+fp/hard\libc_nano.a(lib_a-stdio.o)
                0x000000000800b58a                __swrite
 .text.__sseek  0x000000000800b5c2       0x24 d:/stm32cubeide_1.10.1/stm32cubeide/plugins/com.st.stm32cube.ide.mcu.externaltools.gnu-tools-for-stm32.10.3-2021.10.win32_1.0.100.202210260954/tools/bin/../lib/gcc/arm-none-eabi/10.3.1/../../../../arm-none-eabi/lib/thumb/v7e-m+fp/hard\libc_nano.a(lib_a-stdio.o)
                0x000000000800b5c2                __sseek
 .text.__sclose
                0x000000000800b5e6        0x8 d:/stm32cubeide_1.10.1/stm32cubeide/plugins/com.st.stm32cube.ide.mcu.externaltools.gnu-tools-for-stm32.10.3-2021.10.win32_1.0.100.202210260954/tools/bin/../lib/gcc/arm-none-eabi/10.3.1/../../../../arm-none-eabi/lib/thumb/v7e-m+fp/hard\libc_nano.a(lib_a-stdio.o)
                0x000000000800b5e6                __sclose
 *fill*         0x000000000800b5ee        0x2 
 .text._write_r
                0x000000000800b5f0       0x24 d:/stm32cubeide_1.10.1/stm32cubeide/plugins/com.st.stm32cube.ide.mcu.externaltools.gnu-tools-for-stm32.10.3-2021.10.win32_1.0.100.202210260954/tools/bin/../lib/gcc/arm-none-eabi/10.3.1/../../../../arm-none-eabi/lib/thumb/v7e-m+fp/hard\libc_nano.a(lib_a-writer.o)
                0x000000000800b5f0                _write_r
 .text._close_r
                0x000000000800b614       0x20 d:/stm32cubeide_1.10.1/stm32cubeide/plugins/com.st.stm32cube.ide.mcu.externaltools.gnu-tools-for-stm32.10.3-2021.10.win32_1.0.100.202210260954/tools/bin/../lib/gcc/arm-none-eabi/10.3.1/../../../../arm-none-eabi/lib/thumb/v7e-m+fp/hard\libc_nano.a(lib_a-closer.o)
                0x000000000800b614                _close_r
 .text._fstat_r
                0x000000000800b634       0x24 d:/stm32cubeide_1.10.1/stm32cubeide/plugins/com.st.stm32cube.ide.mcu.externaltools.gnu-tools-for-stm32.10.3-2021.10.win32_1.0.100.202210260954/tools/bin/../lib/gcc/arm-none-eabi/10.3.1/../../../../arm-none-eabi/lib/thumb/v7e-m+fp/hard\libc_nano.a(lib_a-fstatr.o)
                0x000000000800b634                _fstat_r
 .text._isatty_r
                0x000000000800b658       0x20 d:/stm32cubeide_1.10.1/stm32cubeide/plugins/com.st.stm32cube.ide.mcu.externaltools.gnu-tools-for-stm32.10.3-2021.10.win32_1.0.100.202210260954/tools/bin/../lib/gcc/arm-none-eabi/10.3.1/../../../../arm-none-eabi/lib/thumb/v7e-m+fp/hard\libc_nano.a(lib_a-isattyr.o)
                0x000000000800b658                _isatty_r
 .text._lseek_r
                0x000000000800b678       0x24 d:/stm32cubeide_1.10.1/stm32cubeide/plugins/com.st.stm32cube.ide.mcu.externaltools.gnu-tools-for-stm32.10.3-2021.10.win32_1.0.100.202210260954/tools/bin/../lib/gcc/arm-none-eabi/10.3.1/../../../../arm-none-eabi/lib/thumb/v7e-m+fp/hard\libc_nano.a(lib_a-lseekr.o)
                0x000000000800b678                _lseek_r
 .text._read_r  0x000000000800b69c       0x24 d:/stm32cubeide_1.10.1/stm32cubeide/plugins/com.st.stm32cube.ide.mcu.externaltools.gnu-tools-for-stm32.10.3-2021.10.win32_1.0.100.202210260954/tools/bin/../lib/gcc/arm-none-eabi/10.3.1/../../../../arm-none-eabi/lib/thumb/v7e-m+fp/hard\libc_nano.a(lib_a-readr.o)
                0x000000000800b69c                _read_r
 .text.expf     0x000000000800b6c0       0x6c d:/stm32cubeide_1.10.1/stm32cubeide/plugins/com.st.stm32cube.ide.mcu.externaltools.gnu-tools-for-stm32.10.3-2021.10.win32_1.0.100.202210260954/tools/bin/../lib/gcc/arm-none-eabi/10.3.1/../../../../arm-none-eabi/lib/thumb/v7e-m+fp/hard\libm.a(lib_a-wf_exp.o)
                0x000000000800b6c0                expf
 .text.sqrtf    0x000000000800b72c       0x3c d:/stm32cubeide_1.10.1/stm32cubeide/plugins/com.st.stm32cube.ide.mcu.externaltools.gnu-tools-for-stm32.10.3-2021.10.win32_1.0.100.202210260954/tools/bin/../lib/gcc/arm-none-eabi/10.3.1/../../../../arm-none-eabi/lib/thumb/v7e-m+fp/hard\libm.a(lib_a-wf_sqrt.o)
                0x000000000800b72c                sqrtf
 .text.__ieee754_expf
                0x000000000800b768      0x19c d:/stm32cubeide_1.10.1/stm32cubeide/plugins/com.st.stm32cube.ide.mcu.externaltools.gnu-tools-for-stm32.10.3-2021.10.win32_1.0.100.202210260954/tools/bin/../lib/gcc/arm-none-eabi/10.3.1/../../../../arm-none-eabi/lib/thumb/v7e-m+fp/hard\libm.a(lib_a-ef_exp.o)
                0x000000000800b768                __ieee754_expf
 .text.__ieee754_sqrtf
                0x000000000800b904        0x6 d:/stm32cubeide_1.10.1/stm32cubeide/plugins/com.st.stm32cube.ide.mcu.externaltools.gnu-tools-for-stm32.10.3-2021.10.win32_1.0.100.202210260954/tools/bin/../lib/gcc/arm-none-eabi/10.3.1/../../../../arm-none-eabi/lib/thumb/v7e-m+fp/hard\libm.a(lib_a-ef_sqrt.o)
                0x000000000800b904                __ieee754_sqrtf
 .text.with_errnof
                0x000000000800b90a       0x16 d:/stm32cubeide_1.10.1/stm32cubeide/plugins/com.st.stm32cube.ide.mcu.externaltools.gnu-tools-for-stm32.10.3-2021.10.win32_1.0.100.202210260954/tools/bin/../lib/gcc/arm-none-eabi/10.3.1/../../../../arm-none-eabi/lib/thumb/v7e-m+fp/hard\libm.a(lib_a-math_errf.o)
 .text.xflowf   0x000000000800b920       0x16 d:/stm32cubeide_1.10.1/stm32cubeide/plugins/com.st.stm32cube.ide.mcu.externaltools.gnu-tools-for-stm32.10.3-2021.10.win32_1.0.100.202210260954/tools/bin/../lib/gcc/arm-none-eabi/10.3.1/../../../../arm-none-eabi/lib/thumb/v7e-m+fp/hard\libm.a(lib_a-math_errf.o)
 *fill*         0x000000000800b936        0x2 
 .text.__math_uflowf
                0x000000000800b938        0xc d:/stm32cubeide_1.10.1/stm32cubeide/plugins/com.st.stm32cube.ide.mcu.externaltools.gnu-tools-for-stm32.10.3-2021.10.win32_1.0.100.202210260954/tools/bin/../lib/gcc/arm-none-eabi/10.3.1/../../../../arm-none-eabi/lib/thumb/v7e-m+fp/hard\libm.a(lib_a-math_errf.o)
                0x000000000800b938                __math_uflowf
 .text.__math_oflowf
                0x000000000800b944        0xc d:/stm32cubeide_1.10.1/stm32cubeide/plugins/com.st.stm32cube.ide.mcu.externaltools.gnu-tools-for-stm32.10.3-2021.10.win32_1.0.100.202210260954/tools/bin/../lib/gcc/arm-none-eabi/10.3.1/../../../../arm-none-eabi/lib/thumb/v7e-m+fp/hard\libm.a(lib_a-math_errf.o)
                0x000000000800b944                __math_oflowf
 .text.finitef  0x000000000800b950       0x1a d:/stm32cubeide_1.10.1/stm32cubeide/plugins/com.st.stm32cube.ide.mcu.externaltools.gnu-tools-for-stm32.10.3-2021.10.win32_1.0.100.202210260954/tools/bin/../lib/gcc/arm-none-eabi/10.3.1/../../../../arm-none-eabi/lib/thumb/v7e-m+fp/hard\libm.a(lib_a-sf_finite.o)
                0x000000000800b950                finitef
 *(.glue_7)
 .glue_7        0x000000000800b96a        0x0 linker stubs
 *(.glue_7t)
 .glue_7t       0x000000000800b96a        0x0 linker stubs
 *(.eh_frame)
 *fill*         0x000000000800b96a        0x2 
 .eh_frame      0x000000000800b96c        0x0 d:/stm32cubeide_1.10.1/stm32cubeide/plugins/com.st.stm32cube.ide.mcu.externaltools.gnu-tools-for-stm32.10.3-2021.10.win32_1.0.100.202210260954/tools/bin/../lib/gcc/arm-none-eabi/10.3.1/thumb/v7e-m+fp/hard/crtbegin.o
 *(.init)
 .init          0x000000000800b96c        0x4 d:/stm32cubeide_1.10.1/stm32cubeide/plugins/com.st.stm32cube.ide.mcu.externaltools.gnu-tools-for-stm32.10.3-2021.10.win32_1.0.100.202210260954/tools/bin/../lib/gcc/arm-none-eabi/10.3.1/thumb/v7e-m+fp/hard/crti.o
                0x000000000800b96c                _init
 .init          0x000000000800b970        0x8 d:/stm32cubeide_1.10.1/stm32cubeide/plugins/com.st.stm32cube.ide.mcu.externaltools.gnu-tools-for-stm32.10.3-2021.10.win32_1.0.100.202210260954/tools/bin/../lib/gcc/arm-none-eabi/10.3.1/thumb/v7e-m+fp/hard/crtn.o
 *(.fini)
 .fini          0x000000000800b978        0x4 d:/stm32cubeide_1.10.1/stm32cubeide/plugins/com.st.stm32cube.ide.mcu.externaltools.gnu-tools-for-stm32.10.3-2021.10.win32_1.0.100.202210260954/tools/bin/../lib/gcc/arm-none-eabi/10.3.1/thumb/v7e-m+fp/hard/crti.o
                0x000000000800b978                _fini
 .fini          0x000000000800b97c        0x8 d:/stm32cubeide_1.10.1/stm32cubeide/plugins/com.st.stm32cube.ide.mcu.externaltools.gnu-tools-for-stm32.10.3-2021.10.win32_1.0.100.202210260954/tools/bin/../lib/gcc/arm-none-eabi/10.3.1/thumb/v7e-m+fp/hard/crtn.o
                0x000000000800b984                . = ALIGN (0x4)
                0x000000000800b984                _etext = .

.vfp11_veneer   0x000000000800b984        0x0
 .vfp11_veneer  0x000000000800b984        0x0 linker stubs

.v4_bx          0x000000000800b984        0x0
 .v4_bx         0x000000000800b984        0x0 linker stubs

.iplt           0x000000000800b984        0x0
 .iplt          0x000000000800b984        0x0 d:/stm32cubeide_1.10.1/stm32cubeide/plugins/com.st.stm32cube.ide.mcu.externaltools.gnu-tools-for-stm32.10.3-2021.10.win32_1.0.100.202210260954/tools/bin/../lib/gcc/arm-none-eabi/10.3.1/thumb/v7e-m+fp/hard/crtbegin.o

.rodata         0x000000000800b9a0     0x9b4c
                0x000000000800b9a0                . = ALIGN (0x4)
 *(.rodata)
 .rodata        0x000000000800b9a0       0xd4 ./Core/Src/main.o
 .rodata        0x000000000800ba74        0x4 ../Middlewares/ST/AI/Lib\NetworkRuntime600_CM4_GCC.a(layers.o)
 *(.rodata*)
 .rodata.AHBPrescTable
                0x000000000800ba78       0x10 ./Core/Src/system_stm32f4xx.o
                0x000000000800ba78                AHBPrescTable
 .rodata.APBPrescTable
                0x000000000800ba88        0x8 ./Core/Src/system_stm32f4xx.o
                0x000000000800ba88                APBPrescTable
 .rodata.flagBitshiftOffset.0
                0x000000000800ba90        0x8 ./Drivers/STM32F4xx_HAL_Driver/Src/stm32f4xx_hal_dma.o
 .rodata.dense_0_chain
                0x000000000800ba98        0x8 ./X-CUBE-AI/App/network.o
 .rodata.nl_0_nl_chain
                0x000000000800baa0        0x8 ./X-CUBE-AI/App/network.o
 .rodata.dense_1_chain
                0x000000000800baa8        0x8 ./X-CUBE-AI/App/network.o
 .rodata.nl_1_nl_chain
                0x000000000800bab0        0x8 ./X-CUBE-AI/App/network.o
 .rodata.dense_2_chain
                0x000000000800bab8        0x8 ./X-CUBE-AI/App/network.o
 .rodata.nl_3_chain
                0x000000000800bac0        0x8 ./X-CUBE-AI/App/network.o
 *fill*         0x000000000800bac8       0x18 
 .rodata.s_network_weights.0
                0x000000000800bae0      0xe1c ./X-CUBE-AI/App/network_data.o
 .rodata.armBitRevTable
                0x000000000800c8fc      0x800 ../Middlewares/ST/ARM/DSP/Lib\libarm_cortexM4lf_math.a(arm_common_tables.o)
                0x000000000800c8fc                armBitRevTable
 .rodata.twiddleCoef_4096
                0x000000000800d0fc     0x8000 ../Middlewares/ST/ARM/DSP/Lib\libarm_cortexM4lf_math.a(arm_common_tables.o)
                0x000000000800d0fc                twiddleCoef_4096
 .rodata._global_impure_ptr
                0x00000000080150fc        0x4 d:/stm32cubeide_1.10.1/stm32cubeide/plugins/com.st.stm32cube.ide.mcu.externaltools.gnu-tools-for-stm32.10.3-2021.10.win32_1.0.100.202210260954/tools/bin/../lib/gcc/arm-none-eabi/10.3.1/../../../../arm-none-eabi/lib/thumb/v7e-m+fp/hard\libc_nano.a(lib_a-impure.o)
                0x00000000080150fc                _global_impure_ptr
 .rodata._printf_float.str1.1
                0x0000000008015100       0x12 d:/stm32cubeide_1.10.1/stm32cubeide/plugins/com.st.stm32cube.ide.mcu.externaltools.gnu-tools-for-stm32.10.3-2021.10.win32_1.0.100.202210260954/tools/bin/../lib/gcc/arm-none-eabi/10.3.1/../../../../arm-none-eabi/lib/thumb/v7e-m+fp/hard\libc_nano.a(lib_a-nano-vfprintf_float.o)
 .rodata._printf_i.str1.1
                0x0000000008015112       0x22 d:/stm32cubeide_1.10.1/stm32cubeide/plugins/com.st.stm32cube.ide.mcu.externaltools.gnu-tools-for-stm32.10.3-2021.10.win32_1.0.100.202210260954/tools/bin/../lib/gcc/arm-none-eabi/10.3.1/../../../../arm-none-eabi/lib/thumb/v7e-m+fp/hard\libc_nano.a(lib_a-nano-vfprintf_i.o)
 .rodata._dtoa_r.str1.1
                0x0000000008015134       0x90 d:/stm32cubeide_1.10.1/stm32cubeide/plugins/com.st.stm32cube.ide.mcu.externaltools.gnu-tools-for-stm32.10.3-2021.10.win32_1.0.100.202210260954/tools/bin/../lib/gcc/arm-none-eabi/10.3.1/../../../../arm-none-eabi/lib/thumb/v7e-m+fp/hard\libc_nano.a(lib_a-dtoa.o)
                                         0x92 (size before relaxing)
 .rodata._Balloc.str1.1
                0x00000000080151c4       0x5c d:/stm32cubeide_1.10.1/stm32cubeide/plugins/com.st.stm32cube.ide.mcu.externaltools.gnu-tools-for-stm32.10.3-2021.10.win32_1.0.100.202210260954/tools/bin/../lib/gcc/arm-none-eabi/10.3.1/../../../../arm-none-eabi/lib/thumb/v7e-m+fp/hard\libc_nano.a(lib_a-mprec.o)
                                         0x73 (size before relaxing)
 .rodata.__multadd.str1.1
                0x0000000008015220       0x11 d:/stm32cubeide_1.10.1/stm32cubeide/plugins/com.st.stm32cube.ide.mcu.externaltools.gnu-tools-for-stm32.10.3-2021.10.win32_1.0.100.202210260954/tools/bin/../lib/gcc/arm-none-eabi/10.3.1/../../../../arm-none-eabi/lib/thumb/v7e-m+fp/hard\libc_nano.a(lib_a-mprec.o)
 .rodata.__mprec_bigtens
                0x0000000008015220       0x28 d:/stm32cubeide_1.10.1/stm32cubeide/plugins/com.st.stm32cube.ide.mcu.externaltools.gnu-tools-for-stm32.10.3-2021.10.win32_1.0.100.202210260954/tools/bin/../lib/gcc/arm-none-eabi/10.3.1/../../../../arm-none-eabi/lib/thumb/v7e-m+fp/hard\libc_nano.a(lib_a-mprec.o)
                0x0000000008015220                __mprec_bigtens
 .rodata.__mprec_tens
                0x0000000008015248       0xc8 d:/stm32cubeide_1.10.1/stm32cubeide/plugins/com.st.stm32cube.ide.mcu.externaltools.gnu-tools-for-stm32.10.3-2021.10.win32_1.0.100.202210260954/tools/bin/../lib/gcc/arm-none-eabi/10.3.1/../../../../arm-none-eabi/lib/thumb/v7e-m+fp/hard\libc_nano.a(lib_a-mprec.o)
                0x0000000008015248                __mprec_tens
 .rodata.p05.0  0x0000000008015310        0xc d:/stm32cubeide_1.10.1/stm32cubeide/plugins/com.st.stm32cube.ide.mcu.externaltools.gnu-tools-for-stm32.10.3-2021.10.win32_1.0.100.202210260954/tools/bin/../lib/gcc/arm-none-eabi/10.3.1/../../../../arm-none-eabi/lib/thumb/v7e-m+fp/hard\libc_nano.a(lib_a-mprec.o)
 .rodata._svfprintf_r.str1.1
                0x000000000801531c       0x11 d:/stm32cubeide_1.10.1/stm32cubeide/plugins/com.st.stm32cube.ide.mcu.externaltools.gnu-tools-for-stm32.10.3-2021.10.win32_1.0.100.202210260954/tools/bin/../lib/gcc/arm-none-eabi/10.3.1/../../../../arm-none-eabi/lib/thumb/v7e-m+fp/hard\libc_nano.a(lib_a-nano-svfprintf.o)
 .rodata.__assert_func.str1.1
                0x000000000801532d       0x3c d:/stm32cubeide_1.10.1/stm32cubeide/plugins/com.st.stm32cube.ide.mcu.externaltools.gnu-tools-for-stm32.10.3-2021.10.win32_1.0.100.202210260954/tools/bin/../lib/gcc/arm-none-eabi/10.3.1/../../../../arm-none-eabi/lib/thumb/v7e-m+fp/hard\libc_nano.a(lib_a-assert.o)
                                         0x3d (size before relaxing)
 .rodata._setlocale_r.str1.1
                0x0000000008015369        0x8 d:/stm32cubeide_1.10.1/stm32cubeide/plugins/com.st.stm32cube.ide.mcu.externaltools.gnu-tools-for-stm32.10.3-2021.10.win32_1.0.100.202210260954/tools/bin/../lib/gcc/arm-none-eabi/10.3.1/../../../../arm-none-eabi/lib/thumb/v7e-m+fp/hard\libc_nano.a(lib_a-locale.o)
                                          0x9 (size before relaxing)
 .rodata.str1.1
                0x0000000008015371        0x2 d:/stm32cubeide_1.10.1/stm32cubeide/plugins/com.st.stm32cube.ide.mcu.externaltools.gnu-tools-for-stm32.10.3-2021.10.win32_1.0.100.202210260954/tools/bin/../lib/gcc/arm-none-eabi/10.3.1/../../../../arm-none-eabi/lib/thumb/v7e-m+fp/hard\libc_nano.a(lib_a-locale.o)
 .rodata._vfprintf_r.str1.1
                0x0000000008015373       0x11 d:/stm32cubeide_1.10.1/stm32cubeide/plugins/com.st.stm32cube.ide.mcu.externaltools.gnu-tools-for-stm32.10.3-2021.10.win32_1.0.100.202210260954/tools/bin/../lib/gcc/arm-none-eabi/10.3.1/../../../../arm-none-eabi/lib/thumb/v7e-m+fp/hard\libc_nano.a(lib_a-nano-vfprintf.o)
 .rodata._ctype_
                0x0000000008015373      0x101 d:/stm32cubeide_1.10.1/stm32cubeide/plugins/com.st.stm32cube.ide.mcu.externaltools.gnu-tools-for-stm32.10.3-2021.10.win32_1.0.100.202210260954/tools/bin/../lib/gcc/arm-none-eabi/10.3.1/../../../../arm-none-eabi/lib/thumb/v7e-m+fp/hard\libc_nano.a(lib_a-ctype_.o)
                0x0000000008015373                _ctype_
 .rodata.__sf_fake_stderr
                0x0000000008015474       0x20 d:/stm32cubeide_1.10.1/stm32cubeide/plugins/com.st.stm32cube.ide.mcu.externaltools.gnu-tools-for-stm32.10.3-2021.10.win32_1.0.100.202210260954/tools/bin/../lib/gcc/arm-none-eabi/10.3.1/../../../../arm-none-eabi/lib/thumb/v7e-m+fp/hard\libc_nano.a(lib_a-findfp.o)
                0x0000000008015474                __sf_fake_stderr
 .rodata.__sf_fake_stdin
                0x0000000008015494       0x20 d:/stm32cubeide_1.10.1/stm32cubeide/plugins/com.st.stm32cube.ide.mcu.externaltools.gnu-tools-for-stm32.10.3-2021.10.win32_1.0.100.202210260954/tools/bin/../lib/gcc/arm-none-eabi/10.3.1/../../../../arm-none-eabi/lib/thumb/v7e-m+fp/hard\libc_nano.a(lib_a-findfp.o)
                0x0000000008015494                __sf_fake_stdin
 .rodata.__sf_fake_stdout
                0x00000000080154b4       0x20 d:/stm32cubeide_1.10.1/stm32cubeide/plugins/com.st.stm32cube.ide.mcu.externaltools.gnu-tools-for-stm32.10.3-2021.10.win32_1.0.100.202210260954/tools/bin/../lib/gcc/arm-none-eabi/10.3.1/../../../../arm-none-eabi/lib/thumb/v7e-m+fp/hard\libc_nano.a(lib_a-findfp.o)
                0x00000000080154b4                __sf_fake_stdout
 .rodata.halF   0x00000000080154d4        0x8 d:/stm32cubeide_1.10.1/stm32cubeide/plugins/com.st.stm32cube.ide.mcu.externaltools.gnu-tools-for-stm32.10.3-2021.10.win32_1.0.100.202210260954/tools/bin/../lib/gcc/arm-none-eabi/10.3.1/../../../../arm-none-eabi/lib/thumb/v7e-m+fp/hard\libm.a(lib_a-ef_exp.o)
 .rodata.ln2HI  0x00000000080154dc        0x8 d:/stm32cubeide_1.10.1/stm32cubeide/plugins/com.st.stm32cube.ide.mcu.externaltools.gnu-tools-for-stm32.10.3-2021.10.win32_1.0.100.202210260954/tools/bin/../lib/gcc/arm-none-eabi/10.3.1/../../../../arm-none-eabi/lib/thumb/v7e-m+fp/hard\libm.a(lib_a-ef_exp.o)
 .rodata.ln2LO  0x00000000080154e4        0x8 d:/stm32cubeide_1.10.1/stm32cubeide/plugins/com.st.stm32cube.ide.mcu.externaltools.gnu-tools-for-stm32.10.3-2021.10.win32_1.0.100.202210260954/tools/bin/../lib/gcc/arm-none-eabi/10.3.1/../../../../arm-none-eabi/lib/thumb/v7e-m+fp/hard\libm.a(lib_a-ef_exp.o)
                0x00000000080154ec                . = ALIGN (0x4)

.ARM.extab      0x00000000080154ec        0x0
                0x00000000080154ec                . = ALIGN (0x4)
 *(.ARM.extab* .gnu.linkonce.armextab.*)
                0x00000000080154ec                . = ALIGN (0x4)

.ARM            0x00000000080154ec        0x8
                0x00000000080154ec                . = ALIGN (0x4)
                0x00000000080154ec                __exidx_start = .
 *(.ARM.exidx*)
 .ARM.exidx     0x00000000080154ec        0x8 d:/stm32cubeide_1.10.1/stm32cubeide/plugins/com.st.stm32cube.ide.mcu.externaltools.gnu-tools-for-stm32.10.3-2021.10.win32_1.0.100.202210260954/tools/bin/../lib/gcc/arm-none-eabi/10.3.1/thumb/v7e-m+fp/hard\libgcc.a(_udivmoddi4.o)
                0x00000000080154f4                __exidx_end = .
                0x00000000080154f4                . = ALIGN (0x4)

.rel.dyn        0x00000000080154f4        0x0
 .rel.iplt      0x00000000080154f4        0x0 d:/stm32cubeide_1.10.1/stm32cubeide/plugins/com.st.stm32cube.ide.mcu.externaltools.gnu-tools-for-stm32.10.3-2021.10.win32_1.0.100.202210260954/tools/bin/../lib/gcc/arm-none-eabi/10.3.1/thumb/v7e-m+fp/hard/crtbegin.o

.preinit_array  0x00000000080154f4        0x0
                0x00000000080154f4                . = ALIGN (0x4)
                0x00000000080154f4                PROVIDE (__preinit_array_start = .)
 *(.preinit_array*)
                0x00000000080154f4                PROVIDE (__preinit_array_end = .)
                0x00000000080154f4                . = ALIGN (0x4)

.init_array     0x00000000080154f4        0x4
                0x00000000080154f4                . = ALIGN (0x4)
                0x00000000080154f4                PROVIDE (__init_array_start = .)
 *(SORT_BY_NAME(.init_array.*))
 *(.init_array*)
 .init_array    0x00000000080154f4        0x4 d:/stm32cubeide_1.10.1/stm32cubeide/plugins/com.st.stm32cube.ide.mcu.externaltools.gnu-tools-for-stm32.10.3-2021.10.win32_1.0.100.202210260954/tools/bin/../lib/gcc/arm-none-eabi/10.3.1/thumb/v7e-m+fp/hard/crtbegin.o
                0x00000000080154f8                PROVIDE (__init_array_end = .)
                0x00000000080154f8                . = ALIGN (0x4)

.fini_array     0x00000000080154f8        0x4
                0x00000000080154f8                . = ALIGN (0x4)
                [!provide]                        PROVIDE (__fini_array_start = .)
 *(SORT_BY_NAME(.fini_array.*))
 *(.fini_array*)
 .fini_array    0x00000000080154f8        0x4 d:/stm32cubeide_1.10.1/stm32cubeide/plugins/com.st.stm32cube.ide.mcu.externaltools.gnu-tools-for-stm32.10.3-2021.10.win32_1.0.100.202210260954/tools/bin/../lib/gcc/arm-none-eabi/10.3.1/thumb/v7e-m+fp/hard/crtbegin.o
                [!provide]                        PROVIDE (__fini_array_end = .)
                0x00000000080154fc                . = ALIGN (0x4)
                0x00000000080154fc                _sidata = LOADADDR (.data)

.data           0x0000000020000000      0x870 load address 0x00000000080154fc
                0x0000000020000000                . = ALIGN (0x4)
                0x0000000020000000                _sdata = .
 *(.data)
 *(.data*)
 .data.SystemCoreClock
                0x0000000020000000        0x4 ./Core/Src/system_stm32f4xx.o
                0x0000000020000000                SystemCoreClock
 .data.uwTickPrio
                0x0000000020000004        0x4 ./Drivers/STM32F4xx_HAL_Driver/Src/stm32f4xx_hal.o
                0x0000000020000004                uwTickPrio